Component: ARM Compiler 5.06 update 6 (build 750) Tool: armlink [4d35ed]

==============================================================================

Section Cross References

    startup_stm32f103xb.o(RESET) refers to startup_stm32f103xb.o(STACK) for __initial_sp
    startup_stm32f103xb.o(RESET) refers to startup_stm32f103xb.o(.text) for Reset_Handler
    startup_stm32f103xb.o(RESET) refers to stm32f1xx_it.o(i.NMI_Handler) for NMI_Handler
    startup_stm32f103xb.o(RESET) refers to stm32f1xx_it.o(i.HardFault_Handler) for HardFault_Handler
    startup_stm32f103xb.o(RESET) refers to stm32f1xx_it.o(i.MemManage_Handler) for MemManage_Handler
    startup_stm32f103xb.o(RESET) refers to stm32f1xx_it.o(i.BusFault_Handler) for BusFault_Handler
    startup_stm32f103xb.o(RESET) refers to stm32f1xx_it.o(i.UsageFault_Handler) for UsageFault_Handler
    startup_stm32f103xb.o(RESET) refers to port.o(.emb_text) for SVC_Handler
    startup_stm32f103xb.o(RESET) refers to stm32f1xx_it.o(i.DebugMon_Handler) for DebugMon_Handler
    startup_stm32f103xb.o(RESET) refers to port.o(i.SysTick_Handler) for SysTick_Handler
    startup_stm32f103xb.o(RESET) refers to stm32f1xx_it.o(i.DMA1_Channel1_IRQHandler) for DMA1_Channel1_IRQHandler
    startup_stm32f103xb.o(RESET) refers to stm32f1xx_it.o(i.DMA1_Channel2_IRQHandler) for DMA1_Channel2_IRQHandler
    startup_stm32f103xb.o(RESET) refers to stm32f1xx_it.o(i.DMA1_Channel3_IRQHandler) for DMA1_Channel3_IRQHandler
    startup_stm32f103xb.o(RESET) refers to stm32f1xx_it.o(i.TIM1_UP_IRQHandler) for TIM1_UP_IRQHandler
    startup_stm32f103xb.o(RESET) refers to stm32f1xx_it.o(i.SPI1_IRQHandler) for SPI1_IRQHandler
    startup_stm32f103xb.o(.text) refers to system_stm32f1xx.o(i.SystemInit) for SystemInit
    startup_stm32f103xb.o(.text) refers to entry.o(.ARM.Collect$$$$00000000) for __main
    main.o(i.HAL_TIM_PeriodElapsedCallback) refers to stm32f1xx_hal.o(i.HAL_IncTick) for HAL_IncTick
    main.o(i.MX_ADC1_Init) refers to stm32f1xx_hal_adc.o(i.HAL_ADC_Init) for HAL_ADC_Init
    main.o(i.MX_ADC1_Init) refers to stm32f1xx_hal_adc.o(i.HAL_ADC_ConfigChannel) for HAL_ADC_ConfigChannel
    main.o(i.MX_ADC1_Init) refers to main.o(.bss) for .bss
    main.o(i.MX_GPIO_Init) refers to stm32f1xx_hal_gpio.o(i.HAL_GPIO_WritePin) for HAL_GPIO_WritePin
    main.o(i.MX_GPIO_Init) refers to stm32f1xx_hal_gpio.o(i.HAL_GPIO_Init) for HAL_GPIO_Init
    main.o(i.MX_SPI1_Init) refers to stm32f1xx_hal_spi.o(i.HAL_SPI_Init) for HAL_SPI_Init
    main.o(i.MX_SPI1_Init) refers to main.o(.bss) for .bss
    main.o(i.MX_TIM2_Init) refers to memseta.o(.text) for __aeabi_memclr4
    main.o(i.MX_TIM2_Init) refers to stm32f1xx_hal_tim.o(i.HAL_TIM_PWM_Init) for HAL_TIM_PWM_Init
    main.o(i.MX_TIM2_Init) refers to stm32f1xx_hal_tim_ex.o(i.HAL_TIMEx_MasterConfigSynchronization) for HAL_TIMEx_MasterConfigSynchronization
    main.o(i.MX_TIM2_Init) refers to stm32f1xx_hal_tim.o(i.HAL_TIM_PWM_ConfigChannel) for HAL_TIM_PWM_ConfigChannel
    main.o(i.MX_TIM2_Init) refers to stm32f1xx_hal_msp.o(i.HAL_TIM_MspPostInit) for HAL_TIM_MspPostInit
    main.o(i.MX_TIM2_Init) refers to main.o(.bss) for .bss
    main.o(i.MX_TIM3_Init) refers to memseta.o(.text) for __aeabi_memclr4
    main.o(i.MX_TIM3_Init) refers to stm32f1xx_hal_tim.o(i.HAL_TIM_PWM_Init) for HAL_TIM_PWM_Init
    main.o(i.MX_TIM3_Init) refers to stm32f1xx_hal_tim_ex.o(i.HAL_TIMEx_MasterConfigSynchronization) for HAL_TIMEx_MasterConfigSynchronization
    main.o(i.MX_TIM3_Init) refers to stm32f1xx_hal_tim.o(i.HAL_TIM_PWM_ConfigChannel) for HAL_TIM_PWM_ConfigChannel
    main.o(i.MX_TIM3_Init) refers to stm32f1xx_hal_msp.o(i.HAL_TIM_MspPostInit) for HAL_TIM_MspPostInit
    main.o(i.MX_TIM3_Init) refers to main.o(.bss) for .bss
    main.o(i.MX_TIM4_Init) refers to memseta.o(.text) for __aeabi_memclr4
    main.o(i.MX_TIM4_Init) refers to stm32f1xx_hal_tim.o(i.HAL_TIM_PWM_Init) for HAL_TIM_PWM_Init
    main.o(i.MX_TIM4_Init) refers to stm32f1xx_hal_tim_ex.o(i.HAL_TIMEx_MasterConfigSynchronization) for HAL_TIMEx_MasterConfigSynchronization
    main.o(i.MX_TIM4_Init) refers to stm32f1xx_hal_tim.o(i.HAL_TIM_PWM_ConfigChannel) for HAL_TIM_PWM_ConfigChannel
    main.o(i.MX_TIM4_Init) refers to stm32f1xx_hal_msp.o(i.HAL_TIM_MspPostInit) for HAL_TIM_MspPostInit
    main.o(i.MX_TIM4_Init) refers to main.o(.bss) for .bss
    main.o(i.StartDefaultTask) refers to stm32f1xx_hal_adc.o(i.HAL_ADC_Start_DMA) for HAL_ADC_Start_DMA
    main.o(i.StartDefaultTask) refers to stm32f1xx_hal_tim.o(i.HAL_TIM_PWM_Start) for HAL_TIM_PWM_Start
    main.o(i.StartDefaultTask) refers to memcpya.o(.text) for __aeabi_memcpy4
    main.o(i.StartDefaultTask) refers to main.o(i.joysticTransmition) for joysticTransmition
    main.o(i.StartDefaultTask) refers to cmsis_os2.o(i.osDelay) for osDelay
    main.o(i.StartDefaultTask) refers to stm32f1xx_hal_gpio.o(i.HAL_GPIO_WritePin) for HAL_GPIO_WritePin
[...]
    ../Drivers/STM32F1xx_HAL_Driver/Src/stm32f1xx_hal_adc_ex.c 0x00000000   Number         0  stm32f1xx_hal_adc_ex.o ABSOLUTE
    ../Drivers/STM32F1xx_HAL_Driver/Src/stm32f1xx_hal_cortex.c 0x00000000   Number         0  stm32f1xx_hal_cortex.o ABSOLUTE
    ../Drivers/STM32F1xx_HAL_Driver/Src/stm32f1xx_hal_dma.c 0x00000000   Number         0  stm32f1xx_hal_dma.o ABSOLUTE
    ../Drivers/STM32F1xx_HAL_Driver/Src/stm32f1xx_hal_exti.c 0x00000000   Number         0  stm32f1xx_hal_exti.o ABSOLUTE
    ../Drivers/STM32F1xx_HAL_Driver/Src/stm32f1xx_hal_flash.c 0x00000000   Number         0  stm32f1xx_hal_flash.o ABSOLUTE
    ../Drivers/STM32F1xx_HAL_Driver/Src/stm32f1xx_hal_flash_ex.c 0x00000000   Number         0  stm32f1xx_hal_flash_ex.o ABSOLUTE
    ../Drivers/STM32F1xx_HAL_Driver/Src/stm32f1xx_hal_gpio.c 0x00000000   Number         0  stm32f1xx_hal_gpio.o ABSOLUTE
    ../Drivers/STM32F1xx_HAL_Driver/Src/stm32f1xx_hal_gpio_ex.c 0x00000000   Number         0  stm32f1xx_hal_gpio_ex.o ABSOLUTE
    ../Drivers/STM32F1xx_HAL_Driver/Src/stm32f1xx_hal_pwr.c 0x00000000   Number         0  stm32f1xx_hal_pwr.o ABSOLUTE
    ../Drivers/STM32F1xx_HAL_Driver/Src/stm32f1xx_hal_rcc.c 0x00000000   Number         0  stm32f1xx_hal_rcc.o ABSOLUTE
    ../Drivers/STM32F1xx_HAL_Driver/Src/stm32f1xx_hal_rcc_ex.c 0x00000000   Number         0  stm32f1xx_hal_rcc_ex.o ABSOLUTE
    ../Drivers/STM32F1xx_HAL_Driver/Src/stm32f1xx_hal_spi.c 0x00000000   Number         0  stm32f1xx_hal_spi.o ABSOLUTE
    ../Drivers/STM32F1xx_HAL_Driver/Src/stm32f1xx_hal_tim.c 0x00000000   Number         0  stm32f1xx_hal_tim.o ABSOLUTE
    ../Drivers/STM32F1xx_HAL_Driver/Src/stm32f1xx_hal_tim_ex.c 0x00000000   Number         0  stm32f1xx_hal_tim_ex.o ABSOLUTE
    ../Middlewares/Third_Party/FreeRTOS/Source/CMSIS_RTOS_V2/cmsis_os2.c 0x00000000   Number         0  cmsis_os2.o ABSOLUTE
    ../Middlewares/Third_Party/FreeRTOS/Source/croutine.c 0x00000000   Number         0  croutine.o ABSOLUTE
    ../Middlewares/Third_Party/FreeRTOS/Source/event_groups.c 0x00000000   Number         0  event_groups.o ABSOLUTE
    ../Middlewares/Third_Party/FreeRTOS/Source/list.c 0x00000000   Number         0  list.o ABSOLUTE
    ../Middlewares/Third_Party/FreeRTOS/Source/portable/MemMang/heap_4.c 0x00000000   Number         0  heap_4.o ABSOLUTE
    ../Middlewares/Third_Party/FreeRTOS/Source/portable/RVDS/ARM_CM3/port.c 0x00000000   Number         0  port.o ABSOLUTE
    ../Middlewares/Third_Party/FreeRTOS/Source/queue.c 0x00000000   Number         0  queue.o ABSOLUTE
    ../Middlewares/Third_Party/FreeRTOS/Source/stream_buffer.c 0x00000000   Number         0  stream_buffer.o ABSOLUTE
    ../Middlewares/Third_Party/FreeRTOS/Source/tasks.c 0x00000000   Number         0  tasks.o ABSOLUTE
    ../Middlewares/Third_Party/FreeRTOS/Source/timers.c 0x00000000   Number         0  timers.o ABSOLUTE
    ../clib/microlib/init/entry.s            0x00000000   Number         0  entry2.o ABSOLUTE
    ../clib/microlib/init/entry.s            0x00000000   Number         0  entry5.o ABSOLUTE
    ../clib/microlib/init/entry.s            0x00000000   Number         0  entry7a.o ABSOLUTE
    ../clib/microlib/init/entry.s            0x00000000   Number         0  entry7b.o ABSOLUTE
    ../clib/microlib/init/entry.s            0x00000000   Number         0  entry9b.o ABSOLUTE
    ../clib/microlib/init/entry.s            0x00000000   Number         0  entry8a.o ABSOLUTE
    ../clib/microlib/init/entry.s            0x00000000   Number         0  entry8b.o ABSOLUTE
    ../clib/microlib/init/entry.s            0x00000000   Number         0  entry9a.o ABSOLUTE
    ../clib/microlib/init/entry.s            0x00000000   Number         0  entry10a.o ABSOLUTE
    ../clib/microlib/init/entry.s            0x00000000   Number         0  entry.o ABSOLUTE
    ../clib/microlib/init/entry.s            0x00000000   Number         0  entry10b.o ABSOLUTE
    ../clib/microlib/init/entry.s            0x00000000   Number         0  entry11a.o ABSOLUTE
    ../clib/microlib/init/entry.s            0x00000000   Number         0  entry11b.o ABSOLUTE
    ../clib/microlib/longlong.c              0x00000000   Number         0  llushr.o ABSOLUTE
    ../clib/microlib/string/memcpy.c         0x00000000   Number         0  memcpyb.o ABSOLUTE
    ../clib/microlib/string/memcpy.c         0x00000000   Number         0  memcpya.o ABSOLUTE
    ../clib/microlib/string/memset.c         0x00000000   Number         0  memseta.o ABSOLUTE
    ../clib/microlib/string/memset.c         0x00000000   Number         0  memset.o ABSOLUTE
    ..\Core\Src\freertos.c                   0x00000000   Number         0  freertos.o ABSOLUTE
    ..\Core\Src\main.c                       0x00000000   Number         0  main.o ABSOLUTE
    ..\Core\Src\stm32f1xx_hal_msp.c          0x00000000   Number         0  stm32f1xx_hal_msp.o ABSOLUTE
    ..\Core\Src\stm32f1xx_hal_timebase_tim.c 0x00000000   Number         0  stm32f1xx_hal_timebase_tim.o ABSOLUTE
    ..\Core\Src\stm32f1xx_it.c               0x00000000   Number         0  stm32f1xx_it.o ABSOLUTE
    ..\Core\Src\system_stm32f1xx.c           0x00000000   Number         0  system_stm32f1xx.o ABSOLUTE
    ..\Drivers\STM32F1xx_HAL_Driver\Src\stm32f1xx_hal.c 0x00000000   Number         0  stm32f1xx_hal.o ABSOLUTE
    ..\Drivers\STM32F1xx_HAL_Driver\Src\stm32f1xx_hal_adc.c 0x00000000   Number         0  stm32f1xx_hal_adc.o ABSOLUTE
    ..\Drivers\STM32F1xx_HAL_Driver\Src\stm32f1xx_hal_adc_ex.c 0x00000000   Number         0  stm32f1xx_hal_adc_ex.o ABSOLUTE
    ..\Drivers\STM32F1xx_HAL_Driver\Src\stm32f1xx_hal_cortex.c 0x00000000   Number         0  stm32f1xx_hal_cortex.o ABSOLUTE
    ..\Drivers\STM32F1xx_HAL_Driver\Src\stm32f1xx_hal_dma.c 0x00000000   Number         0  stm32f1xx_hal_dma.o ABSOLUTE
    ..\Drivers\STM32F1xx_HAL_Driver\Src\stm32f1xx_hal_exti.c 0x00000000   Number         0  stm32f1xx_hal_exti.o ABSOLUTE
    ..\Drivers\STM32F1xx_HAL_Driver\Src\stm32f1xx_hal_flash.c 0x00000000   Number         0  stm32f1xx_hal_flash.o ABSOLUTE
    ..\Drivers\STM32F1xx_HAL_Driver\Src\stm32f1xx_hal_flash_ex.c 0x00000000   Number         0  stm32f1xx_hal_flash_ex.o ABSOLUTE
    ..\Drivers\STM32F1xx_HAL_Driver\Src\stm32f1xx_hal_gpio.c 0x00000000   Number         0  stm32f1xx_hal_gpio.o ABSOLUTE
    ..\Drivers\STM32F1xx_HAL_Driver\Src\stm32f1xx_hal_gpio_ex.c 0x00000000   Number         0  stm32f1xx_hal_gpio_ex.o ABSOLUTE
    ..\Drivers\STM32F1xx_HAL_Driver\Src\stm32f1xx_hal_pwr.c 0x00000000   Number         0  stm32f1xx_hal_pwr.o ABSOLUTE
    ..\Drivers\STM32F1xx_HAL_Driver\Src\stm32f1xx_hal_rcc.c 0x00000000   Number         0  stm32f1xx_hal_rcc.o ABSOLUTE
    ..\Drivers\STM32F1xx_HAL_Driver\Src\stm32f1xx_hal_rcc_ex.c 0x00000000   Number         0  stm32f1xx_hal_rcc_ex.o ABSOLUTE
    ..\Drivers\STM32F1xx_HAL_Driver\Src\stm32f1xx_hal_spi.c 0x00000000   Number         0  stm32f1xx_hal_spi.o ABSOLUTE
    ..\Drivers\STM32F1xx_HAL_Driver\Src\stm32f1xx_hal_tim.c 0x00000000   Number         0  stm32f1xx_hal_tim.o ABSOLUTE
    ..\Drivers\STM32F1xx_HAL_Driver\Src\stm32f1xx_hal_tim_ex.c 0x00000000   Number         0  stm32f1xx_hal_tim_ex.o ABSOLUTE
    ..\Middlewares\Third_Party\FreeRTOS\Source\CMSIS_RTOS_V2\cmsis_os2.c 0x00000000   Number         0  cmsis_os2.o ABSOLUTE
    ..\Middlewares\Third_Party\FreeRTOS\Source\portable\RVDS\ARM_CM3\port.c 0x00000000   Number         0  port.o ABSOLUTE
    dc.s                                     0x00000000   Number         0  dc.o ABSOLUTE
    handlers.s                               0x00000000   Number         0  handlers.o ABSOLUTE
    init.s                                   0x00000000   Number         0  init.o ABSOLUTE
    startup_stm32f103xb.s                    0x00000000   Number         0  startup_stm32f103xb.o ABSOLUTE
    RESET                                    0x08000000   Section      236  startup_stm32f103xb.o(RESET)
    .ARM.Collect$$$$00000000                 0x080000ec   Section        0  entry.o(.ARM.Collect$$$$00000000)
    .ARM.Collect$$$$00000001                 0x080000ec   Section        4  entry2.o(.ARM.Collect$$$$00000001)
    .ARM.Collect$$$$00000004                 0x080000f0   Section        4  entry5.o(.ARM.Collect$$$$00000004)
    .ARM.Collect$$$$00000008                 0x080000f4   Section        0  entry7b.o(.ARM.Collect$$$$00000008)
    .ARM.Collect$$$$0000000A                 0x080000f4   Section        0  entry8b.o(.ARM.Collect$$$$0000000A)
    .ARM.Collect$$$$0000000B                 0x080000f4   Section        8  entry9a.o(.ARM.Collect$$$$0000000B)
    .ARM.Collect$$$$0000000D                 0x080000fc   Section        0  entry10a.o(.ARM.Collect$$$$0000000D)
    .ARM.Collect$$$$0000000F                 0x080000fc   Section        0  entry11a.o(.ARM.Collect$$$$0000000F)
    .ARM.Collect$$$$00002712                 0x080000fc   Section        4  entry2.o(.ARM.Collect$$$$00002712)
    __lit__00000000                          0x080000fc   Data           4  entry2.o(.ARM.Collect$$$$00002712)
    .emb_text                                0x08000100   Section      150  port.o(.emb_text)
    .text                                    0x08000198   Section       36  startup_stm32f103xb.o(.text)
    .text                                    0x080001bc   Section        0  memcpya.o(.text)
    .text                                    0x080001e0   Section        0  memseta.o(.text)
    .text                                    0x08000204   Section       36  init.o(.text)
    i.ADC_ConversionStop_Disable             0x08000228   Section        0  stm32f1xx_hal_adc.o(i.ADC_ConversionStop_Disable)
    i.ADC_DMAConvCplt                        0x08000274   Section        0  stm32f1xx_hal_adc.o(i.ADC_DMAConvCplt)
    i.ADC_DMAError                           0x080002c2   Section        0  stm32f1xx_hal_adc.o(i.ADC_DMAError)
    i.ADC_DMAHalfConvCplt                    0x080002dc   Section        0  stm32f1xx_hal_adc.o(i.ADC_DMAHalfConvCplt)
    i.ADC_Enable                             0x080002e8   Section        0  stm32f1xx_hal_adc.o(i.ADC_Enable)
    i.BusFault_Handler                       0x08000358   Section        0  stm32f1xx_it.o(i.BusFault_Handler)
    i.Callback01                             0x0800035a   Section        0  main.o(i.Callback01)
    i.DMA1_Channel1_IRQHandler               0x0800035c   Section        0  stm32f1xx_it.o(i.DMA1_Channel1_IRQHandler)
    i.DMA1_Channel2_IRQHandler               0x08000368   Section        0  stm32f1xx_it.o(i.DMA1_Channel2_IRQHandler)
    i.DMA1_Channel3_IRQHandler               0x08000374   Section        0  stm32f1xx_it.o(i.DMA1_Channel3_IRQHandler)
    i.DMA_SetConfig                          0x08000380   Section        0  stm32f1xx_hal_dma.o(i.DMA_SetConfig)
    DMA_SetConfig                            0x08000381   Thumb Code    42  stm32f1xx_hal_dma.o(i.DMA_SetConfig)
    i.DebugMon_Handler                       0x080003aa   Section        0  stm32f1xx_it.o(i.DebugMon_Handler)
    i.Error_Handler                          0x080003ac   Section        0  main.o(i.Error_Handler)
    i.HAL_ADC_ConfigChannel                  0x080003b0   Section        0  stm32f1xx_hal_adc.o(i.HAL_ADC_ConfigChannel)
    i.HAL_ADC_ConvCpltCallback               0x080004ac   Section        0  stm32f1xx_hal_adc.o(i.HAL_ADC_ConvCpltCallback)
    i.HAL_ADC_ConvHalfCpltCallback           0x080004ae   Section        0  stm32f1xx_hal_adc.o(i.HAL_ADC_ConvHalfCpltCallback)
    i.HAL_ADC_ErrorCallback                  0x080004b0   Section        0  stm32f1xx_hal_adc.o(i.HAL_ADC_ErrorCallback)
    i.HAL_ADC_Init                           0x080004b4   Section        0  stm32f1xx_hal_adc.o(i.HAL_ADC_Init)
    i.HAL_ADC_MspInit                        0x080005d0   Section        0  stm32f1xx_hal_msp.o(i.HAL_ADC_MspInit)
    i.HAL_ADC_Start_DMA                      0x08000660   Section        0  stm32f1xx_hal_adc.o(i.HAL_ADC_Start_DMA)
    i.HAL_DMA_Abort_IT                       0x0800076c   Section        0  stm32f1xx_hal_dma.o(i.HAL_DMA_Abort_IT)
    i.HAL_DMA_IRQHandler                     0x08000804   Section        0  stm32f1xx_hal_dma.o(i.HAL_DMA_IRQHandler)
    i.HAL_DMA_Init                           0x08000958   Section        0  stm32f1xx_hal_dma.o(i.HAL_DMA_Init)
    i.HAL_DMA_Start_IT                       0x080009b4   Section        0  stm32f1xx_hal_dma.o(i.HAL_DMA_Start_IT)
    i.HAL_GPIO_Init                          0x08000a24   Section        0  stm32f1xx_hal_gpio.o(i.HAL_GPIO_Init)
    i.HAL_GPIO_WritePin                      0x08000c04   Section        0  stm32f1xx_hal_gpio.o(i.HAL_GPIO_WritePin)
    i.HAL_GetTick                            0x08000c10   Section        0  stm32f1xx_hal.o(i.HAL_GetTick)
    i.HAL_IncTick                            0x08000c1c   Section        0  stm32f1xx_hal.o(i.HAL_IncTick)
    i.HAL_Init                               0x08000c2c   Section        0  stm32f1xx_hal.o(i.HAL_Init)
    i.HAL_InitTick                           0x08000c50   Section        0  stm32f1xx_hal_timebase_tim.o(i.HAL_InitTick)
    i.HAL_MspInit                            0x08000cc4   Section        0  stm32f1xx_hal_msp.o(i.HAL_MspInit)
    i.HAL_NVIC_EnableIRQ                     0x08000d0c   Section        0  stm32f1xx_hal_cortex.o(i.HAL_NVIC_EnableIRQ)
    i.HAL_NVIC_SetPriority                   0x08000d28   Section        0  stm32f1xx_hal_cortex.o(i.HAL_NVIC_SetPriority)
    i.HAL_NVIC_SetPriorityGrouping           0x08000d68   Section        0  stm32f1xx_hal_cortex.o(i.HAL_NVIC_SetPriorityGrouping)
    i.HAL_RCCEx_PeriphCLKConfig              0x08000d8c   Section        0  stm32f1xx_hal_rcc_ex.o(i.HAL_RCCEx_PeriphCLKConfig)
    i.HAL_RCC_ClockConfig                    0x08000e78   Section        0  stm32f1xx_hal_rcc.o(i.HAL_RCC_ClockConfig)
    i.HAL_RCC_GetClockConfig                 0x08000fa4   Section        0  stm32f1xx_hal_rcc.o(i.HAL_RCC_GetClockConfig)
    i.HAL_RCC_GetPCLK2Freq                   0x08000fe4   Section        0  stm32f1xx_hal_rcc.o(i.HAL_RCC_GetPCLK2Freq)
    i.HAL_RCC_GetSysClockFreq                0x08001004   Section        0  stm32f1xx_hal_rcc.o(i.HAL_RCC_GetSysClockFreq)
    i.HAL_RCC_OscConfig                      0x08001070   Section        0  stm32f1xx_hal_rcc.o(i.HAL_RCC_OscConfig)
    i.HAL_SPI_ErrorCallback                  0x08001390   Section        0  stm32f1xx_hal_spi.o(i.HAL_SPI_ErrorCallback)
    i.HAL_SPI_IRQHandler                     0x08001394   Section        0  stm32f1xx_hal_spi.o(i.HAL_SPI_IRQHandler)
    i.HAL_SPI_Init                           0x08001474   Section        0  stm32f1xx_hal_spi.o(i.HAL_SPI_Init)
    i.HAL_SPI_MspInit                        0x080014f0   Section        0  stm32f1xx_hal_msp.o(i.HAL_SPI_MspInit)
    i.HAL_SPI_TransmitReceive                0x080015c8   Section        0  stm32f1xx_hal_spi.o(i.HAL_SPI_TransmitReceive)
    i.HAL_TIMEx_BreakCallback                0x080017aa   Section        0  stm32f1xx_hal_tim_ex.o(i.HAL_TIMEx_BreakCallback)
    i.HAL_TIMEx_CommutCallback               0x080017ac   Section        0  stm32f1xx_hal_tim_ex.o(i.HAL_TIMEx_CommutCallback)
    i.HAL_TIMEx_MasterConfigSynchronization  0x080017ae   Section        0  stm32f1xx_hal_tim_ex.o(i.HAL_TIMEx_MasterConfigSynchronization)
    i.HAL_TIM_Base_Init                      0x080017f0   Section        0  stm32f1xx_hal_tim.o(i.HAL_TIM_Base_Init)
    i.HAL_TIM_Base_MspInit                   0x08001826   Section        0  stm32f1xx_hal_tim.o(i.HAL_TIM_Base_MspInit)
    i.HAL_TIM_Base_Start_IT                  0x08001828   Section        0  stm32f1xx_hal_tim.o(i.HAL_TIM_Base_Start_IT)
    i.HAL_TIM_IC_CaptureCallback             0x0800184a   Section        0  stm32f1xx_hal_tim.o(i.HAL_TIM_IC_CaptureCallback)
    i.HAL_TIM_IRQHandler                     0x0800184c   Section        0  stm32f1xx_hal_tim.o(i.HAL_TIM_IRQHandler)
    i.HAL_TIM_MspPostInit                    0x080019b4   Section        0  stm32f1xx_hal_msp.o(i.HAL_TIM_MspPostInit)
    i.HAL_TIM_OC_DelayElapsedCallback        0x08001a68   Section        0  stm32f1xx_hal_tim.o(i.HAL_TIM_OC_DelayElapsedCallback)
    i.HAL_TIM_PWM_ConfigChannel              0x08001a6a   Section        0  stm32f1xx_hal_tim.o(i.HAL_TIM_PWM_ConfigChannel)
    i.HAL_TIM_PWM_Init                       0x08001b3a   Section        0  stm32f1xx_hal_tim.o(i.HAL_TIM_PWM_Init)
    i.HAL_TIM_PWM_MspInit                    0x08001b70   Section        0  stm32f1xx_hal_msp.o(i.HAL_TIM_PWM_MspInit)
    i.HAL_TIM_PWM_PulseFinishedCallback      0x08001bc8   Section        0  stm32f1xx_hal_tim.o(i.HAL_TIM_PWM_PulseFinishedCallback)
    i.HAL_TIM_PWM_Start                      0x08001bcc   Section        0  stm32f1xx_hal_tim.o(i.HAL_TIM_PWM_Start)
    i.HAL_TIM_PWM_Stop                       0x08001c04   Section        0  stm32f1xx_hal_tim.o(i.HAL_TIM_PWM_Stop)
    i.HAL_TIM_PeriodElapsedCallback          0x08001c58   Section        0  main.o(i.HAL_TIM_PeriodElapsedCallback)
    i.HAL_TIM_TriggerCallback                0x08001c6c   Section        0  stm32f1xx_hal_tim.o(i.HAL_TIM_TriggerCallback)
    i.HardFault_Handler                      0x08001c6e   Section        0  stm32f1xx_it.o(i.HardFault_Handler)
    i.MX_ADC1_Init                           0x08001c70   Section        0  main.o(i.MX_ADC1_Init)
    MX_ADC1_Init                             0x08001c71   Thumb Code    74  main.o(i.MX_ADC1_Init)
    i.MX_GPIO_Init                           0x08001cc4   Section        0  main.o(i.MX_GPIO_Init)
    MX_GPIO_Init                             0x08001cc5   Thumb Code   188  main.o(i.MX_GPIO_Init)
    i.MX_SPI1_Init                           0x08001d90   Section        0  main.o(i.MX_SPI1_Init)
    MX_SPI1_Init                             0x08001d91   Thumb Code    50  main.o(i.MX_SPI1_Init)
    i.MX_TIM2_Init                           0x08001dcc   Section        0  main.o(i.MX_TIM2_Init)
    MX_TIM2_Init                             0x08001dcd   Thumb Code    92  main.o(i.MX_TIM2_Init)
    i.MX_TIM3_Init                           0x08001e2c   Section        0  main.o(i.MX_TIM3_Init)
    MX_TIM3_Init                             0x08001e2d   Thumb Code   110  main.o(i.MX_TIM3_Init)
    i.MX_TIM4_Init                           0x08001ea4   Section        0  main.o(i.MX_TIM4_Init)
    MX_TIM4_Init                             0x08001ea5   Thumb Code    90  main.o(i.MX_TIM4_Init)
    i.MemManage_Handler                      0x08001f08   Section        0  stm32f1xx_it.o(i.MemManage_Handler)
    i.NMI_Handler                            0x08001f0a   Section        0  stm32f1xx_it.o(i.NMI_Handler)
    i.SPI1_IRQHandler                        0x08001f0c   Section        0  stm32f1xx_it.o(i.SPI1_IRQHandler)
    i.SPI_DMAAbortOnError                    0x08001f18   Section        0  stm32f1xx_hal_spi.o(i.SPI_DMAAbortOnError)
    SPI_DMAAbortOnError                      0x08001f19   Thumb Code    16  stm32f1xx_hal_spi.o(i.SPI_DMAAbortOnError)
    i.SPI_EndRxTxTransaction                 0x08001f28   Section        0  stm32f1xx_hal_spi.o(i.SPI_EndRxTxTransaction)
    SPI_EndRxTxTransaction                   0x08001f29   Thumb Code    32  stm32f1xx_hal_spi.o(i.SPI_EndRxTxTransaction)
    i.SPI_WaitFlagStateUntilTimeout          0x08001f48   Section        0  stm32f1xx_hal_spi.o(i.SPI_WaitFlagStateUntilTimeout)
    SPI_WaitFlagStateUntilTimeout            0x08001f49   Thumb Code   148  stm32f1xx_hal_spi.o(i.SPI_WaitFlagStateUntilTimeout)
    i.StartDefaultTask                       0x08001fdc   Section        0  main.o(i.StartDefaultTask)
    i.StartTask02                            0x080022dc   Section        0  main.o(i.StartTask02)
    i.SysTick_Handler                        0x0800233c   Section        0  port.o(i.SysTick_Handler)
    i.SystemClock_Config                     0x08002368   Section        0  main.o(i.SystemClock_Config)
    i.SystemInit                             0x080023c8   Section        0  system_stm32f1xx.o(i.SystemInit)
    i.TIM1_UP_IRQHandler                     0x08002410   Section        0  stm32f1xx_it.o(i.TIM1_UP_IRQHandler)
    i.TIM_Base_SetConfig                     0x0800241c   Section        0  stm32f1xx_hal_tim.o(i.TIM_Base_SetConfig)
    i.TIM_CCxChannelCmd                      0x08002488   Section        0  stm32f1xx_hal_tim.o(i.TIM_CCxChannelCmd)
    i.TIM_OC1_SetConfig                      0x080024a4   Section        0  stm32f1xx_hal_tim.o(i.TIM_OC1_SetConfig)
    TIM_OC1_SetConfig                        0x080024a5   Thumb Code    74  stm32f1xx_hal_tim.o(i.TIM_OC1_SetConfig)
    i.TIM_OC2_SetConfig                      0x080024f4   Section        0  stm32f1xx_hal_tim.o(i.TIM_OC2_SetConfig)
    i.TIM_OC3_SetConfig                      0x0800254c   Section        0  stm32f1xx_hal_tim.o(i.TIM_OC3_SetConfig)
    TIM_OC3_SetConfig                        0x0800254d   Thumb Code    82  stm32f1xx_hal_tim.o(i.TIM_OC3_SetConfig)
    i.TIM_OC4_SetConfig                      0x080025a4   Section        0  stm32f1xx_hal_tim.o(i.TIM_OC4_SetConfig)
    TIM_OC4_SetConfig                        0x080025a5   Thumb Code    64  stm32f1xx_hal_tim.o(i.TIM_OC4_SetConfig)
    i.TimerCallback                          0x080025e8   Section        0  cmsis_os2.o(i.TimerCallback)
    TimerCallback                            0x080025e9   Thumb Code    24  cmsis_os2.o(i.TimerCallback)
    i.UsageFault_Handler                     0x08002600   Section        0  stm32f1xx_it.o(i.UsageFault_Handler)
    i.__NVIC_SetPriority                     0x08002602   Section        0  stm32f1xx_hal_cortex.o(i.__NVIC_SetPriority)
    __NVIC_SetPriority                       0x08002603   Thumb Code    32  stm32f1xx_hal_cortex.o(i.__NVIC_SetPriority)
    i.__scatterload_copy                     0x08002622   Section       14  handlers.o(i.__scatterload_copy)
    i.__scatterload_null                     0x08002630   Section        2  handlers.o(i.__scatterload_null)
    i.__scatterload_zeroinit                 0x08002632   Section       14  handlers.o(i.__scatterload_zeroinit)
    i.joysticTrRs                            0x08002640   Section        0  main.o(i.joysticTrRs)
    i.joysticTransmition                     0x08002694   Section        0  main.o(i.joysticTransmition)
    i.main                                   0x080026e4   Section        0  main.o(i.main)
    i.osDelay                                0x080027c0   Section        0  cmsis_os2.o(i.osDelay)
    i.osKernelInitialize                     0x080027f4   Section        0  cmsis_os2.o(i.osKernelInitialize)
    i.osKernelStart                          0x0800282c   Section        0  cmsis_os2.o(i.osKernelStart)
    i.osMessageQueueGet                      0x0800286c   Section        0  cmsis_os2.o(i.osMessageQueueGet)
    i.osMessageQueueNew                      0x080028e8   Section        0  cmsis_os2.o(i.osMessageQueueNew)
    i.osMessageQueuePut                      0x0800295c   Section        0  cmsis_os2.o(i.osMessageQueuePut)
    i.osThreadNew                            0x080029dc   Section        0  cmsis_os2.o(i.osThreadNew)
    i.osTimerNew                             0x08002a80   Section        0  cmsis_os2.o(i.osTimerNew)
    i.prvAddCurrentTaskToDelayedList         0x08002b04   Section        0  tasks.o(i.prvAddCurrentTaskToDelayedList)
    prvAddCurrentTaskToDelayedList           0x08002b05   Thumb Code    84  tasks.o(i.prvAddCurrentTaskToDelayedList)
    i.prvAddNewTaskToReadyList               0x08002b60   Section        0  tasks.o(i.prvAddNewTaskToReadyList)
    prvAddNewTaskToReadyList                 0x08002b61   Thumb Code   190  tasks.o(i.prvAddNewTaskToReadyList)
    i.prvCheckForValidListAndQueue           0x08002c30   Section        0  timers.o(i.prvCheckForValidListAndQueue)
    prvCheckForValidListAndQueue             0x08002c31   Thumb Code    72  timers.o(i.prvCheckForValidListAndQueue)
    i.prvCopyDataFromQueue                   0x08002c88   Section        0  queue.o(i.prvCopyDataFromQueue)
    prvCopyDataFromQueue                     0x08002c89   Thumb Code    38  queue.o(i.prvCopyDataFromQueue)
    i.prvCopyDataToQueue                     0x08002cae   Section        0  queue.o(i.prvCopyDataToQueue)
    prvCopyDataToQueue                       0x08002caf   Thumb Code   108  queue.o(i.prvCopyDataToQueue)
    i.prvDeleteTCB                           0x08002d1a   Section        0  tasks.o(i.prvDeleteTCB)
    prvDeleteTCB                             0x08002d1b   Thumb Code    52  tasks.o(i.prvDeleteTCB)
    i.prvHeapInit                            0x08002d50   Section        0  heap_4.o(i.prvHeapInit)
    prvHeapInit                              0x08002d51   Thumb Code    66  heap_4.o(i.prvHeapInit)
    i.prvIdleTask                            0x08002d9c   Section        0  tasks.o(i.prvIdleTask)
    prvIdleTask                              0x08002d9d   Thumb Code    82  tasks.o(i.prvIdleTask)
    i.prvInitialiseNewQueue                  0x08002dfc   Section        0  queue.o(i.prvInitialiseNewQueue)
    prvInitialiseNewQueue                    0x08002dfd   Thumb Code    34  queue.o(i.prvInitialiseNewQueue)
    i.prvInitialiseNewTask                   0x08002e1e   Section        0  tasks.o(i.prvInitialiseNewTask)
    prvInitialiseNewTask                     0x08002e1f   Thumb Code   156  tasks.o(i.prvInitialiseNewTask)
    i.prvInitialiseNewTimer                  0x08002eba   Section        0  timers.o(i.prvInitialiseNewTimer)
    prvInitialiseNewTimer                    0x08002ebb   Thumb Code    68  timers.o(i.prvInitialiseNewTimer)
    i.prvInsertBlockIntoFreeList             0x08002f00   Section        0  heap_4.o(i.prvInsertBlockIntoFreeList)
    prvInsertBlockIntoFreeList               0x08002f01   Thumb Code    72  heap_4.o(i.prvInsertBlockIntoFreeList)
    i.prvInsertTimerInActiveList             0x08002f4c   Section        0  timers.o(i.prvInsertTimerInActiveList)
    prvInsertTimerInActiveList               0x08002f4d   Thumb Code    52  timers.o(i.prvInsertTimerInActiveList)
    i.prvIsQueueEmpty                        0x08002f84   Section        0  queue.o(i.prvIsQueueEmpty)
    prvIsQueueEmpty                          0x08002f85   Thumb Code    28  queue.o(i.prvIsQueueEmpty)
    i.prvProcessReceivedCommands             0x08002fa0   Section        0  timers.o(i.prvProcessReceivedCommands)
    prvProcessReceivedCommands               0x08002fa1   Thumb Code   198  timers.o(i.prvProcessReceivedCommands)
    i.prvProcessTimerOrBlockTask             0x0800306c   Section        0  timers.o(i.prvProcessTimerOrBlockTask)
    prvProcessTimerOrBlockTask               0x0800306d   Thumb Code   172  timers.o(i.prvProcessTimerOrBlockTask)
    i.prvResetNextTaskUnblockTime            0x08003120   Section        0  tasks.o(i.prvResetNextTaskUnblockTime)
    prvResetNextTaskUnblockTime              0x08003121   Thumb Code    26  tasks.o(i.prvResetNextTaskUnblockTime)
    i.prvSampleTimeNow                       0x08003140   Section        0  timers.o(i.prvSampleTimeNow)
    prvSampleTimeNow                         0x08003141   Thumb Code    36  timers.o(i.prvSampleTimeNow)
    i.prvSwitchTimerLists                    0x08003168   Section        0  timers.o(i.prvSwitchTimerLists)
    prvSwitchTimerLists                      0x08003169   Thumb Code   102  timers.o(i.prvSwitchTimerLists)
    i.prvTaskExitError                       0x080031d4   Section        0  port.o(i.prvTaskExitError)
    prvTaskExitError                         0x080031d5   Thumb Code    36  port.o(i.prvTaskExitError)
    i.prvTimerTask                           0x080031fc   Section        0  timers.o(i.prvTimerTask)
    prvTimerTask                             0x080031fd   Thumb Code    32  timers.o(i.prvTimerTask)
    i.prvUnlockQueue                         0x08003220   Section        0  queue.o(i.prvUnlockQueue)
    prvUnlockQueue                           0x08003221   Thumb Code   106  queue.o(i.prvUnlockQueue)
    i.pvPortMalloc                           0x0800328c   Section        0  heap_4.o(i.pvPortMalloc)
    i.pvTimerGetTimerID                      0x08003364   Section        0  timers.o(i.pvTimerGetTimerID)
    i.pxPortInitialiseStack                  0x08003388   Section        0  port.o(i.pxPortInitialiseStack)
    i.uxListRemove                           0x080033ac   Section        0  list.o(i.uxListRemove)
    i.vApplicationGetIdleTaskMemory          0x080033d4   Section        0  cmsis_os2.o(i.vApplicationGetIdleTaskMemory)
    i.vApplicationGetTimerTaskMemory         0x080033e8   Section        0  cmsis_os2.o(i.vApplicationGetTimerTaskMemory)
    i.vListInitialise                        0x08003400   Section        0  list.o(i.vListInitialise)
    i.vListInitialiseItem                    0x08003416   Section        0  list.o(i.vListInitialiseItem)
    i.vListInsert                            0x0800341c   Section        0  list.o(i.vListInsert)
    i.vListInsertEnd                         0x0800344c   Section        0  list.o(i.vListInsertEnd)
    i.vPortEnterCritical                     0x08003464   Section        0  port.o(i.vPortEnterCritical)
    i.vPortExitCritical                      0x080034a4   Section        0  port.o(i.vPortExitCritical)
    i.vPortFree                              0x080034cc   Section        0  heap_4.o(i.vPortFree)
    i.vPortSetupTimerInterrupt               0x08003528   Section        0  port.o(i.vPortSetupTimerInterrupt)
    i.vPortValidateInterruptPriority         0x0800354c   Section        0  port.o(i.vPortValidateInterruptPriority)
    i.vQueueAddToRegistry                    0x080035a0   Section        0  queue.o(i.vQueueAddToRegistry)
    i.vQueueWaitForMessageRestricted         0x080035c8   Section        0  queue.o(i.vQueueWaitForMessageRestricted)
    i.vTaskDelay                             0x0800360c   Section        0  tasks.o(i.vTaskDelay)
    i.vTaskInternalSetTimeOutState           0x08003658   Section        0  tasks.o(i.vTaskInternalSetTimeOutState)
    i.vTaskMissedYield                       0x08003668   Section        0  tasks.o(i.vTaskMissedYield)
    i.vTaskPlaceOnEventList                  0x08003674   Section        0  tasks.o(i.vTaskPlaceOnEventList)
    i.vTaskPlaceOnEventListRestricted        0x080036a4   Section        0  tasks.o(i.vTaskPlaceOnEventListRestricted)
    i.vTaskStartScheduler                    0x080036dc   Section        0  tasks.o(i.vTaskStartScheduler)
    i.vTaskSuspendAll                        0x08003764   Section        0  tasks.o(i.vTaskSuspendAll)
    i.vTaskSwitchContext                     0x08003774   Section        0  tasks.o(i.vTaskSwitchContext)
    i.xPortStartScheduler                    0x080037d8   Section        0  port.o(i.xPortStartScheduler)
    i.xQueueGenericCreate                    0x08003880   Section        0  queue.o(i.xQueueGenericCreate)
    i.xQueueGenericCreateStatic              0x080038c8   Section        0  queue.o(i.xQueueGenericCreateStatic)
    i.xQueueGenericReset                     0x08003930   Section        0  queue.o(i.xQueueGenericReset)
    i.xQueueGenericSend                      0x080039b8   Section        0  queue.o(i.xQueueGenericSend)
    i.xQueueGenericSendFromISR               0x08003b18   Section        0  queue.o(i.xQueueGenericSendFromISR)
    i.xQueueReceive                          0x08003bd4   Section        0  queue.o(i.xQueueReceive)
    i.xQueueReceiveFromISR                   0x08003d0c   Section        0  queue.o(i.xQueueReceiveFromISR)
    i.xTaskCheckForTimeOut                   0x08003da8   Section        0  tasks.o(i.xTaskCheckForTimeOut)
    i.xTaskCreate                            0x08003e1c   Section        0  tasks.o(i.xTaskCreate)
    i.xTaskCreateStatic                      0x08003e76   Section        0  tasks.o(i.xTaskCreateStatic)
    i.xTaskGetSchedulerState                 0x08003ecc   Section        0  tasks.o(i.xTaskGetSchedulerState)
    i.xTaskGetTickCount                      0x08003ee8   Section        0  tasks.o(i.xTaskGetTickCount)
    i.xTaskIncrementTick                     0x08003ef4   Section        0  tasks.o(i.xTaskIncrementTick)
    i.xTaskPriorityDisinherit                0x08003fbc   Section        0  tasks.o(i.xTaskPriorityDisinherit)
    i.xTaskRemoveFromEventList               0x0800403c   Section        0  tasks.o(i.xTaskRemoveFromEventList)
    i.xTaskResumeAll                         0x080040ac   Section        0  tasks.o(i.xTaskResumeAll)
    i.xTimerCreate                           0x08004170   Section        0  timers.o(i.xTimerCreate)
    i.xTimerCreateStatic                     0x080041a4   Section        0  timers.o(i.xTimerCreateStatic)
    i.xTimerCreateTimerTask                  0x080041d4   Section        0  timers.o(i.xTimerCreateTimerTask)
    i.xTimerGenericCommand                   0x08004234   Section        0  timers.o(i.xTimerGenericCommand)
    .constdata                               0x0800429c   Section      136  main.o(.constdata)
    .constdata                               0x08004324   Section       16  system_stm32f1xx.o(.constdata)
    .constdata                               0x08004334   Section        8  system_stm32f1xx.o(.constdata)
    .conststring                             0x0800433c   Section       60  main.o(.conststring)
    .data                                    0x20000000   Section       24  main.o(.data)
    .data                                    0x20000018   Section       12  stm32f1xx_hal.o(.data)
    .data                                    0x20000024   Section        4  system_stm32f1xx.o(.data)
    .data                                    0x20000028   Section       60  tasks.o(.data)
    pxDelayedTaskList                        0x2000002c   Data           4  tasks.o(.data)
    pxOverflowDelayedTaskList                0x20000030   Data           4  tasks.o(.data)
    uxDeletedTasksWaitingCleanUp             0x20000034   Data           4  tasks.o(.data)
    uxCurrentNumberOfTasks                   0x20000038   Data           4  tasks.o(.data)
    xTickCount                               0x2000003c   Data           4  tasks.o(.data)
    uxTopReadyPriority                       0x20000040   Data           4  tasks.o(.data)
    xSchedulerRunning                        0x20000044   Data           4  tasks.o(.data)
    uxPendedTicks                            0x20000048   Data           4  tasks.o(.data)
    xYieldPending                            0x2000004c   Data           4  tasks.o(.data)
    xNumOfOverflows                          0x20000050   Data           4  tasks.o(.data)
    uxTaskNumber                             0x20000054   Data           4  tasks.o(.data)
    xNextTaskUnblockTime                     0x20000058   Data           4  tasks.o(.data)
    xIdleTaskHandle                          0x2000005c   Data           4  tasks.o(.data)
    uxSchedulerSuspended                     0x20000060   Data           4  tasks.o(.data)
    .data                                    0x20000064   Section       20  timers.o(.data)
    pxCurrentTimerList                       0x20000064   Data           4  timers.o(.data)
    pxOverflowTimerList                      0x20000068   Data           4  timers.o(.data)
    xTimerQueue                              0x2000006c   Data           4  timers.o(.data)
    xTimerTaskHandle                         0x20000070   Data           4  timers.o(.data)
    xLastTime                                0x20000074   Data           4  timers.o(.data)
    .data                                    0x20000078   Section        4  cmsis_os2.o(.data)
    KernelState                              0x20000078   Data           4  cmsis_os2.o(.data)
    .data                                    0x2000007c   Section       24  heap_4.o(.data)
    pxEnd                                    0x2000007c   Data           4  heap_4.o(.data)
    xFreeBytesRemaining                      0x20000080   Data           4  heap_4.o(.data)
    xMinimumEverFreeBytesRemaining           0x20000084   Data           4  heap_4.o(.data)
    xBlockAllocatedBit                       0x20000088   Data           4  heap_4.o(.data)
    xStart                                   0x2000008c   Data           8  heap_4.o(.data)
    .data                                    0x20000094   Section       12  port.o(.data)
    ucMaxSysCallPriority                     0x20000094   Data           1  port.o(.data)
    uxCriticalNesting                        0x20000098   Data           4  port.o(.data)
    ulMaxPRIGROUPValue                       0x2000009c   Data           4  port.o(.data)
    .bss                                     0x200000a0   Section      328  main.o(.bss)
    .bss                                     0x200001e8   Section       68  main.o(.bss)
    .bss                                     0x2000022c   Section       68  main.o(.bss)
    .bss                                     0x20000270   Section       68  main.o(.bss)
    .bss                                     0x200002b4   Section       64  stm32f1xx_hal_timebase_tim.o(.bss)
    .bss                                     0x200002f4   Section       64  queue.o(.bss)
    .bss                                     0x20000334   Section     1220  tasks.o(.bss)
    pxReadyTasksLists                        0x20000334   Data        1120  tasks.o(.bss)
    xDelayedTaskList1                        0x20000794   Data          20  tasks.o(.bss)
    xDelayedTaskList2                        0x200007a8   Data          20  tasks.o(.bss)
    xPendingReadyList                        0x200007bc   Data          20  tasks.o(.bss)
    xTasksWaitingTermination                 0x200007d0   Data          20  tasks.o(.bss)
    xSuspendedTaskList                       0x200007e4   Data          20  tasks.o(.bss)
    .bss                                     0x200007f8   Section      280  timers.o(.bss)
    xActiveTimerList1                        0x200007f8   Data          20  timers.o(.bss)
    xActiveTimerList2                        0x2000080c   Data          20  timers.o(.bss)
    xStaticTimerQueue                        0x20000820   Data          80  timers.o(.bss)
    ucStaticTimerQueueStorage                0x20000870   Data         160  timers.o(.bss)
    .bss                                     0x20000910   Section     1720  cmsis_os2.o(.bss)
    Idle_TCB                                 0x20000910   Data          92  cmsis_os2.o(.bss)
    Idle_Stack                               0x2000096c   Data         512  cmsis_os2.o(.bss)
    Timer_TCB                                0x20000b6c   Data          92  cmsis_os2.o(.bss)
    Timer_Stack                              0x20000bc8   Data        1024  cmsis_os2.o(.bss)
    .bss                                     0x20000fc8   Section    15360  heap_4.o(.bss)
    ucHeap                                   0x20000fc8   Data       15360  heap_4.o(.bss)
    STACK                                    0x20004bc8   Section     1024  startup_stm32f103xb.o(STACK)

    Global Symbols

    Symbol Name                              Value     Ov Type        Size  Object(Section)

    BuildAttributes$$THM_ISAv4$P$D$K$B$S$PE$A:L22UL41UL21$X:L11$S22US41US21$IEEE1$IW$USESV6$~STKCKD$USESV7$~SHL$OSPACE$EBA8$MICROLIB$REQ8$PRES8$EABIv2 0x00000000   Number         0  anon$$obj.o ABSOLUTE
    __ARM_use_no_argv                        0x00000000   Number         0  main.o ABSOLUTE
    __cpp_initialize__aeabi_                  - Undefined Weak Reference
    __cxa_finalize                            - Undefined Weak Reference
    __decompress                              - Undefined Weak Reference
    _clock_init                               - Undefined Weak Reference
    _microlib_exit                            - Undefined Weak Reference
    __Vectors_Size                           0x000000ec   Number         0  startup_stm32f103xb.o ABSOLUTE
    __Vectors                                0x08000000   Data           4  startup_stm32f103xb.o(RESET)
    __Vectors_End                            0x080000ec   Data           0  startup_stm32f103xb.o(RESET)
    __main                                   0x080000ed   Thumb Code     0  entry.o(.ARM.Collect$$$$00000000)
    _main_stk                                0x080000ed   Thumb Code     0  entry2.o(.ARM.Collect$$$$00000001)
    _main_scatterload                        0x080000f1   Thumb Code     0  entry5.o(.ARM.Collect$$$$00000004)
    __main_after_scatterload                 0x080000f5   Thumb Code     0  entry5.o(.ARM.Collect$$$$00000004)
    _main_clock                              0x080000f5   Thumb Code     0  entry7b.o(.ARM.Collect$$$$00000008)
    _main_cpp_init                           0x080000f5   Thumb Code     0  entry8b.o(.ARM.Collect$$$$0000000A)
    _main_init                               0x080000f5   Thumb Code     0  entry9a.o(.ARM.Collect$$$$0000000B)
    __rt_final_cpp                           0x080000fd   Thumb Code     0  entry10a.o(.ARM.Collect$$$$0000000D)
    __rt_final_exit                          0x080000fd   Thumb Code     0  entry11a.o(.ARM.Collect$$$$0000000F)
    SVC_Handler                              0x08000101   Thumb Code    32  port.o(.emb_text)
    __asm___6_port_c_39a90d8d__prvStartFirstTask 0x08000125   Thumb Code    28  port.o(.emb_text)
    PendSV_Handler                           0x08000145   Thumb Code    72  port.o(.emb_text)
    vPortGetIPSR                             0x08000191   Thumb Code     6  port.o(.emb_text)
    Reset_Handler                            0x08000199   Thumb Code     8  startup_stm32f103xb.o(.text)
    ADC1_2_IRQHandler                        0x080001b3   Thumb Code     0  startup_stm32f103xb.o(.text)
    CAN1_RX1_IRQHandler                      0x080001b3   Thumb Code     0  startup_stm32f103xb.o(.text)
    CAN1_SCE_IRQHandler                      0x080001b3   Thumb Code     0  startup_stm32f103xb.o(.text)
    DMA1_Channel4_IRQHandler                 0x080001b3   Thumb Code     0  startup_stm32f103xb.o(.text)
    DMA1_Channel5_IRQHandler                 0x080001b3   Thumb Code     0  startup_stm32f103xb.o(.text)
    DMA1_Channel6_IRQHandler                 0x080001b3   Thumb Code     0  startup_stm32f103xb.o(.text)
    DMA1_Channel7_IRQHandler                 0x080001b3   Thumb Code     0  startup_stm32f103xb.o(.text)
    EXTI0_IRQHandler                         0x080001b3   Thumb Code     0  startup_stm32f103xb.o(.text)
    EXTI15_10_IRQHandler                     0x080001b3   Thumb Code     0  startup_stm32f103xb.o(.text)
    EXTI1_IRQHandler                         0x080001b3   Thumb Code     0  startup_stm32f103xb.o(.text)
    EXTI2_IRQHandler                         0x080001b3   Thumb Code     0  startup_stm32f103xb.o(.text)
    EXTI3_IRQHandler                         0x080001b3   Thumb Code     0  startup_stm32f103xb.o(.text)
    EXTI4_IRQHandler                         0x080001b3   Thumb Code     0  startup_stm32f103xb.o(.text)
    EXTI9_5_IRQHandler                       0x080001b3   Thumb Code     0  startup_stm32f103xb.o(.text)
    FLASH_IRQHandler                         0x080001b3   Thumb Code     0  startup_stm32f103xb.o(.text)
    I2C1_ER_IRQHandler                       0x080001b3   Thumb Code     0  startup_stm32f103xb.o(.text)
    I2C1_EV_IRQHandler                       0x080001b3   Thumb Code     0  startup_stm32f103xb.o(.text)
    I2C2_ER_IRQHandler                       0x080001b3   Thumb Code     0  startup_stm32f103xb.o(.text)
    I2C2_EV_IRQHandler                       0x080001b3   Thumb Code     0  startup_stm32f103xb.o(.text)
    PVD_IRQHandler                           0x080001b3   Thumb Code     0  startup_stm32f103xb.o(.text)
    RCC_IRQHandler                           0x080001b3   Thumb Code     0  startup_stm32f103xb.o(.text)
    RTC_Alarm_IRQHandler                     0x080001b3   Thumb Code     0  startup_stm32f103xb.o(.text)
    RTC_IRQHandler                           0x080001b3   Thumb Code     0  startup_stm32f103xb.o(.text)
    SPI2_IRQHandler                          0x080001b3   Thumb Code     0  startup_stm32f103xb.o(.text)
    TAMPER_IRQHandler                        0x080001b3   Thumb Code     0  startup_stm32f103xb.o(.text)
    TIM1_BRK_IRQHandler                      0x080001b3   Thumb Code     0  startup_stm32f103xb.o(.text)
    TIM1_CC_IRQHandler                       0x080001b3   Thumb Code     0  startup_stm32f103xb.o(.text)
    TIM1_TRG_COM_IRQHandler                  0x080001b3   Thumb Code     0  startup_stm32f103xb.o(.text)
    TIM2_IRQHandler                          0x080001b3   Thumb Code     0  startup_stm32f103xb.o(.text)
    TIM3_IRQHandler                          0x080001b3   Thumb Code     0  startup_stm32f103xb.o(.text)
    TIM4_IRQHandler                          0x080001b3   Thumb Code     0  startup_stm32f103xb.o(.text)
    USART1_IRQHandler                        0x080001b3   Thumb Code     0  startup_stm32f103xb.o(.text)
    USART2_IRQHandler                        0x080001b3   Thumb Code     0  startup_stm32f103xb.o(.text)
    USART3_IRQHandler                        0x080001b3   Thumb Code     0  startup_stm32f103xb.o(.text)
    USBWakeUp_IRQHandler                     0x080001b3   Thumb Code     0  startup_stm32f103xb.o(.text)
    USB_HP_CAN1_TX_IRQHandler                0x080001b3   Thumb Code     0  startup_stm32f103xb.o(.text)
    USB_LP_CAN1_RX0_IRQHandler               0x080001b3   Thumb Code     0  startup_stm32f103xb.o(.text)
    WWDG_IRQHandler                          0x080001b3   Thumb Code     0  startup_stm32f103xb.o(.text)
    __aeabi_memcpy                           0x080001bd   Thumb Code    36  memcpya.o(.text)
    __aeabi_memcpy4                          0x080001bd   Thumb Code     0  memcpya.o(.text)
    __aeabi_memcpy8                          0x080001bd   Thumb Code     0  memcpya.o(.text)
    __aeabi_memset                           0x080001e1   Thumb Code    14  memseta.o(.text)
    __aeabi_memset4                          0x080001e1   Thumb Code     0  memseta.o(.text)
    __aeabi_memset8                          0x080001e1   Thumb Code     0  memseta.o(.text)
    __aeabi_memclr                           0x080001ef   Thumb Code     4  memseta.o(.text)
    __aeabi_memclr4                          0x080001ef   Thumb Code     0  memseta.o(.text)
    __aeabi_memclr8                          0x080001ef   Thumb Code     0  memseta.o(.text)
    memset                                   0x080001f3   Thumb Code    18  memseta.o(.text)
    __scatterload                            0x08000205   Thumb Code    28  init.o(.text)
    __scatterload_rt2                        0x08000205   Thumb Code     0  init.o(.text)
    ADC_ConversionStop_Disable               0x08000229   Thumb Code    76  stm32f1xx_hal_adc.o(i.ADC_ConversionStop_Disable)
    ADC_DMAConvCplt                          0x08000275   Thumb Code    78  stm32f1xx_hal_adc.o(i.ADC_DMAConvCplt)
    ADC_DMAError                             0x080002c3   Thumb Code    26  stm32f1xx_hal_adc.o(i.ADC_DMAError)
    ADC_DMAHalfConvCplt                      0x080002dd   Thumb Code    10  stm32f1xx_hal_adc.o(i.ADC_DMAHalfConvCplt)
    ADC_Enable                               0x080002e9   Thumb Code   104  stm32f1xx_hal_adc.o(i.ADC_Enable)
    BusFault_Handler                         0x08000359   Thumb Code     2  stm32f1xx_it.o(i.BusFault_Handler)
    Callback01                               0x0800035b   Thumb Code     2  main.o(i.Callback01)
    DMA1_Channel1_IRQHandler                 0x0800035d   Thumb Code     6  stm32f1xx_it.o(i.DMA1_Channel1_IRQHandler)
    DMA1_Channel2_IRQHandler                 0x08000369   Thumb Code     6  stm32f1xx_it.o(i.DMA1_Channel2_IRQHandler)
    DMA1_Channel3_IRQHandler                 0x08000375   Thumb Code     6  stm32f1xx_it.o(i.DMA1_Channel3_IRQHandler)
    DebugMon_Handler                         0x080003ab   Thumb Code     2  stm32f1xx_it.o(i.DebugMon_Handler)
    Error_Handler                            0x080003ad   Thumb Code     2  main.o(i.Error_Handler)
    HAL_ADC_ConfigChannel                    0x080003b1   Thumb Code   240  stm32f1xx_hal_adc.o(i.HAL_ADC_ConfigChannel)
    HAL_ADC_ConvCpltCallback                 0x080004ad   Thumb Code     2  stm32f1xx_hal_adc.o(i.HAL_ADC_ConvCpltCallback)
    HAL_ADC_ConvHalfCpltCallback             0x080004af   Thumb Code     2  stm32f1xx_hal_adc.o(i.HAL_ADC_ConvHalfCpltCallback)
    HAL_ADC_ErrorCallback                    0x080004b1   Thumb Code     2  stm32f1xx_hal_adc.o(i.HAL_ADC_ErrorCallback)
    HAL_ADC_Init                             0x080004b5   Thumb Code   272  stm32f1xx_hal_adc.o(i.HAL_ADC_Init)
    HAL_ADC_MspInit                          0x080005d1   Thumb Code   122  stm32f1xx_hal_msp.o(i.HAL_ADC_MspInit)
    HAL_ADC_Start_DMA                        0x08000661   Thumb Code   246  stm32f1xx_hal_adc.o(i.HAL_ADC_Start_DMA)
    HAL_DMA_Abort_IT                         0x0800076d   Thumb Code   148  stm32f1xx_hal_dma.o(i.HAL_DMA_Abort_IT)
    HAL_DMA_IRQHandler                       0x08000805   Thumb Code   316  stm32f1xx_hal_dma.o(i.HAL_DMA_IRQHandler)
    HAL_DMA_Init                             0x08000959   Thumb Code    84  stm32f1xx_hal_dma.o(i.HAL_DMA_Init)
    HAL_DMA_Start_IT                         0x080009b5   Thumb Code   112  stm32f1xx_hal_dma.o(i.HAL_DMA_Start_IT)
    HAL_GPIO_Init                            0x08000a25   Thumb Code   446  stm32f1xx_hal_gpio.o(i.HAL_GPIO_Init)
    HAL_GPIO_WritePin                        0x08000c05   Thumb Code    10  stm32f1xx_hal_gpio.o(i.HAL_GPIO_WritePin)
    HAL_GetTick                              0x08000c11   Thumb Code     6  stm32f1xx_hal.o(i.HAL_GetTick)
    HAL_IncTick                              0x08000c1d   Thumb Code    12  stm32f1xx_hal.o(i.HAL_IncTick)
    HAL_Init                                 0x08000c2d   Thumb Code    32  stm32f1xx_hal.o(i.HAL_Init)
    HAL_InitTick                             0x08000c51   Thumb Code    98  stm32f1xx_hal_timebase_tim.o(i.HAL_InitTick)
    HAL_MspInit                              0x08000cc5   Thumb Code    62  stm32f1xx_hal_msp.o(i.HAL_MspInit)
    HAL_NVIC_EnableIRQ                       0x08000d0d   Thumb Code    26  stm32f1xx_hal_cortex.o(i.HAL_NVIC_EnableIRQ)
    HAL_NVIC_SetPriority                     0x08000d29   Thumb Code    60  stm32f1xx_hal_cortex.o(i.HAL_NVIC_SetPriority)
    HAL_NVIC_SetPriorityGrouping             0x08000d69   Thumb Code    26  stm32f1xx_hal_cortex.o(i.HAL_NVIC_SetPriorityGrouping)
    HAL_RCCEx_PeriphCLKConfig                0x08000d8d   Thumb Code   224  stm32f1xx_hal_rcc_ex.o(i.HAL_RCCEx_PeriphCLKConfig)
    HAL_RCC_ClockConfig                      0x08000e79   Thumb Code   280  stm32f1xx_hal_rcc.o(i.HAL_RCC_ClockConfig)
    HAL_RCC_GetClockConfig                   0x08000fa5   Thumb Code    54  stm32f1xx_hal_rcc.o(i.HAL_RCC_GetClockConfig)
    HAL_RCC_GetPCLK2Freq                     0x08000fe5   Thumb Code    20  stm32f1xx_hal_rcc.o(i.HAL_RCC_GetPCLK2Freq)
    HAL_RCC_GetSysClockFreq                  0x08001005   Thumb Code    74  stm32f1xx_hal_rcc.o(i.HAL_RCC_GetSysClockFreq)
    HAL_RCC_OscConfig                        0x08001071   Thumb Code   778  stm32f1xx_hal_rcc.o(i.HAL_RCC_OscConfig)
    HAL_SPI_ErrorCallback                    0x08001391   Thumb Code     2  stm32f1xx_hal_spi.o(i.HAL_SPI_ErrorCallback)
    HAL_SPI_IRQHandler                       0x08001395   Thumb Code   220  stm32f1xx_hal_spi.o(i.HAL_SPI_IRQHandler)
    HAL_SPI_Init                             0x08001475   Thumb Code   124  stm32f1xx_hal_spi.o(i.HAL_SPI_Init)
    HAL_SPI_MspInit                          0x080014f1   Thumb Code   192  stm32f1xx_hal_msp.o(i.HAL_SPI_MspInit)
    HAL_SPI_TransmitReceive                  0x080015c9   Thumb Code   482  stm32f1xx_hal_spi.o(i.HAL_SPI_TransmitReceive)
    HAL_TIMEx_BreakCallback                  0x080017ab   Thumb Code     2  stm32f1xx_hal_tim_ex.o(i.HAL_TIMEx_BreakCallback)
    HAL_TIMEx_CommutCallback                 0x080017ad   Thumb Code     2  stm32f1xx_hal_tim_ex.o(i.HAL_TIMEx_CommutCallback)
    HAL_TIMEx_MasterConfigSynchronization    0x080017af   Thumb Code    66  stm32f1xx_hal_tim_ex.o(i.HAL_TIMEx_MasterConfigSynchronization)
    HAL_TIM_Base_Init                        0x080017f1   Thumb Code    54  stm32f1xx_hal_tim.o(i.HAL_TIM_Base_Init)
    HAL_TIM_Base_MspInit                     0x08001827   Thumb Code     2  stm32f1xx_hal_tim.o(i.HAL_TIM_Base_MspInit)
    HAL_TIM_Base_Start_IT                    0x08001829   Thumb Code    34  stm32f1xx_hal_tim.o(i.HAL_TIM_Base_Start_IT)
    HAL_TIM_IC_CaptureCallback               0x0800184b   Thumb Code     2  stm32f1xx_hal_tim.o(i.HAL_TIM_IC_CaptureCallback)
    HAL_TIM_IRQHandler                       0x0800184d   Thumb Code   358  stm32f1xx_hal_tim.o(i.HAL_TIM_IRQHandler)
    HAL_TIM_MspPostInit                      0x080019b5   Thumb Code   154  stm32f1xx_hal_msp.o(i.HAL_TIM_MspPostInit)
    HAL_TIM_OC_DelayElapsedCallback          0x08001a69   Thumb Code     2  stm32f1xx_hal_tim.o(i.HAL_TIM_OC_DelayElapsedCallback)
    HAL_TIM_PWM_ConfigChannel                0x08001a6b   Thumb Code   208  stm32f1xx_hal_tim.o(i.HAL_TIM_PWM_ConfigChannel)
    HAL_TIM_PWM_Init                         0x08001b3b   Thumb Code    54  stm32f1xx_hal_tim.o(i.HAL_TIM_PWM_Init)
    HAL_TIM_PWM_MspInit                      0x08001b71   Thumb Code    74  stm32f1xx_hal_msp.o(i.HAL_TIM_PWM_MspInit)
    HAL_TIM_PWM_PulseFinishedCallback        0x08001bc9   Thumb Code     2  stm32f1xx_hal_tim.o(i.HAL_TIM_PWM_PulseFinishedCallback)
    HAL_TIM_PWM_Start                        0x08001bcd   Thumb Code    52  stm32f1xx_hal_tim.o(i.HAL_TIM_PWM_Start)
    HAL_TIM_PWM_Stop                         0x08001c05   Thumb Code    78  stm32f1xx_hal_tim.o(i.HAL_TIM_PWM_Stop)
    HAL_TIM_PeriodElapsedCallback            0x08001c59   Thumb Code    14  main.o(i.HAL_TIM_PeriodElapsedCallback)
    HAL_TIM_TriggerCallback                  0x08001c6d   Thumb Code     2  stm32f1xx_hal_tim.o(i.HAL_TIM_TriggerCallback)
    HardFault_Handler                        0x08001c6f   Thumb Code     2  stm32f1xx_it.o(i.HardFault_Handler)
    MemManage_Handler                        0x08001f09   Thumb Code     2  stm32f1xx_it.o(i.MemManage_Handler)
    NMI_Handler                              0x08001f0b   Thumb Code     2  stm32f1xx_it.o(i.NMI_Handler)
    SPI1_IRQHandler                          0x08001f0d   Thumb Code     6  stm32f1xx_it.o(i.SPI1_IRQHandler)
    StartDefaultTask                         0x08001fdd   Thumb Code   644  main.o(i.StartDefaultTask)
    StartTask02                              0x080022dd   Thumb Code    82  main.o(i.StartTask02)
    SysTick_Handler                          0x0800233d   Thumb Code    38  port.o(i.SysTick_Handler)
    SystemClock_Config                       0x08002369   Thumb Code    96  main.o(i.SystemClock_Config)
    SystemInit                               0x080023c9   Thumb Code    56  system_stm32f1xx.o(i.SystemInit)
    TIM1_UP_IRQHandler                       0x08002411   Thumb Code     6  stm32f1xx_it.o(i.TIM1_UP_IRQHandler)
    TIM_Base_SetConfig                       0x0800241d   Thumb Code    94  stm32f1xx_hal_tim.o(i.TIM_Base_SetConfig)
    TIM_CCxChannelCmd                        0x08002489   Thumb Code    26  stm32f1xx_hal_tim.o(i.TIM_CCxChannelCmd)
    TIM_OC2_SetConfig                        0x080024f5   Thumb Code    84  stm32f1xx_hal_tim.o(i.TIM_OC2_SetConfig)
    UsageFault_Handler                       0x08002601   Thumb Code     2  stm32f1xx_it.o(i.UsageFault_Handler)
    __scatterload_copy                       0x08002623   Thumb Code    14  handlers.o(i.__scatterload_copy)
    __scatterload_null                       0x08002631   Thumb Code     2  handlers.o(i.__scatterload_null)
    __scatterload_zeroinit                   0x08002633   Thumb Code    14  handlers.o(i.__scatterload_zeroinit)
    joysticTrRs                              0x08002641   Thumb Code    74  main.o(i.joysticTrRs)
    joysticTransmition                       0x08002695   Thumb Code    70  main.o(i.joysticTransmition)
    main                                     0x080026e5   Thumb Code   190  main.o(i.main)
    osDelay                                  0x080027c1   Thumb Code    46  cmsis_os2.o(i.osDelay)
    osKernelInitialize                       0x080027f5   Thumb Code    50  cmsis_os2.o(i.osKernelInitialize)
    osKernelStart                            0x0800282d   Thumb Code    58  cmsis_os2.o(i.osKernelStart)
    osMessageQueueGet                        0x0800286d   Thumb Code   116  cmsis_os2.o(i.osMessageQueueGet)
    osMessageQueueNew                        0x080028e9   Thumb Code   110  cmsis_os2.o(i.osMessageQueueNew)
    osMessageQueuePut                        0x0800295d   Thumb Code   120  cmsis_os2.o(i.osMessageQueuePut)
    osThreadNew                              0x080029dd   Thumb Code   160  cmsis_os2.o(i.osThreadNew)
    osTimerNew                               0x08002a81   Thumb Code   124  cmsis_os2.o(i.osTimerNew)
    pvPortMalloc                             0x0800328d   Thumb Code   210  heap_4.o(i.pvPortMalloc)
    pvTimerGetTimerID                        0x08003365   Thumb Code    36  timers.o(i.pvTimerGetTimerID)
    pxPortInitialiseStack                    0x08003389   Thumb Code    32  port.o(i.pxPortInitialiseStack)
    uxListRemove                             0x080033ad   Thumb Code    38  list.o(i.uxListRemove)
    vApplicationGetIdleTaskMemory            0x080033d5   Thumb Code    16  cmsis_os2.o(i.vApplicationGetIdleTaskMemory)
    vApplicationGetTimerTaskMemory           0x080033e9   Thumb Code    18  cmsis_os2.o(i.vApplicationGetTimerTaskMemory)
    vListInitialise                          0x08003401   Thumb Code    22  list.o(i.vListInitialise)
    vListInitialiseItem                      0x08003417   Thumb Code     6  list.o(i.vListInitialiseItem)
    vListInsert                              0x0800341d   Thumb Code    48  list.o(i.vListInsert)
    vListInsertEnd                           0x0800344d   Thumb Code    24  list.o(i.vListInsertEnd)
    vPortEnterCritical                       0x08003465   Thumb Code    54  port.o(i.vPortEnterCritical)
    vPortExitCritical                        0x080034a5   Thumb Code    34  port.o(i.vPortExitCritical)
    vPortFree                                0x080034cd   Thumb Code    88  heap_4.o(i.vPortFree)
    vPortSetupTimerInterrupt                 0x08003529   Thumb Code    32  port.o(i.vPortSetupTimerInterrupt)
    vPortValidateInterruptPriority           0x0800354d   Thumb Code    74  port.o(i.vPortValidateInterruptPriority)
    vQueueAddToRegistry                      0x080035a1   Thumb Code    34  queue.o(i.vQueueAddToRegistry)
    vQueueWaitForMessageRestricted           0x080035c9   Thumb Code    68  queue.o(i.vQueueWaitForMessageRestricted)
    vTaskDelay                               0x0800360d   Thumb Code    66  tasks.o(i.vTaskDelay)
    vTaskInternalSetTimeOutState             0x08003659   Thumb Code    12  tasks.o(i.vTaskInternalSetTimeOutState)
    vTaskMissedYield                         0x08003669   Thumb Code     8  tasks.o(i.vTaskMissedYield)
    vTaskPlaceOnEventList                    0x08003675   Thumb Code    44  tasks.o(i.vTaskPlaceOnEventList)
    vTaskPlaceOnEventListRestricted          0x080036a5   Thumb Code    52  tasks.o(i.vTaskPlaceOnEventListRestricted)
    vTaskStartScheduler                      0x080036dd   Thumb Code   118  tasks.o(i.vTaskStartScheduler)
    vTaskSuspendAll                          0x08003765   Thumb Code    10  tasks.o(i.vTaskSuspendAll)
    vTaskSwitchContext                       0x08003775   Thumb Code    90  tasks.o(i.vTaskSwitchContext)
    xPortStartScheduler                      0x080037d9   Thumb Code   154  port.o(i.xPortStartScheduler)
    xQueueGenericCreate                      0x08003881   Thumb Code    72  queue.o(i.xQueueGenericCreate)
    xQueueGenericCreateStatic                0x080038c9   Thumb Code   102  queue.o(i.xQueueGenericCreateStatic)
    xQueueGenericReset                       0x08003931   Thumb Code   132  queue.o(i.xQueueGenericReset)
    xQueueGenericSend                        0x080039b9   Thumb Code   346  queue.o(i.xQueueGenericSend)
    xQueueGenericSendFromISR                 0x08003b19   Thumb Code   188  queue.o(i.xQueueGenericSendFromISR)
    xQueueReceive                            0x08003bd5   Thumb Code   308  queue.o(i.xQueueReceive)
    xQueueReceiveFromISR                     0x08003d0d   Thumb Code   154  queue.o(i.xQueueReceiveFromISR)
    xTaskCheckForTimeOut                     0x08003da9   Thumb Code   112  tasks.o(i.xTaskCheckForTimeOut)
    xTaskCreate                              0x08003e1d   Thumb Code    90  tasks.o(i.xTaskCreate)
    xTaskCreateStatic                        0x08003e77   Thumb Code    86  tasks.o(i.xTaskCreateStatic)
    xTaskGetSchedulerState                   0x08003ecd   Thumb Code    22  tasks.o(i.xTaskGetSchedulerState)
    xTaskGetTickCount                        0x08003ee9   Thumb Code     6  tasks.o(i.xTaskGetTickCount)
    xTaskIncrementTick                       0x08003ef5   Thumb Code   190  tasks.o(i.xTaskIncrementTick)
    xTaskPriorityDisinherit                  0x08003fbd   Thumb Code   118  tasks.o(i.xTaskPriorityDisinherit)
    xTaskRemoveFromEventList                 0x0800403d   Thumb Code    98  tasks.o(i.xTaskRemoveFromEventList)
    xTaskResumeAll                           0x080040ad   Thumb Code   182  tasks.o(i.xTaskResumeAll)
    xTimerCreate                             0x08004171   Thumb Code    52  timers.o(i.xTimerCreate)
    xTimerCreateStatic                       0x080041a5   Thumb Code    46  timers.o(i.xTimerCreateStatic)
    xTimerCreateTimerTask                    0x080041d5   Thumb Code    78  timers.o(i.xTimerCreateTimerTask)
    xTimerGenericCommand                     0x08004235   Thumb Code    98  timers.o(i.xTimerGenericCommand)
    defaultTask_attributes                   0x0800429c   Data          36  main.o(.constdata)
    myTask02_attributes                      0x080042c0   Data          36  main.o(.constdata)
    myQueue01_attributes                     0x080042e4   Data          24  main.o(.constdata)
    myQueueData_attributes                   0x080042fc   Data          24  main.o(.constdata)
    myTimer01_attributes                     0x08004314   Data          16  main.o(.constdata)
    AHBPrescTable                            0x08004324   Data          16  system_stm32f1xx.o(.constdata)
    APBPrescTable                            0x08004334   Data           8  system_stm32f1xx.o(.constdata)
    Region$$Table$$Base                      0x08004378   Number         0  anon$$obj.o(Region$$Table)
    Region$$Table$$Limit                     0x08004398   Number         0  anon$$obj.o(Region$$Table)
    adc_val                                  0x20000000   Data           4  main.o(.data)
    defaultTaskHandle                        0x20000004   Data           4  main.o(.data)
    myTask02Handle                           0x20000008   Data           4  main.o(.data)
    myQueue01Handle                          0x2000000c   Data           4  main.o(.data)
    myQueueDataHandle                        0x20000010   Data           4  main.o(.data)
    myTimer01Handle                          0x20000014   Data           4  main.o(.data)
    uwTickFreq                               0x20000018   Data           1  stm32f1xx_hal.o(.data)
    uwTickPrio                               0x2000001c   Data           4  stm32f1xx_hal.o(.data)
    uwTick                                   0x20000020   Data           4  stm32f1xx_hal.o(.data)
    SystemCoreClock                          0x20000024   Data           4  system_stm32f1xx.o(.data)
    pxCurrentTCB                             0x20000028   Data           4  tasks.o(.data)
    hadc1                                    0x200000a0   Data          48  main.o(.bss)
    hspi1                                    0x200000d0   Data          88  main.o(.bss)
    htim2                                    0x20000128   Data          64  main.o(.bss)
    htim3                                    0x20000168   Data          64  main.o(.bss)
    htim4                                    0x200001a8   Data          64  main.o(.bss)
    hdma_adc1                                0x200001e8   Data          68  main.o(.bss)
    hdma_spi1_rx                             0x2000022c   Data          68  main.o(.bss)
    hdma_spi1_tx                             0x20000270   Data          68  main.o(.bss)
    htim1                                    0x200002b4   Data          64  stm32f1xx_hal_timebase_tim.o(.bss)
    xQueueRegistry                           0x200002f4   Data          64  queue.o(.bss)
    __initial_sp                             0x20004fc8   Data           0  startup_stm32f103xb.o(STACK)



==============================================================================

Memory Map of the image

  Image Entry point : 0x080000ed

  Load Region LR_IROM1 (Base: 0x08000000, Size: 0x00004438, Max: 0x00010000, ABSOLUTE)

    Execution Region ER_IROM1 (Exec base: 0x08000000, Load base: 0x08000000, Size: 0x00004398, Max: 0x00010000, ABSOLUTE)

    Exec Addr    Load Addr    Size         Type   Attr      Idx    E Section Name        Object

    0x08000000   0x08000000   0x000000ec   Data   RO            3    RESET               startup_stm32f103xb.o
    0x080000ec   0x080000ec   0x00000000   Code   RO         4659  * .ARM.Collect$$$$00000000  mc_w.l(entry.o)
    0x080000ec   0x080000ec   0x00000004   Code   RO         4672    .ARM.Collect$$$$00000001  mc_w.l(entry2.o)
    0x080000f0   0x080000f0   0x00000004   Code   RO         4675    .ARM.Collect$$$$00000004  mc_w.l(entry5.o)
    0x080000f4   0x080000f4   0x00000000   Code   RO         4677    .ARM.Collect$$$$00000008  mc_w.l(entry7b.o)
    0x080000f4   0x080000f4   0x00000000   Code   RO         4679    .ARM.Collect$$$$0000000A  mc_w.l(entry8b.o)
    0x080000f4   0x080000f4   0x00000008   Code   RO         4680    .ARM.Collect$$$$0000000B  mc_w.l(entry9a.o)
    0x080000fc   0x080000fc   0x00000000   Code   RO         4682    .ARM.Collect$$$$0000000D  mc_w.l(entry10a.o)
    0x080000fc   0x080000fc   0x00000000   Code   RO         4684    .ARM.Collect$$$$0000000F  mc_w.l(entry11a.o)
    0x080000fc   0x080000fc   0x00000004   Code   RO         4673    .ARM.Collect$$$$00002712  mc_w.l(entry2.o)
    0x08000100   0x08000100   0x00000096   Code   RO         4582    .emb_text           port.o
    0x08000196   0x08000196   0x00000002   PAD
    0x08000198   0x08000198   0x00000024   Code   RO            4    .text               startup_stm32f103xb.o
    0x080001bc   0x080001bc   0x00000024   Code   RO         4664    .text               mc_w.l(memcpya.o)
    0x080001e0   0x080001e0   0x00000024   Code   RO         4668    .text               mc_w.l(memseta.o)
    0x08000204   0x08000204   0x00000024   Code   RO         4686    .text               mc_w.l(init.o)
    0x08000228   0x08000228   0x0000004c   Code   RO          504    i.ADC_ConversionStop_Disable  stm32f1xx_hal_adc.o
    0x08000274   0x08000274   0x0000004e   Code   RO          505    i.ADC_DMAConvCplt   stm32f1xx_hal_adc.o
    0x080002c2   0x080002c2   0x0000001a   Code   RO          506    i.ADC_DMAError      stm32f1xx_hal_adc.o
    0x080002dc   0x080002dc   0x0000000a   Code   RO          507    i.ADC_DMAHalfConvCplt  stm32f1xx_hal_adc.o
    0x080002e6   0x080002e6   0x00000002   PAD
    0x080002e8   0x080002e8   0x00000070   Code   RO          508    i.ADC_Enable        stm32f1xx_hal_adc.o
    0x08000358   0x08000358   0x00000002   Code   RO          274    i.BusFault_Handler  stm32f1xx_it.o
    0x0800035a   0x0800035a   0x00000002   Code   RO           13    i.Callback01        main.o
    0x0800035c   0x0800035c   0x0000000c   Code   RO          275    i.DMA1_Channel1_IRQHandler  stm32f1xx_it.o
    0x08000368   0x08000368   0x0000000c   Code   RO          276    i.DMA1_Channel2_IRQHandler  stm32f1xx_it.o
    0x08000374   0x08000374   0x0000000c   Code   RO          277    i.DMA1_Channel3_IRQHandler  stm32f1xx_it.o
    0x08000380   0x08000380   0x0000002a   Code   RO         1158    i.DMA_SetConfig     stm32f1xx_hal_dma.o
    0x080003aa   0x080003aa   0x00000002   Code   RO          278    i.DebugMon_Handler  stm32f1xx_it.o
    0x080003ac   0x080003ac   0x00000002   Code   RO           14    i.Error_Handler     main.o
    0x080003ae   0x080003ae   0x00000002   PAD
    0x080003b0   0x080003b0   0x000000fc   Code   RO          510    i.HAL_ADC_ConfigChannel  stm32f1xx_hal_adc.o
    0x080004ac   0x080004ac   0x00000002   Code   RO          511    i.HAL_ADC_ConvCpltCallback  stm32f1xx_hal_adc.o
    0x080004ae   0x080004ae   0x00000002   Code   RO          512    i.HAL_ADC_ConvHalfCpltCallback  stm32f1xx_hal_adc.o
    0x080004b0   0x080004b0   0x00000002   Code   RO          514    i.HAL_ADC_ErrorCallback  stm32f1xx_hal_adc.o
    0x080004b2   0x080004b2   0x00000002   PAD
    0x080004b4   0x080004b4   0x0000011c   Code   RO          519    i.HAL_ADC_Init      stm32f1xx_hal_adc.o
    0x080005d0   0x080005d0   0x00000090   Code   RO          363    i.HAL_ADC_MspInit   stm32f1xx_hal_msp.o
    0x08000660   0x08000660   0x0000010c   Code   RO          526    i.HAL_ADC_Start_DMA  stm32f1xx_hal_adc.o
    0x0800076c   0x0800076c   0x00000098   Code   RO         1160    i.HAL_DMA_Abort_IT  stm32f1xx_hal_dma.o
    0x08000804   0x08000804   0x00000154   Code   RO         1164    i.HAL_DMA_IRQHandler  stm32f1xx_hal_dma.o
    0x08000958   0x08000958   0x0000005c   Code   RO         1165    i.HAL_DMA_Init      stm32f1xx_hal_dma.o
    0x080009b4   0x080009b4   0x00000070   Code   RO         1169    i.HAL_DMA_Start_IT  stm32f1xx_hal_dma.o
    0x08000a24   0x08000a24   0x000001e0   Code   RO         1095    i.HAL_GPIO_Init     stm32f1xx_hal_gpio.o
    0x08000c04   0x08000c04   0x0000000a   Code   RO         1099    i.HAL_GPIO_WritePin  stm32f1xx_hal_gpio.o
    0x08000c0e   0x08000c0e   0x00000002   PAD
    0x08000c10   0x08000c10   0x0000000c   Code   RO          791    i.HAL_GetTick       stm32f1xx_hal.o
    0x08000c1c   0x08000c1c   0x00000010   Code   RO          797    i.HAL_IncTick       stm32f1xx_hal.o
    0x08000c2c   0x08000c2c   0x00000024   Code   RO          798    i.HAL_Init          stm32f1xx_hal.o
    0x08000c50   0x08000c50   0x00000074   Code   RO          429    i.HAL_InitTick      stm32f1xx_hal_timebase_tim.o
    0x08000cc4   0x08000cc4   0x00000048   Code   RO          364    i.HAL_MspInit       stm32f1xx_hal_msp.o
    0x08000d0c   0x08000d0c   0x0000001a   Code   RO         1255    i.HAL_NVIC_EnableIRQ  stm32f1xx_hal_cortex.o
    0x08000d26   0x08000d26   0x00000002   PAD
    0x08000d28   0x08000d28   0x00000040   Code   RO         1261    i.HAL_NVIC_SetPriority  stm32f1xx_hal_cortex.o
    0x08000d68   0x08000d68   0x00000024   Code   RO         1262    i.HAL_NVIC_SetPriorityGrouping  stm32f1xx_hal_cortex.o
    0x08000d8c   0x08000d8c   0x000000ec   Code   RO         1058    i.HAL_RCCEx_PeriphCLKConfig  stm32f1xx_hal_rcc_ex.o
    0x08000e78   0x08000e78   0x0000012c   Code   RO          955    i.HAL_RCC_ClockConfig  stm32f1xx_hal_rcc.o
    0x08000fa4   0x08000fa4   0x00000040   Code   RO          959    i.HAL_RCC_GetClockConfig  stm32f1xx_hal_rcc.o
    0x08000fe4   0x08000fe4   0x00000020   Code   RO          963    i.HAL_RCC_GetPCLK2Freq  stm32f1xx_hal_rcc.o
    0x08001004   0x08001004   0x0000006c   Code   RO          964    i.HAL_RCC_GetSysClockFreq  stm32f1xx_hal_rcc.o
    0x08001070   0x08001070   0x00000320   Code   RO          967    i.HAL_RCC_OscConfig  stm32f1xx_hal_rcc.o
    0x08001390   0x08001390   0x00000002   Code   RO         1762    i.HAL_SPI_ErrorCallback  stm32f1xx_hal_spi.o
    0x08001392   0x08001392   0x00000002   PAD
    0x08001394   0x08001394   0x000000e0   Code   RO         1765    i.HAL_SPI_IRQHandler  stm32f1xx_hal_spi.o
    0x08001474   0x08001474   0x0000007c   Code   RO         1766    i.HAL_SPI_Init      stm32f1xx_hal_spi.o
    0x080014f0   0x080014f0   0x000000d8   Code   RO          366    i.HAL_SPI_MspInit   stm32f1xx_hal_msp.o
    0x080015c8   0x080015c8   0x000001e2   Code   RO         1775    i.HAL_SPI_TransmitReceive  stm32f1xx_hal_spi.o
    0x080017aa   0x080017aa   0x00000002   Code   RO         2754    i.HAL_TIMEx_BreakCallback  stm32f1xx_hal_tim_ex.o
    0x080017ac   0x080017ac   0x00000002   Code   RO         2755    i.HAL_TIMEx_CommutCallback  stm32f1xx_hal_tim_ex.o
    0x080017ae   0x080017ae   0x00000042   Code   RO         2772    i.HAL_TIMEx_MasterConfigSynchronization  stm32f1xx_hal_tim_ex.o
    0x080017f0   0x080017f0   0x00000036   Code   RO         2079    i.HAL_TIM_Base_Init  stm32f1xx_hal_tim.o
    0x08001826   0x08001826   0x00000002   Code   RO         2081    i.HAL_TIM_Base_MspInit  stm32f1xx_hal_tim.o
    0x08001828   0x08001828   0x00000022   Code   RO         2084    i.HAL_TIM_Base_Start_IT  stm32f1xx_hal_tim.o
    0x0800184a   0x0800184a   0x00000002   Code   RO         2108    i.HAL_TIM_IC_CaptureCallback  stm32f1xx_hal_tim.o
    0x0800184c   0x0800184c   0x00000166   Code   RO         2122    i.HAL_TIM_IRQHandler  stm32f1xx_hal_tim.o
    0x080019b2   0x080019b2   0x00000002   PAD
    0x080019b4   0x080019b4   0x000000b4   Code   RO          367    i.HAL_TIM_MspPostInit  stm32f1xx_hal_msp.o
    0x08001a68   0x08001a68   0x00000002   Code   RO         2125    i.HAL_TIM_OC_DelayElapsedCallback  stm32f1xx_hal_tim.o
    0x08001a6a   0x08001a6a   0x000000d0   Code   RO         2146    i.HAL_TIM_PWM_ConfigChannel  stm32f1xx_hal_tim.o
    0x08001b3a   0x08001b3a   0x00000036   Code   RO         2149    i.HAL_TIM_PWM_Init  stm32f1xx_hal_tim.o
    0x08001b70   0x08001b70   0x00000058   Code   RO          369    i.HAL_TIM_PWM_MspInit  stm32f1xx_hal_msp.o
    0x08001bc8   0x08001bc8   0x00000002   Code   RO         2152    i.HAL_TIM_PWM_PulseFinishedCallback  stm32f1xx_hal_tim.o
    0x08001bca   0x08001bca   0x00000002   PAD
    0x08001bcc   0x08001bcc   0x00000038   Code   RO         2154    i.HAL_TIM_PWM_Start  stm32f1xx_hal_tim.o
    0x08001c04   0x08001c04   0x00000054   Code   RO         2157    i.HAL_TIM_PWM_Stop  stm32f1xx_hal_tim.o
    0x08001c58   0x08001c58   0x00000014   Code   RO           15    i.HAL_TIM_PeriodElapsedCallback  main.o
    0x08001c6c   0x08001c6c   0x00000002   Code   RO         2165    i.HAL_TIM_TriggerCallback  stm32f1xx_hal_tim.o
    0x08001c6e   0x08001c6e   0x00000002   Code   RO          279    i.HardFault_Handler  stm32f1xx_it.o
    0x08001c70   0x08001c70   0x00000054   Code   RO           16    i.MX_ADC1_Init      main.o
    0x08001cc4   0x08001cc4   0x000000cc   Code   RO           17    i.MX_GPIO_Init      main.o
    0x08001d90   0x08001d90   0x0000003c   Code   RO           18    i.MX_SPI1_Init      main.o
    0x08001dcc   0x08001dcc   0x00000060   Code   RO           19    i.MX_TIM2_Init      main.o
    0x08001e2c   0x08001e2c   0x00000078   Code   RO           20    i.MX_TIM3_Init      main.o
    0x08001ea4   0x08001ea4   0x00000064   Code   RO           21    i.MX_TIM4_Init      main.o
    0x08001f08   0x08001f08   0x00000002   Code   RO          280    i.MemManage_Handler  stm32f1xx_it.o
    0x08001f0a   0x08001f0a   0x00000002   Code   RO          281    i.NMI_Handler       stm32f1xx_it.o
    0x08001f0c   0x08001f0c   0x0000000c   Code   RO          282    i.SPI1_IRQHandler   stm32f1xx_it.o
    0x08001f18   0x08001f18   0x00000010   Code   RO         1793    i.SPI_DMAAbortOnError  stm32f1xx_hal_spi.o
    0x08001f28   0x08001f28   0x00000020   Code   RO         1804    i.SPI_EndRxTxTransaction  stm32f1xx_hal_spi.o
    0x08001f48   0x08001f48   0x00000094   Code   RO         1809    i.SPI_WaitFlagStateUntilTimeout  stm32f1xx_hal_spi.o
    0x08001fdc   0x08001fdc   0x00000300   Code   RO           22    i.StartDefaultTask  main.o
    0x080022dc   0x080022dc   0x00000060   Code   RO           23    i.StartTask02       main.o
    0x0800233c   0x0800233c   0x0000002c   Code   RO         4583    i.SysTick_Handler   port.o
    0x08002368   0x08002368   0x00000060   Code   RO           24    i.SystemClock_Config  main.o
    0x080023c8   0x080023c8   0x00000048   Code   RO         3006    i.SystemInit        system_stm32f1xx.o
    0x08002410   0x08002410   0x0000000c   Code   RO          283    i.TIM1_UP_IRQHandler  stm32f1xx_it.o
    0x0800241c   0x0800241c   0x0000006c   Code   RO         2167    i.TIM_Base_SetConfig  stm32f1xx_hal_tim.o
    0x08002488   0x08002488   0x0000001a   Code   RO         2168    i.TIM_CCxChannelCmd  stm32f1xx_hal_tim.o
    0x080024a2   0x080024a2   0x00000002   PAD
    0x080024a4   0x080024a4   0x00000050   Code   RO         2180    i.TIM_OC1_SetConfig  stm32f1xx_hal_tim.o
    0x080024f4   0x080024f4   0x00000058   Code   RO         2181    i.TIM_OC2_SetConfig  stm32f1xx_hal_tim.o
    0x0800254c   0x0800254c   0x00000058   Code   RO         2182    i.TIM_OC3_SetConfig  stm32f1xx_hal_tim.o
    0x080025a4   0x080025a4   0x00000044   Code   RO         2183    i.TIM_OC4_SetConfig  stm32f1xx_hal_tim.o
    0x080025e8   0x080025e8   0x00000018   Code   RO         4111    i.TimerCallback     cmsis_os2.o
    0x08002600   0x08002600   0x00000002   Code   RO          284    i.UsageFault_Handler  stm32f1xx_it.o
    0x08002602   0x08002602   0x00000020   Code   RO         1268    i.__NVIC_SetPriority  stm32f1xx_hal_cortex.o
    0x08002622   0x08002622   0x0000000e   Code   RO         4690    i.__scatterload_copy  mc_w.l(handlers.o)
    0x08002630   0x08002630   0x00000002   Code   RO         4691    i.__scatterload_null  mc_w.l(handlers.o)
    0x08002632   0x08002632   0x0000000e   Code   RO         4692    i.__scatterload_zeroinit  mc_w.l(handlers.o)
    0x08002640   0x08002640   0x00000054   Code   RO           25    i.joysticTrRs       main.o
    0x08002694   0x08002694   0x00000050   Code   RO           26    i.joysticTransmition  main.o
    0x080026e4   0x080026e4   0x000000dc   Code   RO           27    i.main              main.o
    0x080027c0   0x080027c0   0x00000034   Code   RO         4112    i.osDelay           cmsis_os2.o
    0x080027f4   0x080027f4   0x00000038   Code   RO         4126    i.osKernelInitialize  cmsis_os2.o
    0x0800282c   0x0800282c   0x00000040   Code   RO         4129    i.osKernelStart     cmsis_os2.o
    0x0800286c   0x0800286c   0x0000007c   Code   RO         4132    i.osMessageQueueGet  cmsis_os2.o
    0x080028e8   0x080028e8   0x00000074   Code   RO         4137    i.osMessageQueueNew  cmsis_os2.o
    0x0800295c   0x0800295c   0x00000080   Code   RO         4138    i.osMessageQueuePut  cmsis_os2.o
    0x080029dc   0x080029dc   0x000000a4   Code   RO         4163    i.osThreadNew       cmsis_os2.o
    0x08002a80   0x08002a80   0x00000084   Code   RO         4172    i.osTimerNew        cmsis_os2.o
    0x08002b04   0x08002b04   0x0000005c   Code   RO         3608    i.prvAddCurrentTaskToDelayedList  tasks.o
    0x08002b60   0x08002b60   0x000000d0   Code   RO         3609    i.prvAddNewTaskToReadyList  tasks.o
    0x08002c30   0x08002c30   0x00000058   Code   RO         3958    i.prvCheckForValidListAndQueue  timers.o
    0x08002c88   0x08002c88   0x00000026   Code   RO         3211    i.prvCopyDataFromQueue  queue.o
    0x08002cae   0x08002cae   0x0000006c   Code   RO         3212    i.prvCopyDataToQueue  queue.o
    0x08002d1a   0x08002d1a   0x00000034   Code   RO         3610    i.prvDeleteTCB      tasks.o
    0x08002d4e   0x08002d4e   0x00000002   PAD
    0x08002d50   0x08002d50   0x0000004c   Code   RO         4533    i.prvHeapInit       heap_4.o
    0x08002d9c   0x08002d9c   0x00000060   Code   RO         3611    i.prvIdleTask       tasks.o
    0x08002dfc   0x08002dfc   0x00000022   Code   RO         3214    i.prvInitialiseNewQueue  queue.o
    0x08002e1e   0x08002e1e   0x0000009c   Code   RO         3612    i.prvInitialiseNewTask  tasks.o
    0x08002eba   0x08002eba   0x00000044   Code   RO         3959    i.prvInitialiseNewTimer  timers.o
    0x08002efe   0x08002efe   0x00000002   PAD
    0x08002f00   0x08002f00   0x0000004c   Code   RO         4534    i.prvInsertBlockIntoFreeList  heap_4.o
    0x08002f4c   0x08002f4c   0x00000038   Code   RO         3960    i.prvInsertTimerInActiveList  timers.o
    0x08002f84   0x08002f84   0x0000001c   Code   RO         3215    i.prvIsQueueEmpty   queue.o
    0x08002fa0   0x08002fa0   0x000000cc   Code   RO         3961    i.prvProcessReceivedCommands  timers.o
    0x0800306c   0x0800306c   0x000000b4   Code   RO         3962    i.prvProcessTimerOrBlockTask  timers.o
    0x08003120   0x08003120   0x00000020   Code   RO         3614    i.prvResetNextTaskUnblockTime  tasks.o
    0x08003140   0x08003140   0x00000028   Code   RO         3963    i.prvSampleTimeNow  timers.o
    0x08003168   0x08003168   0x0000006c   Code   RO         3964    i.prvSwitchTimerLists  timers.o
    0x080031d4   0x080031d4   0x00000028   Code   RO         4584    i.prvTaskExitError  port.o
    0x080031fc   0x080031fc   0x00000024   Code   RO         3965    i.prvTimerTask      timers.o
    0x08003220   0x08003220   0x0000006a   Code   RO         3216    i.prvUnlockQueue    queue.o
    0x0800328a   0x0800328a   0x00000002   PAD
    0x0800328c   0x0800328c   0x000000d8   Code   RO         4535    i.pvPortMalloc      heap_4.o
    0x08003364   0x08003364   0x00000024   Code   RO         3966    i.pvTimerGetTimerID  timers.o
    0x08003388   0x08003388   0x00000024   Code   RO         4585    i.pxPortInitialiseStack  port.o
    0x080033ac   0x080033ac   0x00000026   Code   RO         3171    i.uxListRemove      list.o
    0x080033d2   0x080033d2   0x00000002   PAD
    0x080033d4   0x080033d4   0x00000014   Code   RO         4175    i.vApplicationGetIdleTaskMemory  cmsis_os2.o
    0x080033e8   0x080033e8   0x00000018   Code   RO         4176    i.vApplicationGetTimerTaskMemory  cmsis_os2.o
    0x08003400   0x08003400   0x00000016   Code   RO         3172    i.vListInitialise   list.o
    0x08003416   0x08003416   0x00000006   Code   RO         3173    i.vListInitialiseItem  list.o
    0x0800341c   0x0800341c   0x00000030   Code   RO         3174    i.vListInsert       list.o
    0x0800344c   0x0800344c   0x00000018   Code   RO         3175    i.vListInsertEnd    list.o
    0x08003464   0x08003464   0x00000040   Code   RO         4587    i.vPortEnterCritical  port.o
    0x080034a4   0x080034a4   0x00000028   Code   RO         4588    i.vPortExitCritical  port.o
    0x080034cc   0x080034cc   0x0000005c   Code   RO         4536    i.vPortFree         heap_4.o
    0x08003528   0x08003528   0x00000024   Code   RO         4589    i.vPortSetupTimerInterrupt  port.o
    0x0800354c   0x0800354c   0x00000054   Code   RO         4590    i.vPortValidateInterruptPriority  port.o
    0x080035a0   0x080035a0   0x00000028   Code   RO         3222    i.vQueueAddToRegistry  queue.o
    0x080035c8   0x080035c8   0x00000044   Code   RO         3226    i.vQueueWaitForMessageRestricted  queue.o
    0x0800360c   0x0800360c   0x0000004c   Code   RO         3626    i.vTaskDelay        tasks.o
    0x08003658   0x08003658   0x00000010   Code   RO         3631    i.vTaskInternalSetTimeOutState  tasks.o
    0x08003668   0x08003668   0x0000000c   Code   RO         3632    i.vTaskMissedYield  tasks.o
    0x08003674   0x08003674   0x00000030   Code   RO         3634    i.vTaskPlaceOnEventList  tasks.o
    0x080036a4   0x080036a4   0x00000038   Code   RO         3635    i.vTaskPlaceOnEventListRestricted  tasks.o
    0x080036dc   0x080036dc   0x00000088   Code   RO         3643    i.vTaskStartScheduler  tasks.o
    0x08003764   0x08003764   0x00000010   Code   RO         3645    i.vTaskSuspendAll   tasks.o
    0x08003774   0x08003774   0x00000064   Code   RO         3646    i.vTaskSwitchContext  tasks.o
    0x080037d8   0x080037d8   0x000000a8   Code   RO         4591    i.xPortStartScheduler  port.o
    0x08003880   0x08003880   0x00000048   Code   RO         3231    i.xQueueGenericCreate  queue.o
    0x080038c8   0x080038c8   0x00000066   Code   RO         3232    i.xQueueGenericCreateStatic  queue.o
    0x0800392e   0x0800392e   0x00000002   PAD
    0x08003930   0x08003930   0x00000088   Code   RO         3233    i.xQueueGenericReset  queue.o
    0x080039b8   0x080039b8   0x00000160   Code   RO         3234    i.xQueueGenericSend  queue.o
    0x08003b18   0x08003b18   0x000000bc   Code   RO         3235    i.xQueueGenericSendFromISR  queue.o
    0x08003bd4   0x08003bd4   0x00000138   Code   RO         3244    i.xQueueReceive     queue.o
    0x08003d0c   0x08003d0c   0x0000009a   Code   RO         3245    i.xQueueReceiveFromISR  queue.o
    0x08003da6   0x08003da6   0x00000002   PAD
    0x08003da8   0x08003da8   0x00000074   Code   RO         3647    i.xTaskCheckForTimeOut  tasks.o
    0x08003e1c   0x08003e1c   0x0000005a   Code   RO         3648    i.xTaskCreate       tasks.o
    0x08003e76   0x08003e76   0x00000056   Code   RO         3649    i.xTaskCreateStatic  tasks.o
    0x08003ecc   0x08003ecc   0x0000001c   Code   RO         3653    i.xTaskGetSchedulerState  tasks.o
    0x08003ee8   0x08003ee8   0x0000000c   Code   RO         3654    i.xTaskGetTickCount  tasks.o
    0x08003ef4   0x08003ef4   0x000000c8   Code   RO         3656    i.xTaskIncrementTick  tasks.o
    0x08003fbc   0x08003fbc   0x00000080   Code   RO         3659    i.xTaskPriorityDisinherit  tasks.o
    0x0800403c   0x0800403c   0x00000070   Code   RO         3661    i.xTaskRemoveFromEventList  tasks.o
    0x080040ac   0x080040ac   0x000000c4   Code   RO         3662    i.xTaskResumeAll    tasks.o
    0x08004170   0x08004170   0x00000034   Code   RO         3970    i.xTimerCreate      timers.o
    0x080041a4   0x080041a4   0x0000002e   Code   RO         3971    i.xTimerCreateStatic  timers.o
    0x080041d2   0x080041d2   0x00000002   PAD
    0x080041d4   0x080041d4   0x00000060   Code   RO         3972    i.xTimerCreateTimerTask  timers.o
    0x08004234   0x08004234   0x00000068   Code   RO         3973    i.xTimerGenericCommand  timers.o
    0x0800429c   0x0800429c   0x00000088   Data   RO           32    .constdata          main.o
    0x08004324   0x08004324   0x00000010   Data   RO         3007    .constdata          system_stm32f1xx.o
    0x08004334   0x08004334   0x00000008   Data   RO         3008    .constdata          system_stm32f1xx.o
    0x0800433c   0x0800433c   0x0000003c   Data   RO           33    .conststring        main.o
    0x08004378   0x08004378   0x00000020   Data   RO         4688    Region$$Table       anon$$obj.o


    Execution Region RW_IRAM1 (Exec base: 0x20000000, Load base: 0x08004398, Size: 0x00004fc8, Max: 0x00005000, ABSOLUTE)

    Exec Addr    Load Addr    Size         Type   Attr      Idx    E Section Name        Object

    0x20000000   0x08004398   0x00000018   Data   RW           34    .data               main.o
    0x20000018   0x080043b0   0x0000000c   Data   RW          805    .data               stm32f1xx_hal.o
    0x20000024   0x080043bc   0x00000004   Data   RW         3009    .data               system_stm32f1xx.o
    0x20000028   0x080043c0   0x0000003c   Data   RW         3665    .data               tasks.o
    0x20000064   0x080043fc   0x00000014   Data   RW         3981    .data               timers.o
    0x20000078   0x08004410   0x00000004   Data   RW         4178    .data               cmsis_os2.o
    0x2000007c   0x08004414   0x00000018   Data   RW         4541    .data               heap_4.o
    0x20000094   0x0800442c   0x0000000c   Data   RW         4592    .data               port.o
    0x200000a0        -       0x00000148   Zero   RW           28    .bss                main.o
    0x200001e8        -       0x00000044   Zero   RW           29    .bss                main.o
    0x2000022c        -       0x00000044   Zero   RW           30    .bss                main.o
    0x20000270        -       0x00000044   Zero   RW           31    .bss                main.o
    0x200002b4        -       0x00000040   Zero   RW          432    .bss                stm32f1xx_hal_timebase_tim.o
    0x200002f4        -       0x00000040   Zero   RW         3248    .bss                queue.o
    0x20000334        -       0x000004c4   Zero   RW         3664    .bss                tasks.o
    0x200007f8        -       0x00000118   Zero   RW         3980    .bss                timers.o
    0x20000910        -       0x000006b8   Zero   RW         4177    .bss                cmsis_os2.o
    0x20000fc8        -       0x00003c00   Zero   RW         4540    .bss                heap_4.o
    0x20004bc8        -       0x00000400   Zero   RW            1    STACK               startup_stm32f103xb.o


==============================================================================

Image component sizes


      Code (inc. data)   RO Data    RW Data    ZI Data      Debug   Object Name

       904         62          0          4       1720      19627   cmsis_os2.o
         0          0          0          0          0      20204   event_groups.o
         0          0          0          0          0       2652   freertos.o
       460         24          0         24      15360       4711   heap_4.o
       138          0          0          0          0       3438   list.o
      2032        254        196         24        532     453356   main.o
       662         70          0         12          0      10893   port.o
      1738         20          0          0         64      19497   queue.o
        36          8        236          0       1024        808   startup_stm32f103xb.o
        64         14          0         12          0       4678   stm32f1xx_hal.o
      1112         54          0          0          0       8598   stm32f1xx_hal_adc.o
       158         14          0          0          0      28218   stm32f1xx_hal_cortex.o
       738         36          0          0          0       4358   stm32f1xx_hal_dma.o
       490         34          0          0          0       2908   stm32f1xx_hal_gpio.o
       700         96          0          0          0       4080   stm32f1xx_hal_msp.o
      1304         98          0          0          0       5298   stm32f1xx_hal_rcc.o
       236         12          0          0          0       1396   stm32f1xx_hal_rcc_ex.o
      1028          4          0          0          0       6634   stm32f1xx_hal_spi.o
      1316         44          0          0          0      13258   stm32f1xx_hal_tim.o
        70          0          0          0          0       2381   stm32f1xx_hal_tim_ex.o
       116         18          0          0         64       1439   stm32f1xx_hal_timebase_tim.o
        72         30          0          0          0       4881   stm32f1xx_it.o
         0          0          0          0          0       8900   stream_buffer.o
        72         16         24          4          0       1203   system_stm32f1xx.o
      2064        170          0         60       1220      23396   tasks.o
      1114         82          0         20        280      29935   timers.o

    ----------------------------------------------------------------------
     16658       1160        488        160      20264     686747   Object Totals
         0          0         32          0          0          0   (incl. Generated)
        34          0          0          0          0          0   (incl. Padding)

    ----------------------------------------------------------------------

      Code (inc. data)   RO Data    RW Data    ZI Data      Debug   Library Member Name

         0          0          0          0          0          0   entry.o
         0          0          0          0          0          0   entry10a.o
         0          0          0          0          0          0   entry11a.o
         8          4          0          0          0          0   entry2.o
         4          0          0          0          0          0   entry5.o
         0          0          0          0          0          0   entry7b.o
         0          0          0          0          0          0   entry8b.o
         8          4          0          0          0          0   entry9a.o
        30          0          0          0          0          0   handlers.o
        36          8          0          0          0         68   init.o
        36          0          0          0          0         68   memcpya.o
        36          0          0          0          0        108   memseta.o

    ----------------------------------------------------------------------
       158         16          0          0          0        244   Library Totals
         0          0          0          0          0          0   (incl. Padding)

    ----------------------------------------------------------------------

      Code (inc. data)   RO Data    RW Data    ZI Data      Debug   Library Name

       158         16          0          0          0        244   mc_w.l

    ----------------------------------------------------------------------
       158         16          0          0          0        244   Library Totals

    ----------------------------------------------------------------------

==============================================================================


      Code (inc. data)   RO Data    RW Data    ZI Data      Debug   

     16816       1176        488        160      20264     678459   Grand Totals
     16816       1176        488        160      20264     678459   ELF Image Totals
     16816       1176        488        160          0          0   ROM Totals

==============================================================================

    Total RO  Size (Code + RO Data)                17304 (  16.90kB)
    Total RW  Size (RW Data + ZI Data)             20424 (  19.95kB)
    Total ROM Size (Code + RO Data + RW Data)      17464 (  17.05kB)

==============================================================================

