Component: ARM Compiler 5.06 update 6 (build 750) Tool: armlink [4d35ed]

==============================================================================

Section Cross References

    startup_stm32f103xb.o(RESET) refers to startup_stm32f103xb.o(STACK) for __initial_sp
    startup_stm32f103xb.o(RESET) refers to startup_stm32f103xb.o(.text) for Reset_Handler
    startup_stm32f103xb.o(RESET) refers to stm32f1xx_it.o(i.NMI_Handler) for NMI_Handler
    startup_stm32f103xb.o(RESET) refers to stm32f1xx_it.o(i.HardFault_Handler) for HardFault_Handler
    startup_stm32f103xb.o(RESET) refers to stm32f1xx_it.o(i.MemManage_Handler) for MemManage_Handler
    startup_stm32f103xb.o(RESET) refers to stm32f1xx_it.o(i.BusFault_Handler) for BusFault_Handler
    startup_stm32f103xb.o(RESET) refers to stm32f1xx_it.o(i.UsageFault_Handler) for UsageFault_Handler
    startup_stm32f103xb.o(RESET) refers to port.o(.emb_text) for SVC_Handler
    startup_stm32f103xb.o(RESET) refers to stm32f1xx_it.o(i.DebugMon_Handler) for DebugMon_Handler
    startup_stm32f103xb.o(RESET) refers to port.o(i.SysTick_Handler) for SysTick_Handler
    startup_stm32f103xb.o(RESET) refers to stm32f1xx_it.o(i.DMA1_Channel1_IRQHandler) for DMA1_Channel1_IRQHandler
    startup_stm32f103xb.o(RESET) refers to stm32f1xx_it.o(i.DMA1_Channel2_IRQHandler) for DMA1_Channel2_IRQHandler
    startup_stm32f103xb.o(RESET) refers to stm32f1xx_it.o(i.DMA1_Channel3_IRQHandler) for DMA1_Channel3_IRQHandler
    startup_stm32f103xb.o(RESET) refers to stm32f1xx_it.o(i.TIM1_UP_IRQHandler) for TIM1_UP_IRQHandler
    startup_stm32f103xb.o(RESET) refers to stm32f1xx_it.o(i.SPI1_IRQHandler) for SPI1_IRQHandler
    startup_stm32f103xb.o(.text) refers to system_stm32f1xx.o(i.SystemInit) for SystemInit
    startup_stm32f103xb.o(.text) refers to entry.o(.ARM.Collect$$$$00000000) for __main
    main.o(i.HAL_TIM_PeriodElapsedCallback) refers to stm32f1xx_hal.o(i.HAL_IncTick) for HAL_IncTick
    main.o(i.MX_ADC1_Init) refers to stm32f1xx_hal_adc.o(i.HAL_ADC_Init) for HAL_ADC_Init
    main.o(i.MX_ADC1_Init) refers to stm32f1xx_hal_adc.o(i.HAL_ADC_ConfigChannel) for HAL_ADC_ConfigChannel
    main.o(i.MX_ADC1_Init) refers to main.o(.bss) for .bss
    main.o(i.MX_GPIO_Init) refers to stm32f1xx_hal_gpio.o(i.HAL_GPIO_WritePin) for HAL_GPIO_WritePin
    main.o(i.MX_GPIO_Init) refers to stm32f1xx_hal_gpio.o(i.HAL_GPIO_Init) for HAL_GPIO_Init
    main.o(i.MX_SPI1_Init) refers to stm32f1xx_hal_spi.o(i.HAL_SPI_Init) for HAL_SPI_Init
    main.o(i.MX_SPI1_Init) refers to main.o(.bss) for .bss
    main.o(i.MX_TIM2_Init) refers to memseta.o(.text) for __aeabi_memclr4
    main.o(i.MX_TIM2_Init) refers to stm32f1xx_hal_tim.o(i.HAL_TIM_PWM_Init) for HAL_TIM_PWM_Init
    main.o(i.MX_TIM2_Init) refers to stm32f1xx_hal_tim_ex.o(i.HAL_TIMEx_MasterConfigSynchronization) for HAL_TIMEx_MasterConfigSynchronization
    main.o(i.MX_TIM2_Init) refers to stm32f1xx_hal_tim.o(i.HAL_TIM_PWM_ConfigChannel) for HAL_TIM_PWM_ConfigChannel
    main.o(i.MX_TIM2_Init) refers to stm32f1xx_hal_msp.o(i.HAL_TIM_MspPostInit) for HAL_TIM_MspPostInit
    main.o(i.MX_TIM2_Init) refers to main.o(.bss) for .bss
    main.o(i.MX_TIM3_Init) refers to memseta.o(.text) for __aeabi_memclr4
    main.o(i.MX_TIM3_Init) refers to stm32f1xx_hal_tim.o(i.HAL_TIM_PWM_Init) for HAL_TIM_PWM_Init
    main.o(i.MX_TIM3_Init) refers to stm32f1xx_hal_tim_ex.o(i.HAL_TIMEx_MasterConfigSynchronization) for HAL_TIMEx_MasterConfigSynchronization
    main.o(i.MX_TIM3_Init) refers to stm32f1xx_hal_tim.o(i.HAL_TIM_PWM_ConfigChannel) for HAL_TIM_PWM_ConfigChannel
    main.o(i.MX_TIM3_Init) refers to stm32f1xx_hal_msp.o(i.HAL_TIM_MspPostInit) for HAL_TIM_MspPostInit
    main.o(i.MX_TIM3_Init) refers to main.o(.bss) for .bss
    main.o(i.MX_TIM4_Init) refers to memseta.o(.text) for __aeabi_memclr4
    main.o(i.MX_TIM4_Init) refers to stm32f1xx_hal_tim.o(i.HAL_TIM_PWM_Init) for HAL_TIM_PWM_Init
    main.o(i.MX_TIM4_Init) refers to stm32f1xx_hal_tim_ex.o(i.HAL_TIMEx_MasterConfigSynchronization) for HAL_TIMEx_MasterConfigSynchronization
    main.o(i.MX_TIM4_Init) refers to stm32f1xx_hal_tim.o(i.HAL_TIM_PWM_ConfigChannel) for HAL_TIM_PWM_ConfigChannel
    main.o(i.MX_TIM4_Init) refers to stm32f1xx_hal_msp.o(i.HAL_TIM_MspPostInit) for HAL_TIM_MspPostInit
    main.o(i.MX_TIM4_Init) refers to main.o(.bss) for .bss
    main.o(i.StartDefaultTask) refers to stm32f1xx_hal_adc.o(i.HAL_ADC_Start_DMA) for HAL_ADC_Start_DMA
    main.o(i.StartDefaultTask) refers to stm32f1xx_hal_tim.o(i.HAL_TIM_PWM_Start) for HAL_TIM_PWM_Start
    main.o(i.StartDefaultTask) refers to main.o(i.joysticTransmition) for joysticTransmition
    main.o(i.StartDefaultTask) refers to cmsis_os2.o(i.osDelay) for osDelay
    main.o(i.StartDefaultTask) refers to main.o(i.joysticTrRs) for joysticTrRs
    main.o(i.StartDefaultTask) refers to cmsis_os2.o(i.osMessageQueuePut) for osMessageQueuePut
[...]
    ..\Middlewares\Third_Party\FreeRTOS\Source\portable\RVDS\ARM_CM3\port.c 0x00000000   Number         0  port.o ABSOLUTE
    dc.s                                     0x00000000   Number         0  dc.o ABSOLUTE
    handlers.s                               0x00000000   Number         0  handlers.o ABSOLUTE
    init.s                                   0x00000000   Number         0  init.o ABSOLUTE
    startup_stm32f103xb.s                    0x00000000   Number         0  startup_stm32f103xb.o ABSOLUTE
    RESET                                    0x08000000   Section      236  startup_stm32f103xb.o(RESET)
    .ARM.Collect$$$$00000000                 0x080000ec   Section        0  entry.o(.ARM.Collect$$$$00000000)
    .ARM.Collect$$$$00000001                 0x080000ec   Section        4  entry2.o(.ARM.Collect$$$$00000001)
    .ARM.Collect$$$$00000004                 0x080000f0   Section        4  entry5.o(.ARM.Collect$$$$00000004)
    .ARM.Collect$$$$00000008                 0x080000f4   Section        0  entry7b.o(.ARM.Collect$$$$00000008)
    .ARM.Collect$$$$0000000A                 0x080000f4   Section        0  entry8b.o(.ARM.Collect$$$$0000000A)
    .ARM.Collect$$$$0000000B                 0x080000f4   Section        8  entry9a.o(.ARM.Collect$$$$0000000B)
    .ARM.Collect$$$$0000000D                 0x080000fc   Section        0  entry10a.o(.ARM.Collect$$$$0000000D)
    .ARM.Collect$$$$0000000F                 0x080000fc   Section        0  entry11a.o(.ARM.Collect$$$$0000000F)
    .ARM.Collect$$$$00002712                 0x080000fc   Section        4  entry2.o(.ARM.Collect$$$$00002712)
    __lit__00000000                          0x080000fc   Data           4  entry2.o(.ARM.Collect$$$$00002712)
    .emb_text                                0x08000100   Section      150  port.o(.emb_text)
    .text                                    0x08000198   Section       36  startup_stm32f103xb.o(.text)
    .text                                    0x080001bc   Section        0  llushr.o(.text)
    .text                                    0x080001dc   Section        0  memcpya.o(.text)
    .text                                    0x08000200   Section        0  memseta.o(.text)
    .text                                    0x08000224   Section       36  init.o(.text)
    i.ADC_ConversionStop_Disable             0x08000248   Section        0  stm32f1xx_hal_adc.o(i.ADC_ConversionStop_Disable)
    i.ADC_DMAConvCplt                        0x08000294   Section        0  stm32f1xx_hal_adc.o(i.ADC_DMAConvCplt)
    i.ADC_DMAError                           0x080002e2   Section        0  stm32f1xx_hal_adc.o(i.ADC_DMAError)
    i.ADC_DMAHalfConvCplt                    0x080002fc   Section        0  stm32f1xx_hal_adc.o(i.ADC_DMAHalfConvCplt)
    i.ADC_Enable                             0x08000308   Section        0  stm32f1xx_hal_adc.o(i.ADC_Enable)
    i.BusFault_Handler                       0x08000378   Section        0  stm32f1xx_it.o(i.BusFault_Handler)
    i.Callback01                             0x0800037a   Section        0  main.o(i.Callback01)
    i.DMA1_Channel1_IRQHandler               0x0800037c   Section        0  stm32f1xx_it.o(i.DMA1_Channel1_IRQHandler)
    i.DMA1_Channel2_IRQHandler               0x08000388   Section        0  stm32f1xx_it.o(i.DMA1_Channel2_IRQHandler)
    i.DMA1_Channel3_IRQHandler               0x08000394   Section        0  stm32f1xx_it.o(i.DMA1_Channel3_IRQHandler)
    i.DMA_SetConfig                          0x080003a0   Section        0  stm32f1xx_hal_dma.o(i.DMA_SetConfig)
    DMA_SetConfig                            0x080003a1   Thumb Code    42  stm32f1xx_hal_dma.o(i.DMA_SetConfig)
    i.DebugMon_Handler                       0x080003ca   Section        0  stm32f1xx_it.o(i.DebugMon_Handler)
    i.Error_Handler                          0x080003cc   Section        0  main.o(i.Error_Handler)
    i.FLASH_MassErase                        0x080003d0   Section        0  stm32f1xx_hal_flash_ex.o(i.FLASH_MassErase)
    FLASH_MassErase                          0x080003d1   Thumb Code    26  stm32f1xx_hal_flash_ex.o(i.FLASH_MassErase)
    i.FLASH_PageErase                        0x080003f4   Section        0  stm32f1xx_hal_flash_ex.o(i.FLASH_PageErase)
    i.FLASH_Program_HalfWord                 0x08000418   Section        0  stm32f1xx_hal_flash.o(i.FLASH_Program_HalfWord)
    FLASH_Program_HalfWord                   0x08000419   Thumb Code    20  stm32f1xx_hal_flash.o(i.FLASH_Program_HalfWord)
    i.FLASH_SetErrorCode                     0x08000434   Section        0  stm32f1xx_hal_flash.o(i.FLASH_SetErrorCode)
    FLASH_SetErrorCode                       0x08000435   Thumb Code    84  stm32f1xx_hal_flash.o(i.FLASH_SetErrorCode)
    i.FLASH_WaitForLastOperation             0x08000490   Section        0  stm32f1xx_hal_flash.o(i.FLASH_WaitForLastOperation)
    i.HAL_ADC_ConfigChannel                  0x080004e4   Section        0  stm32f1xx_hal_adc.o(i.HAL_ADC_ConfigChannel)
    i.HAL_ADC_ConvCpltCallback               0x080005e0   Section        0  stm32f1xx_hal_adc.o(i.HAL_ADC_ConvCpltCallback)
    i.HAL_ADC_ConvHalfCpltCallback           0x080005e2   Section        0  stm32f1xx_hal_adc.o(i.HAL_ADC_ConvHalfCpltCallback)
    i.HAL_ADC_ErrorCallback                  0x080005e4   Section        0  stm32f1xx_hal_adc.o(i.HAL_ADC_ErrorCallback)
    i.HAL_ADC_Init                           0x080005e8   Section        0  stm32f1xx_hal_adc.o(i.HAL_ADC_Init)
    i.HAL_ADC_MspInit                        0x08000704   Section        0  stm32f1xx_hal_msp.o(i.HAL_ADC_MspInit)
    i.HAL_ADC_Start_DMA                      0x08000794   Section        0  stm32f1xx_hal_adc.o(i.HAL_ADC_Start_DMA)
    i.HAL_DMA_Abort_IT                       0x080008a0   Section        0  stm32f1xx_hal_dma.o(i.HAL_DMA_Abort_IT)
    i.HAL_DMA_IRQHandler                     0x08000938   Section        0  stm32f1xx_hal_dma.o(i.HAL_DMA_IRQHandler)
    i.HAL_DMA_Init                           0x08000a8c   Section        0  stm32f1xx_hal_dma.o(i.HAL_DMA_Init)
    i.HAL_DMA_Start_IT                       0x08000ae8   Section        0  stm32f1xx_hal_dma.o(i.HAL_DMA_Start_IT)
    i.HAL_FLASHEx_Erase                      0x08000b58   Section        0  stm32f1xx_hal_flash_ex.o(i.HAL_FLASHEx_Erase)
    i.HAL_FLASH_Lock                         0x08000c00   Section        0  stm32f1xx_hal_flash.o(i.HAL_FLASH_Lock)
    i.HAL_FLASH_Program                      0x08000c14   Section        0  stm32f1xx_hal_flash.o(i.HAL_FLASH_Program)
    i.HAL_FLASH_Unlock                       0x08000c94   Section        0  stm32f1xx_hal_flash.o(i.HAL_FLASH_Unlock)
    i.HAL_GPIO_Init                          0x08000cbc   Section        0  stm32f1xx_hal_gpio.o(i.HAL_GPIO_Init)
    i.HAL_GPIO_WritePin                      0x08000e9c   Section        0  stm32f1xx_hal_gpio.o(i.HAL_GPIO_WritePin)
    i.HAL_GetTick                            0x08000ea8   Section        0  stm32f1xx_hal.o(i.HAL_GetTick)
    i.HAL_IncTick                            0x08000eb4   Section        0  stm32f1xx_hal.o(i.HAL_IncTick)
    i.HAL_Init                               0x08000ec4   Section        0  stm32f1xx_hal.o(i.HAL_Init)
    i.HAL_InitTick                           0x08000ee8   Section        0  stm32f1xx_hal_timebase_tim.o(i.HAL_InitTick)
    i.HAL_MspInit                            0x08000f5c   Section        0  stm32f1xx_hal_msp.o(i.HAL_MspInit)
    i.HAL_NVIC_EnableIRQ                     0x08000fa4   Section        0  stm32f1xx_hal_cortex.o(i.HAL_NVIC_EnableIRQ)
    i.HAL_NVIC_SetPriority                   0x08000fc0   Section        0  stm32f1xx_hal_cortex.o(i.HAL_NVIC_SetPriority)
    i.HAL_NVIC_SetPriorityGrouping           0x08001000   Section        0  stm32f1xx_hal_cortex.o(i.HAL_NVIC_SetPriorityGrouping)
    i.HAL_RCCEx_PeriphCLKConfig              0x08001024   Section        0  stm32f1xx_hal_rcc_ex.o(i.HAL_RCCEx_PeriphCLKConfig)
    i.HAL_RCC_ClockConfig                    0x08001110   Section        0  stm32f1xx_hal_rcc.o(i.HAL_RCC_ClockConfig)
    i.HAL_RCC_GetClockConfig                 0x0800123c   Section        0  stm32f1xx_hal_rcc.o(i.HAL_RCC_GetClockConfig)
    i.HAL_RCC_GetPCLK2Freq                   0x0800127c   Section        0  stm32f1xx_hal_rcc.o(i.HAL_RCC_GetPCLK2Freq)
    i.HAL_RCC_GetSysClockFreq                0x0800129c   Section        0  stm32f1xx_hal_rcc.o(i.HAL_RCC_GetSysClockFreq)
    i.HAL_RCC_OscConfig                      0x08001308   Section        0  stm32f1xx_hal_rcc.o(i.HAL_RCC_OscConfig)
    i.HAL_SPI_ErrorCallback                  0x08001628   Section        0  stm32f1xx_hal_spi.o(i.HAL_SPI_ErrorCallback)
    i.HAL_SPI_IRQHandler                     0x0800162c   Section        0  stm32f1xx_hal_spi.o(i.HAL_SPI_IRQHandler)
    i.HAL_SPI_Init                           0x0800170c   Section        0  stm32f1xx_hal_spi.o(i.HAL_SPI_Init)
    i.HAL_SPI_MspInit                        0x08001788   Section        0  stm32f1xx_hal_msp.o(i.HAL_SPI_MspInit)
    i.HAL_SPI_TransmitReceive                0x08001860   Section        0  stm32f1xx_hal_spi.o(i.HAL_SPI_TransmitReceive)
    i.HAL_TIMEx_BreakCallback                0x08001a42   Section        0  stm32f1xx_hal_tim_ex.o(i.HAL_TIMEx_BreakCallback)
    i.HAL_TIMEx_CommutCallback               0x08001a44   Section        0  stm32f1xx_hal_tim_ex.o(i.HAL_TIMEx_CommutCallback)
    i.HAL_TIMEx_MasterConfigSynchronization  0x08001a46   Section        0  stm32f1xx_hal_tim_ex.o(i.HAL_TIMEx_MasterConfigSynchronization)
    i.HAL_TIM_Base_Init                      0x08001a88   Section        0  stm32f1xx_hal_tim.o(i.HAL_TIM_Base_Init)
    i.HAL_TIM_Base_MspInit                   0x08001abe   Section        0  stm32f1xx_hal_tim.o(i.HAL_TIM_Base_MspInit)
    i.HAL_TIM_Base_Start_IT                  0x08001ac0   Section        0  stm32f1xx_hal_tim.o(i.HAL_TIM_Base_Start_IT)
    i.HAL_TIM_IC_CaptureCallback             0x08001ae2   Section        0  stm32f1xx_hal_tim.o(i.HAL_TIM_IC_CaptureCallback)
    i.HAL_TIM_IRQHandler                     0x08001ae4   Section        0  stm32f1xx_hal_tim.o(i.HAL_TIM_IRQHandler)
    i.HAL_TIM_MspPostInit                    0x08001c4c   Section        0  stm32f1xx_hal_msp.o(i.HAL_TIM_MspPostInit)
    i.HAL_TIM_OC_DelayElapsedCallback        0x08001d00   Section        0  stm32f1xx_hal_tim.o(i.HAL_TIM_OC_DelayElapsedCallback)
    i.HAL_TIM_PWM_ConfigChannel              0x08001d02   Section        0  stm32f1xx_hal_tim.o(i.HAL_TIM_PWM_ConfigChannel)
    i.HAL_TIM_PWM_Init                       0x08001dd2   Section        0  stm32f1xx_hal_tim.o(i.HAL_TIM_PWM_Init)
    i.HAL_TIM_PWM_MspInit                    0x08001e08   Section        0  stm32f1xx_hal_msp.o(i.HAL_TIM_PWM_MspInit)
    i.HAL_TIM_PWM_PulseFinishedCallback      0x08001e60   Section        0  stm32f1xx_hal_tim.o(i.HAL_TIM_PWM_PulseFinishedCallback)
    i.HAL_TIM_PWM_Start                      0x08001e64   Section        0  stm32f1xx_hal_tim.o(i.HAL_TIM_PWM_Start)
    i.HAL_TIM_PWM_Stop                       0x08001e9c   Section        0  stm32f1xx_hal_tim.o(i.HAL_TIM_PWM_Stop)
    i.HAL_TIM_PeriodElapsedCallback          0x08001ef0   Section        0  main.o(i.HAL_TIM_PeriodElapsedCallback)
    i.HAL_TIM_TriggerCallback                0x08001f04   Section        0  stm32f1xx_hal_tim.o(i.HAL_TIM_TriggerCallback)
    i.HardFault_Handler                      0x08001f06   Section        0  stm32f1xx_it.o(i.HardFault_Handler)
    i.MX_ADC1_Init                           0x08001f08   Section        0  main.o(i.MX_ADC1_Init)
    MX_ADC1_Init                             0x08001f09   Thumb Code    74  main.o(i.MX_ADC1_Init)
    i.MX_GPIO_Init                           0x08001f5c   Section        0  main.o(i.MX_GPIO_Init)
    MX_GPIO_Init                             0x08001f5d   Thumb Code   188  main.o(i.MX_GPIO_Init)
    i.MX_SPI1_Init                           0x08002028   Section        0  main.o(i.MX_SPI1_Init)
    MX_SPI1_Init                             0x08002029   Thumb Code    50  main.o(i.MX_SPI1_Init)
    i.MX_TIM2_Init                           0x08002064   Section        0  main.o(i.MX_TIM2_Init)
    MX_TIM2_Init                             0x08002065   Thumb Code    92  main.o(i.MX_TIM2_Init)
    i.MX_TIM3_Init                           0x080020c4   Section        0  main.o(i.MX_TIM3_Init)
    MX_TIM3_Init                             0x080020c5   Thumb Code   110  main.o(i.MX_TIM3_Init)
    i.MX_TIM4_Init                           0x0800213c   Section        0  main.o(i.MX_TIM4_Init)
    MX_TIM4_Init                             0x0800213d   Thumb Code    90  main.o(i.MX_TIM4_Init)
    i.MemManage_Handler                      0x080021a0   Section        0  stm32f1xx_it.o(i.MemManage_Handler)
    i.NMI_Handler                            0x080021a2   Section        0  stm32f1xx_it.o(i.NMI_Handler)
    i.SPI1_IRQHandler                        0x080021a4   Section        0  stm32f1xx_it.o(i.SPI1_IRQHandler)
    i.SPI_DMAAbortOnError                    0x080021b0   Section        0  stm32f1xx_hal_spi.o(i.SPI_DMAAbortOnError)
    SPI_DMAAbortOnError                      0x080021b1   Thumb Code    16  stm32f1xx_hal_spi.o(i.SPI_DMAAbortOnError)
    i.SPI_EndRxTxTransaction                 0x080021c0   Section        0  stm32f1xx_hal_spi.o(i.SPI_EndRxTxTransaction)
    SPI_EndRxTxTransaction                   0x080021c1   Thumb Code    32  stm32f1xx_hal_spi.o(i.SPI_EndRxTxTransaction)
    i.SPI_WaitFlagStateUntilTimeout          0x080021e0   Section        0  stm32f1xx_hal_spi.o(i.SPI_WaitFlagStateUntilTimeout)
    SPI_WaitFlagStateUntilTimeout            0x080021e1   Thumb Code   148  stm32f1xx_hal_spi.o(i.SPI_WaitFlagStateUntilTimeout)
    i.StartDefaultTask                       0x08002274   Section        0  main.o(i.StartDefaultTask)
    i.StartTask02                            0x08002590   Section        0  main.o(i.StartTask02)
    i.StartTask03                            0x08002690   Section        0  main.o(i.StartTask03)
    i.SysTick_Handler                        0x08002750   Section        0  port.o(i.SysTick_Handler)
    i.SystemClock_Config                     0x0800277c   Section        0  main.o(i.SystemClock_Config)
    i.SystemInit                             0x080027dc   Section        0  system_stm32f1xx.o(i.SystemInit)
    i.TIM1_UP_IRQHandler                     0x08002824   Section        0  stm32f1xx_it.o(i.TIM1_UP_IRQHandler)
    i.TIM_Base_SetConfig                     0x08002830   Section        0  stm32f1xx_hal_tim.o(i.TIM_Base_SetConfig)
    i.TIM_CCxChannelCmd                      0x0800289c   Section        0  stm32f1xx_hal_tim.o(i.TIM_CCxChannelCmd)
    i.TIM_OC1_SetConfig                      0x080028b8   Section        0  stm32f1xx_hal_tim.o(i.TIM_OC1_SetConfig)
    TIM_OC1_SetConfig                        0x080028b9   Thumb Code    74  stm32f1xx_hal_tim.o(i.TIM_OC1_SetConfig)
    i.TIM_OC2_SetConfig                      0x08002908   Section        0  stm32f1xx_hal_tim.o(i.TIM_OC2_SetConfig)
    i.TIM_OC3_SetConfig                      0x08002960   Section        0  stm32f1xx_hal_tim.o(i.TIM_OC3_SetConfig)
    TIM_OC3_SetConfig                        0x08002961   Thumb Code    82  stm32f1xx_hal_tim.o(i.TIM_OC3_SetConfig)
    i.TIM_OC4_SetConfig                      0x080029b8   Section        0  stm32f1xx_hal_tim.o(i.TIM_OC4_SetConfig)
    TIM_OC4_SetConfig                        0x080029b9   Thumb Code    64  stm32f1xx_hal_tim.o(i.TIM_OC4_SetConfig)
    i.TimerCallback                          0x080029fc   Section        0  cmsis_os2.o(i.TimerCallback)
    TimerCallback                            0x080029fd   Thumb Code    24  cmsis_os2.o(i.TimerCallback)
    i.UsageFault_Handler                     0x08002a14   Section        0  stm32f1xx_it.o(i.UsageFault_Handler)
    i.__NVIC_SetPriority                     0x08002a16   Section        0  stm32f1xx_hal_cortex.o(i.__NVIC_SetPriority)
    __NVIC_SetPriority                       0x08002a17   Thumb Code    32  stm32f1xx_hal_cortex.o(i.__NVIC_SetPriority)
    i.__scatterload_copy                     0x08002a36   Section       14  handlers.o(i.__scatterload_copy)
    i.__scatterload_null                     0x08002a44   Section        2  handlers.o(i.__scatterload_null)
    i.__scatterload_zeroinit                 0x08002a46   Section       14  handlers.o(i.__scatterload_zeroinit)
    i.joysticTrRs                            0x08002a54   Section        0  main.o(i.joysticTrRs)
    i.joysticTransmition                     0x08002aa8   Section        0  main.o(i.joysticTransmition)
    i.main                                   0x08002af8   Section        0  main.o(i.main)
    i.osDelay                                0x08002bfc   Section        0  cmsis_os2.o(i.osDelay)
    i.osKernelInitialize                     0x08002c30   Section        0  cmsis_os2.o(i.osKernelInitialize)
    i.osKernelStart                          0x08002c68   Section        0  cmsis_os2.o(i.osKernelStart)
    i.osMessageQueueGet                      0x08002ca8   Section        0  cmsis_os2.o(i.osMessageQueueGet)
    i.osMessageQueueNew                      0x08002d24   Section        0  cmsis_os2.o(i.osMessageQueueNew)
    i.osMessageQueuePut                      0x08002d98   Section        0  cmsis_os2.o(i.osMessageQueuePut)
    i.osThreadNew                            0x08002e18   Section        0  cmsis_os2.o(i.osThreadNew)
    i.osTimerNew                             0x08002ebc   Section        0  cmsis_os2.o(i.osTimerNew)
    i.prvAddCurrentTaskToDelayedList         0x08002f40   Section        0  tasks.o(i.prvAddCurrentTaskToDelayedList)
    prvAddCurrentTaskToDelayedList           0x08002f41   Thumb Code    84  tasks.o(i.prvAddCurrentTaskToDelayedList)
    i.prvAddNewTaskToReadyList               0x08002f9c   Section        0  tasks.o(i.prvAddNewTaskToReadyList)
    prvAddNewTaskToReadyList                 0x08002f9d   Thumb Code   190  tasks.o(i.prvAddNewTaskToReadyList)
    i.prvCheckForValidListAndQueue           0x0800306c   Section        0  timers.o(i.prvCheckForValidListAndQueue)
    prvCheckForValidListAndQueue             0x0800306d   Thumb Code    72  timers.o(i.prvCheckForValidListAndQueue)
    i.prvCopyDataFromQueue                   0x080030c4   Section        0  queue.o(i.prvCopyDataFromQueue)
    prvCopyDataFromQueue                     0x080030c5   Thumb Code    38  queue.o(i.prvCopyDataFromQueue)
    i.prvCopyDataToQueue                     0x080030ea   Section        0  queue.o(i.prvCopyDataToQueue)
    prvCopyDataToQueue                       0x080030eb   Thumb Code   108  queue.o(i.prvCopyDataToQueue)
    i.prvDeleteTCB                           0x08003156   Section        0  tasks.o(i.prvDeleteTCB)
    prvDeleteTCB                             0x08003157   Thumb Code    52  tasks.o(i.prvDeleteTCB)
    i.prvHeapInit                            0x0800318c   Section        0  heap_4.o(i.prvHeapInit)
    prvHeapInit                              0x0800318d   Thumb Code    64  heap_4.o(i.prvHeapInit)
    i.prvIdleTask                            0x080031d4   Section        0  tasks.o(i.prvIdleTask)
    prvIdleTask                              0x080031d5   Thumb Code    82  tasks.o(i.prvIdleTask)
    i.prvInitialiseNewQueue                  0x08003234   Section        0  queue.o(i.prvInitialiseNewQueue)
    prvInitialiseNewQueue                    0x08003235   Thumb Code    34  queue.o(i.prvInitialiseNewQueue)
    i.prvInitialiseNewTask                   0x08003256   Section        0  tasks.o(i.prvInitialiseNewTask)
    prvInitialiseNewTask                     0x08003257   Thumb Code   156  tasks.o(i.prvInitialiseNewTask)
    i.prvInitialiseNewTimer                  0x080032f2   Section        0  timers.o(i.prvInitialiseNewTimer)
    prvInitialiseNewTimer                    0x080032f3   Thumb Code    68  timers.o(i.prvInitialiseNewTimer)
    i.prvInsertBlockIntoFreeList             0x08003338   Section        0  heap_4.o(i.prvInsertBlockIntoFreeList)
    prvInsertBlockIntoFreeList               0x08003339   Thumb Code    72  heap_4.o(i.prvInsertBlockIntoFreeList)
    i.prvInsertTimerInActiveList             0x08003384   Section        0  timers.o(i.prvInsertTimerInActiveList)
    prvInsertTimerInActiveList               0x08003385   Thumb Code    52  timers.o(i.prvInsertTimerInActiveList)
    i.prvIsQueueEmpty                        0x080033bc   Section        0  queue.o(i.prvIsQueueEmpty)
    prvIsQueueEmpty                          0x080033bd   Thumb Code    28  queue.o(i.prvIsQueueEmpty)
    i.prvProcessReceivedCommands             0x080033d8   Section        0  timers.o(i.prvProcessReceivedCommands)
    prvProcessReceivedCommands               0x080033d9   Thumb Code   198  timers.o(i.prvProcessReceivedCommands)
    i.prvProcessTimerOrBlockTask             0x080034a4   Section        0  timers.o(i.prvProcessTimerOrBlockTask)
    prvProcessTimerOrBlockTask               0x080034a5   Thumb Code   172  timers.o(i.prvProcessTimerOrBlockTask)
    i.prvResetNextTaskUnblockTime            0x08003558   Section        0  tasks.o(i.prvResetNextTaskUnblockTime)
    prvResetNextTaskUnblockTime              0x08003559   Thumb Code    26  tasks.o(i.prvResetNextTaskUnblockTime)
    i.prvSampleTimeNow                       0x08003578   Section        0  timers.o(i.prvSampleTimeNow)
    prvSampleTimeNow                         0x08003579   Thumb Code    36  timers.o(i.prvSampleTimeNow)
    i.prvSwitchTimerLists                    0x080035a0   Section        0  timers.o(i.prvSwitchTimerLists)
    prvSwitchTimerLists                      0x080035a1   Thumb Code   102  timers.o(i.prvSwitchTimerLists)
    i.prvTaskExitError                       0x0800360c   Section        0  port.o(i.prvTaskExitError)
    prvTaskExitError                         0x0800360d   Thumb Code    36  port.o(i.prvTaskExitError)
    i.prvTimerTask                           0x08003634   Section        0  timers.o(i.prvTimerTask)
    prvTimerTask                             0x08003635   Thumb Code    32  timers.o(i.prvTimerTask)
    i.prvUnlockQueue                         0x08003658   Section        0  queue.o(i.prvUnlockQueue)
    prvUnlockQueue                           0x08003659   Thumb Code   106  queue.o(i.prvUnlockQueue)
    i.pvPortMalloc                           0x080036c4   Section        0  heap_4.o(i.pvPortMalloc)
    i.pvTimerGetTimerID                      0x0800379c   Section        0  timers.o(i.pvTimerGetTimerID)
    i.pxPortInitialiseStack                  0x080037c0   Section        0  port.o(i.pxPortInitialiseStack)
    i.uxListRemove                           0x080037e4   Section        0  list.o(i.uxListRemove)
    i.vApplicationGetIdleTaskMemory          0x0800380c   Section        0  cmsis_os2.o(i.vApplicationGetIdleTaskMemory)
    i.vApplicationGetTimerTaskMemory         0x08003820   Section        0  cmsis_os2.o(i.vApplicationGetTimerTaskMemory)
    i.vListInitialise                        0x08003838   Section        0  list.o(i.vListInitialise)
    i.vListInitialiseItem                    0x0800384e   Section        0  list.o(i.vListInitialiseItem)
    i.vListInsert                            0x08003854   Section        0  list.o(i.vListInsert)
    i.vListInsertEnd                         0x08003884   Section        0  list.o(i.vListInsertEnd)
    i.vPortEnterCritical                     0x0800389c   Section        0  port.o(i.vPortEnterCritical)
    i.vPortExitCritical                      0x080038dc   Section        0  port.o(i.vPortExitCritical)
    i.vPortFree                              0x08003904   Section        0  heap_4.o(i.vPortFree)
    i.vPortSetupTimerInterrupt               0x08003960   Section        0  port.o(i.vPortSetupTimerInterrupt)
    i.vPortValidateInterruptPriority         0x08003984   Section        0  port.o(i.vPortValidateInterruptPriority)
    i.vQueueAddToRegistry                    0x080039d8   Section        0  queue.o(i.vQueueAddToRegistry)
    i.vQueueWaitForMessageRestricted         0x08003a00   Section        0  queue.o(i.vQueueWaitForMessageRestricted)
    i.vTaskDelay                             0x08003a44   Section        0  tasks.o(i.vTaskDelay)
    i.vTaskInternalSetTimeOutState           0x08003a90   Section        0  tasks.o(i.vTaskInternalSetTimeOutState)
    i.vTaskMissedYield                       0x08003aa0   Section        0  tasks.o(i.vTaskMissedYield)
    i.vTaskPlaceOnEventList                  0x08003aac   Section        0  tasks.o(i.vTaskPlaceOnEventList)
    i.vTaskPlaceOnEventListRestricted        0x08003adc   Section        0  tasks.o(i.vTaskPlaceOnEventListRestricted)
    i.vTaskStartScheduler                    0x08003b14   Section        0  tasks.o(i.vTaskStartScheduler)
    i.vTaskSuspendAll                        0x08003b9c   Section        0  tasks.o(i.vTaskSuspendAll)
    i.vTaskSwitchContext                     0x08003bac   Section        0  tasks.o(i.vTaskSwitchContext)
    i.xPortStartScheduler                    0x08003c10   Section        0  port.o(i.xPortStartScheduler)
    i.xQueueGenericCreate                    0x08003cb8   Section        0  queue.o(i.xQueueGenericCreate)
    i.xQueueGenericCreateStatic              0x08003d00   Section        0  queue.o(i.xQueueGenericCreateStatic)
    i.xQueueGenericReset                     0x08003d68   Section        0  queue.o(i.xQueueGenericReset)
    i.xQueueGenericSend                      0x08003df0   Section        0  queue.o(i.xQueueGenericSend)
    i.xQueueGenericSendFromISR               0x08003f50   Section        0  queue.o(i.xQueueGenericSendFromISR)
    i.xQueueReceive                          0x0800400c   Section        0  queue.o(i.xQueueReceive)
    i.xQueueReceiveFromISR                   0x08004144   Section        0  queue.o(i.xQueueReceiveFromISR)
    i.xTaskCheckForTimeOut                   0x080041e0   Section        0  tasks.o(i.xTaskCheckForTimeOut)
    i.xTaskCreate                            0x08004254   Section        0  tasks.o(i.xTaskCreate)
    i.xTaskCreateStatic                      0x080042ae   Section        0  tasks.o(i.xTaskCreateStatic)
    i.xTaskGetSchedulerState                 0x08004304   Section        0  tasks.o(i.xTaskGetSchedulerState)
    i.xTaskGetTickCount                      0x08004320   Section        0  tasks.o(i.xTaskGetTickCount)
    i.xTaskIncrementTick                     0x0800432c   Section        0  tasks.o(i.xTaskIncrementTick)
    i.xTaskPriorityDisinherit                0x080043f4   Section        0  tasks.o(i.xTaskPriorityDisinherit)
    i.xTaskRemoveFromEventList               0x08004474   Section        0  tasks.o(i.xTaskRemoveFromEventList)
    i.xTaskResumeAll                         0x080044e4   Section        0  tasks.o(i.xTaskResumeAll)
    i.xTimerCreate                           0x080045a8   Section        0  timers.o(i.xTimerCreate)
    i.xTimerCreateStatic                     0x080045dc   Section        0  timers.o(i.xTimerCreateStatic)
    i.xTimerCreateTimerTask                  0x0800460c   Section        0  timers.o(i.xTimerCreateTimerTask)
    i.xTimerGenericCommand                   0x0800466c   Section        0  timers.o(i.xTimerGenericCommand)
    .constdata                               0x080046d4   Section      172  main.o(.constdata)
    .constdata                               0x08004780   Section       16  system_stm32f1xx.o(.constdata)
    .constdata                               0x08004790   Section        8  system_stm32f1xx.o(.constdata)
    .conststring                             0x08004798   Section       72  main.o(.conststring)
    .data                                    0x20000000   Section      150  main.o(.data)
    .data                                    0x20000098   Section       12  stm32f1xx_hal.o(.data)
    .data                                    0x200000a4   Section        4  system_stm32f1xx.o(.data)
    .data                                    0x200000a8   Section       60  tasks.o(.data)
    pxDelayedTaskList                        0x200000ac   Data           4  tasks.o(.data)
    pxOverflowDelayedTaskList                0x200000b0   Data           4  tasks.o(.data)
    uxDeletedTasksWaitingCleanUp             0x200000b4   Data           4  tasks.o(.data)
    uxCurrentNumberOfTasks                   0x200000b8   Data           4  tasks.o(.data)
    xTickCount                               0x200000bc   Data           4  tasks.o(.data)
    uxTopReadyPriority                       0x200000c0   Data           4  tasks.o(.data)
    xSchedulerRunning                        0x200000c4   Data           4  tasks.o(.data)
    uxPendedTicks                            0x200000c8   Data           4  tasks.o(.data)
    xYieldPending                            0x200000cc   Data           4  tasks.o(.data)
    xNumOfOverflows                          0x200000d0   Data           4  tasks.o(.data)
    uxTaskNumber                             0x200000d4   Data           4  tasks.o(.data)
    xNextTaskUnblockTime                     0x200000d8   Data           4  tasks.o(.data)
    xIdleTaskHandle                          0x200000dc   Data           4  tasks.o(.data)
    uxSchedulerSuspended                     0x200000e0   Data           4  tasks.o(.data)
    .data                                    0x200000e4   Section       20  timers.o(.data)
    pxCurrentTimerList                       0x200000e4   Data           4  timers.o(.data)
    pxOverflowTimerList                      0x200000e8   Data           4  timers.o(.data)
    xTimerQueue                              0x200000ec   Data           4  timers.o(.data)
    xTimerTaskHandle                         0x200000f0   Data           4  timers.o(.data)
    xLastTime                                0x200000f4   Data           4  timers.o(.data)
    .data                                    0x200000f8   Section        4  cmsis_os2.o(.data)
    KernelState                              0x200000f8   Data           4  cmsis_os2.o(.data)
    .data                                    0x200000fc   Section       24  heap_4.o(.data)
    pxEnd                                    0x200000fc   Data           4  heap_4.o(.data)
    xFreeBytesRemaining                      0x20000100   Data           4  heap_4.o(.data)
    xMinimumEverFreeBytesRemaining           0x20000104   Data           4  heap_4.o(.data)
    xBlockAllocatedBit                       0x20000108   Data           4  heap_4.o(.data)
    xStart                                   0x2000010c   Data           8  heap_4.o(.data)
    .data                                    0x20000114   Section       12  port.o(.data)
    ucMaxSysCallPriority                     0x20000114   Data           1  port.o(.data)
    uxCriticalNesting                        0x20000118   Data           4  port.o(.data)
    ulMaxPRIGROUPValue                       0x2000011c   Data           4  port.o(.data)
    .bss                                     0x20000120   Section      328  main.o(.bss)
    .bss                                     0x20000268   Section       68  main.o(.bss)
    .bss                                     0x200002ac   Section       68  main.o(.bss)
    .bss                                     0x200002f0   Section       68  main.o(.bss)
    .bss                                     0x20000334   Section       64  stm32f1xx_hal_timebase_tim.o(.bss)
    .bss                                     0x20000378   Section       32  stm32f1xx_hal_flash.o(.bss)
    .bss                                     0x20000398   Section       64  queue.o(.bss)
    .bss                                     0x200003d8   Section     1220  tasks.o(.bss)
    pxReadyTasksLists                        0x200003d8   Data        1120  tasks.o(.bss)
    xDelayedTaskList1                        0x20000838   Data          20  tasks.o(.bss)
    xDelayedTaskList2                        0x2000084c   Data          20  tasks.o(.bss)
    xPendingReadyList                        0x20000860   Data          20  tasks.o(.bss)
    xTasksWaitingTermination                 0x20000874   Data          20  tasks.o(.bss)
    xSuspendedTaskList                       0x20000888   Data          20  tasks.o(.bss)
    .bss                                     0x2000089c   Section      280  timers.o(.bss)
    xActiveTimerList1                        0x2000089c   Data          20  timers.o(.bss)
    xActiveTimerList2                        0x200008b0   Data          20  timers.o(.bss)
    xStaticTimerQueue                        0x200008c4   Data          80  timers.o(.bss)
    ucStaticTimerQueueStorage                0x20000914   Data         160  timers.o(.bss)
    .bss                                     0x200009b4   Section     1720  cmsis_os2.o(.bss)
    Idle_TCB                                 0x200009b4   Data          92  cmsis_os2.o(.bss)
    Idle_Stack                               0x20000a10   Data         512  cmsis_os2.o(.bss)
    Timer_TCB                                0x20000c10   Data          92  cmsis_os2.o(.bss)
    Timer_Stack                              0x20000c6c   Data        1024  cmsis_os2.o(.bss)
    .bss                                     0x2000106c   Section    13600  heap_4.o(.bss)
    ucHeap                                   0x2000106c   Data       13600  heap_4.o(.bss)
    STACK                                    0x20004590   Section     1024  startup_stm32f103xb.o(STACK)

    Global Symbols

    Symbol Name                              Value     Ov Type        Size  Object(Section)

    BuildAttributes$$THM_ISAv4$P$D$K$B$S$PE$A:L22UL41UL21$X:L11$S22US41US21$IEEE1$IW$USESV6$~STKCKD$USESV7$~SHL$OSPACE$EBA8$MICROLIB$REQ8$PRES8$EABIv2 0x00000000   Number         0  anon$$obj.o ABSOLUTE
    __ARM_use_no_argv                        0x00000000   Number         0  main.o ABSOLUTE
    __cpp_initialize__aeabi_                  - Undefined Weak Reference
    __cxa_finalize                            - Undefined Weak Reference
    __decompress                              - Undefined Weak Reference
    _clock_init                               - Undefined Weak Reference
    _microlib_exit                            - Undefined Weak Reference
    __Vectors_Size                           0x000000ec   Number         0  startup_stm32f103xb.o ABSOLUTE
    __Vectors                                0x08000000   Data           4  startup_stm32f103xb.o(RESET)
    __Vectors_End                            0x080000ec   Data           0  startup_stm32f103xb.o(RESET)
    __main                                   0x080000ed   Thumb Code     0  entry.o(.ARM.Collect$$$$00000000)
    _main_stk                                0x080000ed   Thumb Code     0  entry2.o(.ARM.Collect$$$$00000001)
    _main_scatterload                        0x080000f1   Thumb Code     0  entry5.o(.ARM.Collect$$$$00000004)
    __main_after_scatterload                 0x080000f5   Thumb Code     0  entry5.o(.ARM.Collect$$$$00000004)
    _main_clock                              0x080000f5   Thumb Code     0  entry7b.o(.ARM.Collect$$$$00000008)
    _main_cpp_init                           0x080000f5   Thumb Code     0  entry8b.o(.ARM.Collect$$$$0000000A)
    _main_init                               0x080000f5   Thumb Code     0  entry9a.o(.ARM.Collect$$$$0000000B)
    __rt_final_cpp                           0x080000fd   Thumb Code     0  entry10a.o(.ARM.Collect$$$$0000000D)
    __rt_final_exit                          0x080000fd   Thumb Code     0  entry11a.o(.ARM.Collect$$$$0000000F)
    SVC_Handler                              0x08000101   Thumb Code    32  port.o(.emb_text)
    __asm___6_port_c_39a90d8d__prvStartFirstTask 0x08000125   Thumb Code    28  port.o(.emb_text)
    PendSV_Handler                           0x08000145   Thumb Code    72  port.o(.emb_text)
    vPortGetIPSR                             0x08000191   Thumb Code     6  port.o(.emb_text)
    Reset_Handler                            0x08000199   Thumb Code     8  startup_stm32f103xb.o(.text)
    ADC1_2_IRQHandler                        0x080001b3   Thumb Code     0  startup_stm32f103xb.o(.text)
    CAN1_RX1_IRQHandler                      0x080001b3   Thumb Code     0  startup_stm32f103xb.o(.text)
    CAN1_SCE_IRQHandler                      0x080001b3   Thumb Code     0  startup_stm32f103xb.o(.text)
    DMA1_Channel4_IRQHandler                 0x080001b3   Thumb Code     0  startup_stm32f103xb.o(.text)
    DMA1_Channel5_IRQHandler                 0x080001b3   Thumb Code     0  startup_stm32f103xb.o(.text)
    DMA1_Channel6_IRQHandler                 0x080001b3   Thumb Code     0  startup_stm32f103xb.o(.text)
    DMA1_Channel7_IRQHandler                 0x080001b3   Thumb Code     0  startup_stm32f103xb.o(.text)
    EXTI0_IRQHandler                         0x080001b3   Thumb Code     0  startup_stm32f103xb.o(.text)
    EXTI15_10_IRQHandler                     0x080001b3   Thumb Code     0  startup_stm32f103xb.o(.text)
    EXTI1_IRQHandler                         0x080001b3   Thumb Code     0  startup_stm32f103xb.o(.text)
    EXTI2_IRQHandler                         0x080001b3   Thumb Code     0  startup_stm32f103xb.o(.text)
    EXTI3_IRQHandler                         0x080001b3   Thumb Code     0  startup_stm32f103xb.o(.text)
    EXTI4_IRQHandler                         0x080001b3   Thumb Code     0  startup_stm32f103xb.o(.text)
    EXTI9_5_IRQHandler                       0x080001b3   Thumb Code     0  startup_stm32f103xb.o(.text)
    FLASH_IRQHandler                         0x080001b3   Thumb Code     0  startup_stm32f103xb.o(.text)
    I2C1_ER_IRQHandler                       0x080001b3   Thumb Code     0  startup_stm32f103xb.o(.text)
    I2C1_EV_IRQHandler                       0x080001b3   Thumb Code     0  startup_stm32f103xb.o(.text)
    I2C2_ER_IRQHandler                       0x080001b3   Thumb Code     0  startup_stm32f103xb.o(.text)
    I2C2_EV_IRQHandler                       0x080001b3   Thumb Code     0  startup_stm32f103xb.o(.text)
    PVD_IRQHandler                           0x080001b3   Thumb Code     0  startup_stm32f103xb.o(.text)
    RCC_IRQHandler                           0x080001b3   Thumb Code     0  startup_stm32f103xb.o(.text)
    RTC_Alarm_IRQHandler                     0x080001b3   Thumb Code     0  startup_stm32f103xb.o(.text)
    RTC_IRQHandler                           0x080001b3   Thumb Code     0  startup_stm32f103xb.o(.text)
    SPI2_IRQHandler                          0x080001b3   Thumb Code     0  startup_stm32f103xb.o(.text)
    TAMPER_IRQHandler                        0x080001b3   Thumb Code     0  startup_stm32f103xb.o(.text)
    TIM1_BRK_IRQHandler                      0x080001b3   Thumb Code     0  startup_stm32f103xb.o(.text)
    TIM1_CC_IRQHandler                       0x080001b3   Thumb Code     0  startup_stm32f103xb.o(.text)
    TIM1_TRG_COM_IRQHandler                  0x080001b3   Thumb Code     0  startup_stm32f103xb.o(.text)
    TIM2_IRQHandler                          0x080001b3   Thumb Code     0  startup_stm32f103xb.o(.text)
    TIM3_IRQHandler                          0x080001b3   Thumb Code     0  startup_stm32f103xb.o(.text)
    TIM4_IRQHandler                          0x080001b3   Thumb Code     0  startup_stm32f103xb.o(.text)
    USART1_IRQHandler                        0x080001b3   Thumb Code     0  startup_stm32f103xb.o(.text)
    USART2_IRQHandler                        0x080001b3   Thumb Code     0  startup_stm32f103xb.o(.text)
    USART3_IRQHandler                        0x080001b3   Thumb Code     0  startup_stm32f103xb.o(.text)
    USBWakeUp_IRQHandler                     0x080001b3   Thumb Code     0  startup_stm32f103xb.o(.text)
    USB_HP_CAN1_TX_IRQHandler                0x080001b3   Thumb Code     0  startup_stm32f103xb.o(.text)
    USB_LP_CAN1_RX0_IRQHandler               0x080001b3   Thumb Code     0  startup_stm32f103xb.o(.text)
    WWDG_IRQHandler                          0x080001b3   Thumb Code     0  startup_stm32f103xb.o(.text)
    __aeabi_llsr                             0x080001bd   Thumb Code    32  llushr.o(.text)
    _ll_ushift_r                             0x080001bd   Thumb Code     0  llushr.o(.text)
    __aeabi_memcpy                           0x080001dd   Thumb Code    36  memcpya.o(.text)
    __aeabi_memcpy4                          0x080001dd   Thumb Code     0  memcpya.o(.text)
    __aeabi_memcpy8                          0x080001dd   Thumb Code     0  memcpya.o(.text)
    __aeabi_memset                           0x08000201   Thumb Code    14  memseta.o(.text)
    __aeabi_memset4                          0x08000201   Thumb Code     0  memseta.o(.text)
    __aeabi_memset8                          0x08000201   Thumb Code     0  memseta.o(.text)
    __aeabi_memclr                           0x0800020f   Thumb Code     4  memseta.o(.text)
    __aeabi_memclr4                          0x0800020f   Thumb Code     0  memseta.o(.text)
    __aeabi_memclr8                          0x0800020f   Thumb Code     0  memseta.o(.text)
    memset                                   0x08000213   Thumb Code    18  memseta.o(.text)
    __scatterload                            0x08000225   Thumb Code    28  init.o(.text)
    __scatterload_rt2                        0x08000225   Thumb Code     0  init.o(.text)
    ADC_ConversionStop_Disable               0x08000249   Thumb Code    76  stm32f1xx_hal_adc.o(i.ADC_ConversionStop_Disable)
    ADC_DMAConvCplt                          0x08000295   Thumb Code    78  stm32f1xx_hal_adc.o(i.ADC_DMAConvCplt)
    ADC_DMAError                             0x080002e3   Thumb Code    26  stm32f1xx_hal_adc.o(i.ADC_DMAError)
    ADC_DMAHalfConvCplt                      0x080002fd   Thumb Code    10  stm32f1xx_hal_adc.o(i.ADC_DMAHalfConvCplt)
    ADC_Enable                               0x08000309   Thumb Code   104  stm32f1xx_hal_adc.o(i.ADC_Enable)
    BusFault_Handler                         0x08000379   Thumb Code     2  stm32f1xx_it.o(i.BusFault_Handler)
    Callback01                               0x0800037b   Thumb Code     2  main.o(i.Callback01)
    DMA1_Channel1_IRQHandler                 0x0800037d   Thumb Code     6  stm32f1xx_it.o(i.DMA1_Channel1_IRQHandler)
    DMA1_Channel2_IRQHandler                 0x08000389   Thumb Code     6  stm32f1xx_it.o(i.DMA1_Channel2_IRQHandler)
    DMA1_Channel3_IRQHandler                 0x08000395   Thumb Code     6  stm32f1xx_it.o(i.DMA1_Channel3_IRQHandler)
    DebugMon_Handler                         0x080003cb   Thumb Code     2  stm32f1xx_it.o(i.DebugMon_Handler)
    Error_Handler                            0x080003cd   Thumb Code     2  main.o(i.Error_Handler)
    FLASH_PageErase                          0x080003f5   Thumb Code    28  stm32f1xx_hal_flash_ex.o(i.FLASH_PageErase)
    FLASH_WaitForLastOperation               0x08000491   Thumb Code    80  stm32f1xx_hal_flash.o(i.FLASH_WaitForLastOperation)
    HAL_ADC_ConfigChannel                    0x080004e5   Thumb Code   240  stm32f1xx_hal_adc.o(i.HAL_ADC_ConfigChannel)
    HAL_ADC_ConvCpltCallback                 0x080005e1   Thumb Code     2  stm32f1xx_hal_adc.o(i.HAL_ADC_ConvCpltCallback)
    HAL_ADC_ConvHalfCpltCallback             0x080005e3   Thumb Code     2  stm32f1xx_hal_adc.o(i.HAL_ADC_ConvHalfCpltCallback)
    HAL_ADC_ErrorCallback                    0x080005e5   Thumb Code     2  stm32f1xx_hal_adc.o(i.HAL_ADC_ErrorCallback)
    HAL_ADC_Init                             0x080005e9   Thumb Code   272  stm32f1xx_hal_adc.o(i.HAL_ADC_Init)
    HAL_ADC_MspInit                          0x08000705   Thumb Code   122  stm32f1xx_hal_msp.o(i.HAL_ADC_MspInit)
    HAL_ADC_Start_DMA                        0x08000795   Thumb Code   246  stm32f1xx_hal_adc.o(i.HAL_ADC_Start_DMA)
    HAL_DMA_Abort_IT                         0x080008a1   Thumb Code   148  stm32f1xx_hal_dma.o(i.HAL_DMA_Abort_IT)
    HAL_DMA_IRQHandler                       0x08000939   Thumb Code   316  stm32f1xx_hal_dma.o(i.HAL_DMA_IRQHandler)
    HAL_DMA_Init                             0x08000a8d   Thumb Code    84  stm32f1xx_hal_dma.o(i.HAL_DMA_Init)
    HAL_DMA_Start_IT                         0x08000ae9   Thumb Code   112  stm32f1xx_hal_dma.o(i.HAL_DMA_Start_IT)
    HAL_FLASHEx_Erase                        0x08000b59   Thumb Code   160  stm32f1xx_hal_flash_ex.o(i.HAL_FLASHEx_Erase)
    HAL_FLASH_Lock                           0x08000c01   Thumb Code    14  stm32f1xx_hal_flash.o(i.HAL_FLASH_Lock)
    HAL_FLASH_Program                        0x08000c15   Thumb Code   120  stm32f1xx_hal_flash.o(i.HAL_FLASH_Program)
    HAL_FLASH_Unlock                         0x08000c95   Thumb Code    28  stm32f1xx_hal_flash.o(i.HAL_FLASH_Unlock)
    HAL_GPIO_Init                            0x08000cbd   Thumb Code   446  stm32f1xx_hal_gpio.o(i.HAL_GPIO_Init)
    HAL_GPIO_WritePin                        0x08000e9d   Thumb Code    10  stm32f1xx_hal_gpio.o(i.HAL_GPIO_WritePin)
    HAL_GetTick                              0x08000ea9   Thumb Code     6  stm32f1xx_hal.o(i.HAL_GetTick)
    HAL_IncTick                              0x08000eb5   Thumb Code    12  stm32f1xx_hal.o(i.HAL_IncTick)
    HAL_Init                                 0x08000ec5   Thumb Code    32  stm32f1xx_hal.o(i.HAL_Init)
    HAL_InitTick                             0x08000ee9   Thumb Code    98  stm32f1xx_hal_timebase_tim.o(i.HAL_InitTick)
    HAL_MspInit                              0x08000f5d   Thumb Code    62  stm32f1xx_hal_msp.o(i.HAL_MspInit)
    HAL_NVIC_EnableIRQ                       0x08000fa5   Thumb Code    26  stm32f1xx_hal_cortex.o(i.HAL_NVIC_EnableIRQ)
    HAL_NVIC_SetPriority                     0x08000fc1   Thumb Code    60  stm32f1xx_hal_cortex.o(i.HAL_NVIC_SetPriority)
    HAL_NVIC_SetPriorityGrouping             0x08001001   Thumb Code    26  stm32f1xx_hal_cortex.o(i.HAL_NVIC_SetPriorityGrouping)
    HAL_RCCEx_PeriphCLKConfig                0x08001025   Thumb Code   224  stm32f1xx_hal_rcc_ex.o(i.HAL_RCCEx_PeriphCLKConfig)
    HAL_RCC_ClockConfig                      0x08001111   Thumb Code   280  stm32f1xx_hal_rcc.o(i.HAL_RCC_ClockConfig)
    HAL_RCC_GetClockConfig                   0x0800123d   Thumb Code    54  stm32f1xx_hal_rcc.o(i.HAL_RCC_GetClockConfig)
    HAL_RCC_GetPCLK2Freq                     0x0800127d   Thumb Code    20  stm32f1xx_hal_rcc.o(i.HAL_RCC_GetPCLK2Freq)
    HAL_RCC_GetSysClockFreq                  0x0800129d   Thumb Code    74  stm32f1xx_hal_rcc.o(i.HAL_RCC_GetSysClockFreq)
    HAL_RCC_OscConfig                        0x08001309   Thumb Code   778  stm32f1xx_hal_rcc.o(i.HAL_RCC_OscConfig)
    HAL_SPI_ErrorCallback                    0x08001629   Thumb Code     2  stm32f1xx_hal_spi.o(i.HAL_SPI_ErrorCallback)
    HAL_SPI_IRQHandler                       0x0800162d   Thumb Code   220  stm32f1xx_hal_spi.o(i.HAL_SPI_IRQHandler)
    HAL_SPI_Init                             0x0800170d   Thumb Code   124  stm32f1xx_hal_spi.o(i.HAL_SPI_Init)
    HAL_SPI_MspInit                          0x08001789   Thumb Code   192  stm32f1xx_hal_msp.o(i.HAL_SPI_MspInit)
    HAL_SPI_TransmitReceive                  0x08001861   Thumb Code   482  stm32f1xx_hal_spi.o(i.HAL_SPI_TransmitReceive)
    HAL_TIMEx_BreakCallback                  0x08001a43   Thumb Code     2  stm32f1xx_hal_tim_ex.o(i.HAL_TIMEx_BreakCallback)
    HAL_TIMEx_CommutCallback                 0x08001a45   Thumb Code     2  stm32f1xx_hal_tim_ex.o(i.HAL_TIMEx_CommutCallback)
    HAL_TIMEx_MasterConfigSynchronization    0x08001a47   Thumb Code    66  stm32f1xx_hal_tim_ex.o(i.HAL_TIMEx_MasterConfigSynchronization)
    HAL_TIM_Base_Init                        0x08001a89   Thumb Code    54  stm32f1xx_hal_tim.o(i.HAL_TIM_Base_Init)
    HAL_TIM_Base_MspInit                     0x08001abf   Thumb Code     2  stm32f1xx_hal_tim.o(i.HAL_TIM_Base_MspInit)
    HAL_TIM_Base_Start_IT                    0x08001ac1   Thumb Code    34  stm32f1xx_hal_tim.o(i.HAL_TIM_Base_Start_IT)
    HAL_TIM_IC_CaptureCallback               0x08001ae3   Thumb Code     2  stm32f1xx_hal_tim.o(i.HAL_TIM_IC_CaptureCallback)
    HAL_TIM_IRQHandler                       0x08001ae5   Thumb Code   358  stm32f1xx_hal_tim.o(i.HAL_TIM_IRQHandler)
    HAL_TIM_MspPostInit                      0x08001c4d   Thumb Code   154  stm32f1xx_hal_msp.o(i.HAL_TIM_MspPostInit)
    HAL_TIM_OC_DelayElapsedCallback          0x08001d01   Thumb Code     2  stm32f1xx_hal_tim.o(i.HAL_TIM_OC_DelayElapsedCallback)
    HAL_TIM_PWM_ConfigChannel                0x08001d03   Thumb Code   208  stm32f1xx_hal_tim.o(i.HAL_TIM_PWM_ConfigChannel)
    HAL_TIM_PWM_Init                         0x08001dd3   Thumb Code    54  stm32f1xx_hal_tim.o(i.HAL_TIM_PWM_Init)
    HAL_TIM_PWM_MspInit                      0x08001e09   Thumb Code    74  stm32f1xx_hal_msp.o(i.HAL_TIM_PWM_MspInit)
    HAL_TIM_PWM_PulseFinishedCallback        0x08001e61   Thumb Code     2  stm32f1xx_hal_tim.o(i.HAL_TIM_PWM_PulseFinishedCallback)
    HAL_TIM_PWM_Start                        0x08001e65   Thumb Code    52  stm32f1xx_hal_tim.o(i.HAL_TIM_PWM_Start)
    HAL_TIM_PWM_Stop                         0x08001e9d   Thumb Code    78  stm32f1xx_hal_tim.o(i.HAL_TIM_PWM_Stop)
    HAL_TIM_PeriodElapsedCallback            0x08001ef1   Thumb Code    14  main.o(i.HAL_TIM_PeriodElapsedCallback)
    HAL_TIM_TriggerCallback                  0x08001f05   Thumb Code     2  stm32f1xx_hal_tim.o(i.HAL_TIM_TriggerCallback)
    HardFault_Handler                        0x08001f07   Thumb Code     2  stm32f1xx_it.o(i.HardFault_Handler)
    MemManage_Handler                        0x080021a1   Thumb Code     2  stm32f1xx_it.o(i.MemManage_Handler)
    NMI_Handler                              0x080021a3   Thumb Code     2  stm32f1xx_it.o(i.NMI_Handler)
    SPI1_IRQHandler                          0x080021a5   Thumb Code     6  stm32f1xx_it.o(i.SPI1_IRQHandler)
    StartDefaultTask                         0x08002275   Thumb Code   714  main.o(i.StartDefaultTask)
    StartTask02                              0x08002591   Thumb Code   190  main.o(i.StartTask02)
    StartTask03                              0x08002691   Thumb Code   178  main.o(i.StartTask03)
    SysTick_Handler                          0x08002751   Thumb Code    38  port.o(i.SysTick_Handler)
    SystemClock_Config                       0x0800277d   Thumb Code    96  main.o(i.SystemClock_Config)
    SystemInit                               0x080027dd   Thumb Code    56  system_stm32f1xx.o(i.SystemInit)
    TIM1_UP_IRQHandler                       0x08002825   Thumb Code     6  stm32f1xx_it.o(i.TIM1_UP_IRQHandler)
    TIM_Base_SetConfig                       0x08002831   Thumb Code    94  stm32f1xx_hal_tim.o(i.TIM_Base_SetConfig)
    TIM_CCxChannelCmd                        0x0800289d   Thumb Code    26  stm32f1xx_hal_tim.o(i.TIM_CCxChannelCmd)
    TIM_OC2_SetConfig                        0x08002909   Thumb Code    84  stm32f1xx_hal_tim.o(i.TIM_OC2_SetConfig)
    UsageFault_Handler                       0x08002a15   Thumb Code     2  stm32f1xx_it.o(i.UsageFault_Handler)
    __scatterload_copy                       0x08002a37   Thumb Code    14  handlers.o(i.__scatterload_copy)
    __scatterload_null                       0x08002a45   Thumb Code     2  handlers.o(i.__scatterload_null)
    __scatterload_zeroinit                   0x08002a47   Thumb Code    14  handlers.o(i.__scatterload_zeroinit)
    joysticTrRs                              0x08002a55   Thumb Code    74  main.o(i.joysticTrRs)
    joysticTransmition                       0x08002aa9   Thumb Code    70  main.o(i.joysticTransmition)
    main                                     0x08002af9   Thumb Code   226  main.o(i.main)
    osDelay                                  0x08002bfd   Thumb Code    46  cmsis_os2.o(i.osDelay)
    osKernelInitialize                       0x08002c31   Thumb Code    50  cmsis_os2.o(i.osKernelInitialize)
    osKernelStart                            0x08002c69   Thumb Code    58  cmsis_os2.o(i.osKernelStart)
    osMessageQueueGet                        0x08002ca9   Thumb Code   116  cmsis_os2.o(i.osMessageQueueGet)
    osMessageQueueNew                        0x08002d25   Thumb Code   110  cmsis_os2.o(i.osMessageQueueNew)
    osMessageQueuePut                        0x08002d99   Thumb Code   120  cmsis_os2.o(i.osMessageQueuePut)
    osThreadNew                              0x08002e19   Thumb Code   160  cmsis_os2.o(i.osThreadNew)
    osTimerNew                               0x08002ebd   Thumb Code   124  cmsis_os2.o(i.osTimerNew)
    pvPortMalloc                             0x080036c5   Thumb Code   210  heap_4.o(i.pvPortMalloc)
    pvTimerGetTimerID                        0x0800379d   Thumb Code    36  timers.o(i.pvTimerGetTimerID)
    pxPortInitialiseStack                    0x080037c1   Thumb Code    32  port.o(i.pxPortInitialiseStack)
    uxListRemove                             0x080037e5   Thumb Code    38  list.o(i.uxListRemove)
    vApplicationGetIdleTaskMemory            0x0800380d   Thumb Code    16  cmsis_os2.o(i.vApplicationGetIdleTaskMemory)
    vApplicationGetTimerTaskMemory           0x08003821   Thumb Code    18  cmsis_os2.o(i.vApplicationGetTimerTaskMemory)
    vListInitialise                          0x08003839   Thumb Code    22  list.o(i.vListInitialise)
    vListInitialiseItem                      0x0800384f   Thumb Code     6  list.o(i.vListInitialiseItem)
    vListInsert                              0x08003855   Thumb Code    48  list.o(i.vListInsert)
    vListInsertEnd                           0x08003885   Thumb Code    24  list.o(i.vListInsertEnd)
    vPortEnterCritical                       0x0800389d   Thumb Code    54  port.o(i.vPortEnterCritical)
    vPortExitCritical                        0x080038dd   Thumb Code    34  port.o(i.vPortExitCritical)
    vPortFree                                0x08003905   Thumb Code    88  heap_4.o(i.vPortFree)
    vPortSetupTimerInterrupt                 0x08003961   Thumb Code    32  port.o(i.vPortSetupTimerInterrupt)
    vPortValidateInterruptPriority           0x08003985   Thumb Code    74  port.o(i.vPortValidateInterruptPriority)
    vQueueAddToRegistry                      0x080039d9   Thumb Code    34  queue.o(i.vQueueAddToRegistry)
    vQueueWaitForMessageRestricted           0x08003a01   Thumb Code    68  queue.o(i.vQueueWaitForMessageRestricted)
    vTaskDelay                               0x08003a45   Thumb Code    66  tasks.o(i.vTaskDelay)
    vTaskInternalSetTimeOutState             0x08003a91   Thumb Code    12  tasks.o(i.vTaskInternalSetTimeOutState)
    vTaskMissedYield                         0x08003aa1   Thumb Code     8  tasks.o(i.vTaskMissedYield)
    vTaskPlaceOnEventList                    0x08003aad   Thumb Code    44  tasks.o(i.vTaskPlaceOnEventList)
    vTaskPlaceOnEventListRestricted          0x08003add   Thumb Code    52  tasks.o(i.vTaskPlaceOnEventListRestricted)
    vTaskStartScheduler                      0x08003b15   Thumb Code   118  tasks.o(i.vTaskStartScheduler)
    vTaskSuspendAll                          0x08003b9d   Thumb Code    10  tasks.o(i.vTaskSuspendAll)
    vTaskSwitchContext                       0x08003bad   Thumb Code    90  tasks.o(i.vTaskSwitchContext)
    xPortStartScheduler                      0x08003c11   Thumb Code   154  port.o(i.xPortStartScheduler)
    xQueueGenericCreate                      0x08003cb9   Thumb Code    72  queue.o(i.xQueueGenericCreate)
    xQueueGenericCreateStatic                0x08003d01   Thumb Code   102  queue.o(i.xQueueGenericCreateStatic)
    xQueueGenericReset                       0x08003d69   Thumb Code   132  queue.o(i.xQueueGenericReset)
    xQueueGenericSend                        0x08003df1   Thumb Code   346  queue.o(i.xQueueGenericSend)
    xQueueGenericSendFromISR                 0x08003f51   Thumb Code   188  queue.o(i.xQueueGenericSendFromISR)
    xQueueReceive                            0x0800400d   Thumb Code   308  queue.o(i.xQueueReceive)
    xQueueReceiveFromISR                     0x08004145   Thumb Code   154  queue.o(i.xQueueReceiveFromISR)
    xTaskCheckForTimeOut                     0x080041e1   Thumb Code   112  tasks.o(i.xTaskCheckForTimeOut)
    xTaskCreate                              0x08004255   Thumb Code    90  tasks.o(i.xTaskCreate)
    xTaskCreateStatic                        0x080042af   Thumb Code    86  tasks.o(i.xTaskCreateStatic)
    xTaskGetSchedulerState                   0x08004305   Thumb Code    22  tasks.o(i.xTaskGetSchedulerState)
    xTaskGetTickCount                        0x08004321   Thumb Code     6  tasks.o(i.xTaskGetTickCount)
    xTaskIncrementTick                       0x0800432d   Thumb Code   190  tasks.o(i.xTaskIncrementTick)
    xTaskPriorityDisinherit                  0x080043f5   Thumb Code   118  tasks.o(i.xTaskPriorityDisinherit)
    xTaskRemoveFromEventList                 0x08004475   Thumb Code    98  tasks.o(i.xTaskRemoveFromEventList)
    xTaskResumeAll                           0x080044e5   Thumb Code   182  tasks.o(i.xTaskResumeAll)
    xTimerCreate                             0x080045a9   Thumb Code    52  timers.o(i.xTimerCreate)
    xTimerCreateStatic                       0x080045dd   Thumb Code    46  timers.o(i.xTimerCreateStatic)
    xTimerCreateTimerTask                    0x0800460d   Thumb Code    78  timers.o(i.xTimerCreateTimerTask)
    xTimerGenericCommand                     0x0800466d   Thumb Code    98  timers.o(i.xTimerGenericCommand)
    defaultTask_attributes                   0x080046d4   Data          36  main.o(.constdata)
    myTask02_attributes                      0x080046f8   Data          36  main.o(.constdata)
    myTask03_attributes                      0x0800471c   Data          36  main.o(.constdata)
    myQueue01_attributes                     0x08004740   Data          24  main.o(.constdata)
    myQueue02_attributes                     0x08004758   Data          24  main.o(.constdata)
    myTimer01_attributes                     0x08004770   Data          16  main.o(.constdata)
    AHBPrescTable                            0x08004780   Data          16  system_stm32f1xx.o(.constdata)
    APBPrescTable                            0x08004790   Data           8  system_stm32f1xx.o(.constdata)
    Region$$Table$$Base                      0x080047e0   Number         0  anon$$obj.o(Region$$Table)
    Region$$Table$$Limit                     0x08004800   Number         0  anon$$obj.o(Region$$Table)
    dS                                       0x20000000   Data           1  main.o(.data)
    adc_val_max0                             0x20000002   Data           2  main.o(.data)
    adc_val_min0                             0x20000004   Data           2  main.o(.data)
    adc_val_max1                             0x20000006   Data           2  main.o(.data)
    adc_val_min1                             0x20000008   Data           2  main.o(.data)
    M0Speed                                  0x2000000a   Data           2  main.o(.data)
    M1Speed                                  0x2000000c   Data           2  main.o(.data)
    M0MaxSpeed                               0x2000000e   Data           2  main.o(.data)
    M1MaxSpeed                               0x20000010   Data           2  main.o(.data)
    M0MinSpeed                               0x20000012   Data           2  main.o(.data)
    M1MinSpeed                               0x20000014   Data           2  main.o(.data)
    timer                                    0x20000016   Data           2  main.o(.data)
    prev_timer                               0x20000018   Data           2  main.o(.data)
    var_write_to_flash                       0x2000001c   Data           4  main.o(.data)
    var_read_from_flash                      0x20000020   Data           4  main.o(.data)
    pageAdr                                  0x20000024   Data           4  main.o(.data)
    page_error                               0x20000028   Data           4  main.o(.data)
    abc                                      0x2000002c   Data           4  main.o(.data)
    S1                                       0x20000030   Data           4  main.o(.data)
    S2                                       0x20000034   Data           4  main.o(.data)
    S3                                       0x20000038   Data           4  main.o(.data)
    adc_val_f                                0x2000003c   Data           4  main.o(.data)
    adc_val                                  0x20000040   Data           4  main.o(.data)
    defaultTaskHandle                        0x20000044   Data           4  main.o(.data)
    myTask02Handle                           0x20000048   Data           4  main.o(.data)
    myTask03Handle                           0x2000004c   Data           4  main.o(.data)
    myQueue01Handle                          0x20000050   Data           4  main.o(.data)
    myQueue02Handle                          0x20000054   Data           4  main.o(.data)
    myTimer01Handle                          0x20000058   Data           4  main.o(.data)
    LPIN0                                    0x2000005c   Data           4  main.o(.data)
    LPIN1                                    0x20000060   Data           4  main.o(.data)
    LPACC0                                   0x20000064   Data           4  main.o(.data)
    LPACC1                                   0x20000068   Data           4  main.o(.data)
    txAnalogBuf                              0x2000006c   Data          21  main.o(.data)
    txVibroBuf                               0x20000081   Data          21  main.o(.data)
    uwTickFreq                               0x20000098   Data           1  stm32f1xx_hal.o(.data)
    uwTickPrio                               0x2000009c   Data           4  stm32f1xx_hal.o(.data)
    uwTick                                   0x200000a0   Data           4  stm32f1xx_hal.o(.data)
    SystemCoreClock                          0x200000a4   Data           4  system_stm32f1xx.o(.data)
    pxCurrentTCB                             0x200000a8   Data           4  tasks.o(.data)
    hadc1                                    0x20000120   Data          48  main.o(.bss)
    hspi1                                    0x20000150   Data          88  main.o(.bss)
    htim2                                    0x200001a8   Data          64  main.o(.bss)
    htim3                                    0x200001e8   Data          64  main.o(.bss)
    htim4                                    0x20000228   Data          64  main.o(.bss)
    hdma_adc1                                0x20000268   Data          68  main.o(.bss)
    hdma_spi1_rx                             0x200002ac   Data          68  main.o(.bss)
    hdma_spi1_tx                             0x200002f0   Data          68  main.o(.bss)
    htim1                                    0x20000334   Data          64  stm32f1xx_hal_timebase_tim.o(.bss)
    pFlash                                   0x20000378   Data          32  stm32f1xx_hal_flash.o(.bss)
    xQueueRegistry                           0x20000398   Data          64  queue.o(.bss)
    __initial_sp                             0x20004990   Data           0  startup_stm32f103xb.o(STACK)



==============================================================================

Memory Map of the image

  Image Entry point : 0x080000ed

  Load Region LR_IROM1 (Base: 0x08000000, Size: 0x00004920, Max: 0x00010000, ABSOLUTE)

    Execution Region ER_IROM1 (Exec base: 0x08000000, Load base: 0x08000000, Size: 0x00004800, Max: 0x00010000, ABSOLUTE)

    Exec Addr    Load Addr    Size         Type   Attr      Idx    E Section Name        Object

    0x08000000   0x08000000   0x000000ec   Data   RO            3    RESET               startup_stm32f103xb.o
    0x080000ec   0x080000ec   0x00000000   Code   RO         4668  * .ARM.Collect$$$$00000000  mc_w.l(entry.o)
    0x080000ec   0x080000ec   0x00000004   Code   RO         4681    .ARM.Collect$$$$00000001  mc_w.l(entry2.o)
    0x080000f0   0x080000f0   0x00000004   Code   RO         4684    .ARM.Collect$$$$00000004  mc_w.l(entry5.o)
    0x080000f4   0x080000f4   0x00000000   Code   RO         4686    .ARM.Collect$$$$00000008  mc_w.l(entry7b.o)
    0x080000f4   0x080000f4   0x00000000   Code   RO         4688    .ARM.Collect$$$$0000000A  mc_w.l(entry8b.o)
    0x080000f4   0x080000f4   0x00000008   Code   RO         4689    .ARM.Collect$$$$0000000B  mc_w.l(entry9a.o)
    0x080000fc   0x080000fc   0x00000000   Code   RO         4691    .ARM.Collect$$$$0000000D  mc_w.l(entry10a.o)
    0x080000fc   0x080000fc   0x00000000   Code   RO         4693    .ARM.Collect$$$$0000000F  mc_w.l(entry11a.o)
    0x080000fc   0x080000fc   0x00000004   Code   RO         4682    .ARM.Collect$$$$00002712  mc_w.l(entry2.o)
    0x08000100   0x08000100   0x00000096   Code   RO         4591    .emb_text           port.o
    0x08000196   0x08000196   0x00000002   PAD
    0x08000198   0x08000198   0x00000024   Code   RO            4    .text               startup_stm32f103xb.o
    0x080001bc   0x080001bc   0x00000020   Code   RO         4671    .text               mc_w.l(llushr.o)
    0x080001dc   0x080001dc   0x00000024   Code   RO         4673    .text               mc_w.l(memcpya.o)
    0x08000200   0x08000200   0x00000024   Code   RO         4677    .text               mc_w.l(memseta.o)
    0x08000224   0x08000224   0x00000024   Code   RO         4695    .text               mc_w.l(init.o)
    0x08000248   0x08000248   0x0000004c   Code   RO          513    i.ADC_ConversionStop_Disable  stm32f1xx_hal_adc.o
    0x08000294   0x08000294   0x0000004e   Code   RO          514    i.ADC_DMAConvCplt   stm32f1xx_hal_adc.o
    0x080002e2   0x080002e2   0x0000001a   Code   RO          515    i.ADC_DMAError      stm32f1xx_hal_adc.o
    0x080002fc   0x080002fc   0x0000000a   Code   RO          516    i.ADC_DMAHalfConvCplt  stm32f1xx_hal_adc.o
    0x08000306   0x08000306   0x00000002   PAD
    0x08000308   0x08000308   0x00000070   Code   RO          517    i.ADC_Enable        stm32f1xx_hal_adc.o
    0x08000378   0x08000378   0x00000002   Code   RO          283    i.BusFault_Handler  stm32f1xx_it.o
    0x0800037a   0x0800037a   0x00000002   Code   RO           13    i.Callback01        main.o
    0x0800037c   0x0800037c   0x0000000c   Code   RO          284    i.DMA1_Channel1_IRQHandler  stm32f1xx_it.o
    0x08000388   0x08000388   0x0000000c   Code   RO          285    i.DMA1_Channel2_IRQHandler  stm32f1xx_it.o
    0x08000394   0x08000394   0x0000000c   Code   RO          286    i.DMA1_Channel3_IRQHandler  stm32f1xx_it.o
    0x080003a0   0x080003a0   0x0000002a   Code   RO         1167    i.DMA_SetConfig     stm32f1xx_hal_dma.o
    0x080003ca   0x080003ca   0x00000002   Code   RO          287    i.DebugMon_Handler  stm32f1xx_it.o
    0x080003cc   0x080003cc   0x00000002   Code   RO           14    i.Error_Handler     main.o
    0x080003ce   0x080003ce   0x00000002   PAD
    0x080003d0   0x080003d0   0x00000024   Code   RO         1607    i.FLASH_MassErase   stm32f1xx_hal_flash_ex.o
    0x080003f4   0x080003f4   0x00000024   Code   RO         1612    i.FLASH_PageErase   stm32f1xx_hal_flash_ex.o
    0x08000418   0x08000418   0x0000001c   Code   RO         1504    i.FLASH_Program_HalfWord  stm32f1xx_hal_flash.o
    0x08000434   0x08000434   0x0000005c   Code   RO         1505    i.FLASH_SetErrorCode  stm32f1xx_hal_flash.o
    0x08000490   0x08000490   0x00000054   Code   RO         1506    i.FLASH_WaitForLastOperation  stm32f1xx_hal_flash.o
    0x080004e4   0x080004e4   0x000000fc   Code   RO          519    i.HAL_ADC_ConfigChannel  stm32f1xx_hal_adc.o
    0x080005e0   0x080005e0   0x00000002   Code   RO          520    i.HAL_ADC_ConvCpltCallback  stm32f1xx_hal_adc.o
    0x080005e2   0x080005e2   0x00000002   Code   RO          521    i.HAL_ADC_ConvHalfCpltCallback  stm32f1xx_hal_adc.o
    0x080005e4   0x080005e4   0x00000002   Code   RO          523    i.HAL_ADC_ErrorCallback  stm32f1xx_hal_adc.o
    0x080005e6   0x080005e6   0x00000002   PAD
    0x080005e8   0x080005e8   0x0000011c   Code   RO          528    i.HAL_ADC_Init      stm32f1xx_hal_adc.o
    0x08000704   0x08000704   0x00000090   Code   RO          372    i.HAL_ADC_MspInit   stm32f1xx_hal_msp.o
    0x08000794   0x08000794   0x0000010c   Code   RO          535    i.HAL_ADC_Start_DMA  stm32f1xx_hal_adc.o
    0x080008a0   0x080008a0   0x00000098   Code   RO         1169    i.HAL_DMA_Abort_IT  stm32f1xx_hal_dma.o
    0x08000938   0x08000938   0x00000154   Code   RO         1173    i.HAL_DMA_IRQHandler  stm32f1xx_hal_dma.o
    0x08000a8c   0x08000a8c   0x0000005c   Code   RO         1174    i.HAL_DMA_Init      stm32f1xx_hal_dma.o
    0x08000ae8   0x08000ae8   0x00000070   Code   RO         1178    i.HAL_DMA_Start_IT  stm32f1xx_hal_dma.o
    0x08000b58   0x08000b58   0x000000a8   Code   RO         1613    i.HAL_FLASHEx_Erase  stm32f1xx_hal_flash_ex.o
    0x08000c00   0x08000c00   0x00000014   Code   RO         1510    i.HAL_FLASH_Lock    stm32f1xx_hal_flash.o
    0x08000c14   0x08000c14   0x00000080   Code   RO         1515    i.HAL_FLASH_Program  stm32f1xx_hal_flash.o
    0x08000c94   0x08000c94   0x00000028   Code   RO         1517    i.HAL_FLASH_Unlock  stm32f1xx_hal_flash.o
    0x08000cbc   0x08000cbc   0x000001e0   Code   RO         1104    i.HAL_GPIO_Init     stm32f1xx_hal_gpio.o
    0x08000e9c   0x08000e9c   0x0000000a   Code   RO         1108    i.HAL_GPIO_WritePin  stm32f1xx_hal_gpio.o
    0x08000ea6   0x08000ea6   0x00000002   PAD
    0x08000ea8   0x08000ea8   0x0000000c   Code   RO          800    i.HAL_GetTick       stm32f1xx_hal.o
    0x08000eb4   0x08000eb4   0x00000010   Code   RO          806    i.HAL_IncTick       stm32f1xx_hal.o
    0x08000ec4   0x08000ec4   0x00000024   Code   RO          807    i.HAL_Init          stm32f1xx_hal.o
    0x08000ee8   0x08000ee8   0x00000074   Code   RO          438    i.HAL_InitTick      stm32f1xx_hal_timebase_tim.o
    0x08000f5c   0x08000f5c   0x00000048   Code   RO          373    i.HAL_MspInit       stm32f1xx_hal_msp.o
    0x08000fa4   0x08000fa4   0x0000001a   Code   RO         1264    i.HAL_NVIC_EnableIRQ  stm32f1xx_hal_cortex.o
    0x08000fbe   0x08000fbe   0x00000002   PAD
    0x08000fc0   0x08000fc0   0x00000040   Code   RO         1270    i.HAL_NVIC_SetPriority  stm32f1xx_hal_cortex.o
    0x08001000   0x08001000   0x00000024   Code   RO         1271    i.HAL_NVIC_SetPriorityGrouping  stm32f1xx_hal_cortex.o
    0x08001024   0x08001024   0x000000ec   Code   RO         1067    i.HAL_RCCEx_PeriphCLKConfig  stm32f1xx_hal_rcc_ex.o
    0x08001110   0x08001110   0x0000012c   Code   RO          964    i.HAL_RCC_ClockConfig  stm32f1xx_hal_rcc.o
    0x0800123c   0x0800123c   0x00000040   Code   RO          968    i.HAL_RCC_GetClockConfig  stm32f1xx_hal_rcc.o
    0x0800127c   0x0800127c   0x00000020   Code   RO          972    i.HAL_RCC_GetPCLK2Freq  stm32f1xx_hal_rcc.o
    0x0800129c   0x0800129c   0x0000006c   Code   RO          973    i.HAL_RCC_GetSysClockFreq  stm32f1xx_hal_rcc.o
    0x08001308   0x08001308   0x00000320   Code   RO          976    i.HAL_RCC_OscConfig  stm32f1xx_hal_rcc.o
    0x08001628   0x08001628   0x00000002   Code   RO         1771    i.HAL_SPI_ErrorCallback  stm32f1xx_hal_spi.o
    0x0800162a   0x0800162a   0x00000002   PAD
    0x0800162c   0x0800162c   0x000000e0   Code   RO         1774    i.HAL_SPI_IRQHandler  stm32f1xx_hal_spi.o
    0x0800170c   0x0800170c   0x0000007c   Code   RO         1775    i.HAL_SPI_Init      stm32f1xx_hal_spi.o
    0x08001788   0x08001788   0x000000d8   Code   RO          375    i.HAL_SPI_MspInit   stm32f1xx_hal_msp.o
    0x08001860   0x08001860   0x000001e2   Code   RO         1784    i.HAL_SPI_TransmitReceive  stm32f1xx_hal_spi.o
    0x08001a42   0x08001a42   0x00000002   Code   RO         2763    i.HAL_TIMEx_BreakCallback  stm32f1xx_hal_tim_ex.o
    0x08001a44   0x08001a44   0x00000002   Code   RO         2764    i.HAL_TIMEx_CommutCallback  stm32f1xx_hal_tim_ex.o
    0x08001a46   0x08001a46   0x00000042   Code   RO         2781    i.HAL_TIMEx_MasterConfigSynchronization  stm32f1xx_hal_tim_ex.o
    0x08001a88   0x08001a88   0x00000036   Code   RO         2088    i.HAL_TIM_Base_Init  stm32f1xx_hal_tim.o
    0x08001abe   0x08001abe   0x00000002   Code   RO         2090    i.HAL_TIM_Base_MspInit  stm32f1xx_hal_tim.o
    0x08001ac0   0x08001ac0   0x00000022   Code   RO         2093    i.HAL_TIM_Base_Start_IT  stm32f1xx_hal_tim.o
    0x08001ae2   0x08001ae2   0x00000002   Code   RO         2117    i.HAL_TIM_IC_CaptureCallback  stm32f1xx_hal_tim.o
    0x08001ae4   0x08001ae4   0x00000166   Code   RO         2131    i.HAL_TIM_IRQHandler  stm32f1xx_hal_tim.o
    0x08001c4a   0x08001c4a   0x00000002   PAD
    0x08001c4c   0x08001c4c   0x000000b4   Code   RO          376    i.HAL_TIM_MspPostInit  stm32f1xx_hal_msp.o
    0x08001d00   0x08001d00   0x00000002   Code   RO         2134    i.HAL_TIM_OC_DelayElapsedCallback  stm32f1xx_hal_tim.o
    0x08001d02   0x08001d02   0x000000d0   Code   RO         2155    i.HAL_TIM_PWM_ConfigChannel  stm32f1xx_hal_tim.o
    0x08001dd2   0x08001dd2   0x00000036   Code   RO         2158    i.HAL_TIM_PWM_Init  stm32f1xx_hal_tim.o
    0x08001e08   0x08001e08   0x00000058   Code   RO          378    i.HAL_TIM_PWM_MspInit  stm32f1xx_hal_msp.o
    0x08001e60   0x08001e60   0x00000002   Code   RO         2161    i.HAL_TIM_PWM_PulseFinishedCallback  stm32f1xx_hal_tim.o
    0x08001e62   0x08001e62   0x00000002   PAD
    0x08001e64   0x08001e64   0x00000038   Code   RO         2163    i.HAL_TIM_PWM_Start  stm32f1xx_hal_tim.o
    0x08001e9c   0x08001e9c   0x00000054   Code   RO         2166    i.HAL_TIM_PWM_Stop  stm32f1xx_hal_tim.o
    0x08001ef0   0x08001ef0   0x00000014   Code   RO           15    i.HAL_TIM_PeriodElapsedCallback  main.o
    0x08001f04   0x08001f04   0x00000002   Code   RO         2174    i.HAL_TIM_TriggerCallback  stm32f1xx_hal_tim.o
    0x08001f06   0x08001f06   0x00000002   Code   RO          288    i.HardFault_Handler  stm32f1xx_it.o
    0x08001f08   0x08001f08   0x00000054   Code   RO           16    i.MX_ADC1_Init      main.o
    0x08001f5c   0x08001f5c   0x000000cc   Code   RO           17    i.MX_GPIO_Init      main.o
    0x08002028   0x08002028   0x0000003c   Code   RO           18    i.MX_SPI1_Init      main.o
    0x08002064   0x08002064   0x00000060   Code   RO           19    i.MX_TIM2_Init      main.o
    0x080020c4   0x080020c4   0x00000078   Code   RO           20    i.MX_TIM3_Init      main.o
    0x0800213c   0x0800213c   0x00000064   Code   RO           21    i.MX_TIM4_Init      main.o
    0x080021a0   0x080021a0   0x00000002   Code   RO          289    i.MemManage_Handler  stm32f1xx_it.o
    0x080021a2   0x080021a2   0x00000002   Code   RO          290    i.NMI_Handler       stm32f1xx_it.o
    0x080021a4   0x080021a4   0x0000000c   Code   RO          291    i.SPI1_IRQHandler   stm32f1xx_it.o
    0x080021b0   0x080021b0   0x00000010   Code   RO         1802    i.SPI_DMAAbortOnError  stm32f1xx_hal_spi.o
    0x080021c0   0x080021c0   0x00000020   Code   RO         1813    i.SPI_EndRxTxTransaction  stm32f1xx_hal_spi.o
    0x080021e0   0x080021e0   0x00000094   Code   RO         1818    i.SPI_WaitFlagStateUntilTimeout  stm32f1xx_hal_spi.o
    0x08002274   0x08002274   0x0000031c   Code   RO           22    i.StartDefaultTask  main.o
    0x08002590   0x08002590   0x00000100   Code   RO           23    i.StartTask02       main.o
    0x08002690   0x08002690   0x000000c0   Code   RO           24    i.StartTask03       main.o
    0x08002750   0x08002750   0x0000002c   Code   RO         4592    i.SysTick_Handler   port.o
    0x0800277c   0x0800277c   0x00000060   Code   RO           25    i.SystemClock_Config  main.o
    0x080027dc   0x080027dc   0x00000048   Code   RO         3015    i.SystemInit        system_stm32f1xx.o
    0x08002824   0x08002824   0x0000000c   Code   RO          292    i.TIM1_UP_IRQHandler  stm32f1xx_it.o
    0x08002830   0x08002830   0x0000006c   Code   RO         2176    i.TIM_Base_SetConfig  stm32f1xx_hal_tim.o
    0x0800289c   0x0800289c   0x0000001a   Code   RO         2177    i.TIM_CCxChannelCmd  stm32f1xx_hal_tim.o
    0x080028b6   0x080028b6   0x00000002   PAD
    0x080028b8   0x080028b8   0x00000050   Code   RO         2189    i.TIM_OC1_SetConfig  stm32f1xx_hal_tim.o
    0x08002908   0x08002908   0x00000058   Code   RO         2190    i.TIM_OC2_SetConfig  stm32f1xx_hal_tim.o
    0x08002960   0x08002960   0x00000058   Code   RO         2191    i.TIM_OC3_SetConfig  stm32f1xx_hal_tim.o
    0x080029b8   0x080029b8   0x00000044   Code   RO         2192    i.TIM_OC4_SetConfig  stm32f1xx_hal_tim.o
    0x080029fc   0x080029fc   0x00000018   Code   RO         4120    i.TimerCallback     cmsis_os2.o
    0x08002a14   0x08002a14   0x00000002   Code   RO          293    i.UsageFault_Handler  stm32f1xx_it.o
    0x08002a16   0x08002a16   0x00000020   Code   RO         1277    i.__NVIC_SetPriority  stm32f1xx_hal_cortex.o
    0x08002a36   0x08002a36   0x0000000e   Code   RO         4699    i.__scatterload_copy  mc_w.l(handlers.o)
    0x08002a44   0x08002a44   0x00000002   Code   RO         4700    i.__scatterload_null  mc_w.l(handlers.o)
    0x08002a46   0x08002a46   0x0000000e   Code   RO         4701    i.__scatterload_zeroinit  mc_w.l(handlers.o)
    0x08002a54   0x08002a54   0x00000054   Code   RO           26    i.joysticTrRs       main.o
    0x08002aa8   0x08002aa8   0x00000050   Code   RO           27    i.joysticTransmition  main.o
    0x08002af8   0x08002af8   0x00000104   Code   RO           28    i.main              main.o
    0x08002bfc   0x08002bfc   0x00000034   Code   RO         4121    i.osDelay           cmsis_os2.o
    0x08002c30   0x08002c30   0x00000038   Code   RO         4135    i.osKernelInitialize  cmsis_os2.o
    0x08002c68   0x08002c68   0x00000040   Code   RO         4138    i.osKernelStart     cmsis_os2.o
    0x08002ca8   0x08002ca8   0x0000007c   Code   RO         4141    i.osMessageQueueGet  cmsis_os2.o
    0x08002d24   0x08002d24   0x00000074   Code   RO         4146    i.osMessageQueueNew  cmsis_os2.o
    0x08002d98   0x08002d98   0x00000080   Code   RO         4147    i.osMessageQueuePut  cmsis_os2.o
    0x08002e18   0x08002e18   0x000000a4   Code   RO         4172    i.osThreadNew       cmsis_os2.o
    0x08002ebc   0x08002ebc   0x00000084   Code   RO         4181    i.osTimerNew        cmsis_os2.o
    0x08002f40   0x08002f40   0x0000005c   Code   RO         3617    i.prvAddCurrentTaskToDelayedList  tasks.o
    0x08002f9c   0x08002f9c   0x000000d0   Code   RO         3618    i.prvAddNewTaskToReadyList  tasks.o
    0x0800306c   0x0800306c   0x00000058   Code   RO         3967    i.prvCheckForValidListAndQueue  timers.o
    0x080030c4   0x080030c4   0x00000026   Code   RO         3220    i.prvCopyDataFromQueue  queue.o
    0x080030ea   0x080030ea   0x0000006c   Code   RO         3221    i.prvCopyDataToQueue  queue.o
    0x08003156   0x08003156   0x00000034   Code   RO         3619    i.prvDeleteTCB      tasks.o
    0x0800318a   0x0800318a   0x00000002   PAD
    0x0800318c   0x0800318c   0x00000048   Code   RO         4542    i.prvHeapInit       heap_4.o
    0x080031d4   0x080031d4   0x00000060   Code   RO         3620    i.prvIdleTask       tasks.o
    0x08003234   0x08003234   0x00000022   Code   RO         3223    i.prvInitialiseNewQueue  queue.o
    0x08003256   0x08003256   0x0000009c   Code   RO         3621    i.prvInitialiseNewTask  tasks.o
    0x080032f2   0x080032f2   0x00000044   Code   RO         3968    i.prvInitialiseNewTimer  timers.o
    0x08003336   0x08003336   0x00000002   PAD
    0x08003338   0x08003338   0x0000004c   Code   RO         4543    i.prvInsertBlockIntoFreeList  heap_4.o
    0x08003384   0x08003384   0x00000038   Code   RO         3969    i.prvInsertTimerInActiveList  timers.o
    0x080033bc   0x080033bc   0x0000001c   Code   RO         3224    i.prvIsQueueEmpty   queue.o
    0x080033d8   0x080033d8   0x000000cc   Code   RO         3970    i.prvProcessReceivedCommands  timers.o
    0x080034a4   0x080034a4   0x000000b4   Code   RO         3971    i.prvProcessTimerOrBlockTask  timers.o
    0x08003558   0x08003558   0x00000020   Code   RO         3623    i.prvResetNextTaskUnblockTime  tasks.o
    0x08003578   0x08003578   0x00000028   Code   RO         3972    i.prvSampleTimeNow  timers.o
    0x080035a0   0x080035a0   0x0000006c   Code   RO         3973    i.prvSwitchTimerLists  timers.o
    0x0800360c   0x0800360c   0x00000028   Code   RO         4593    i.prvTaskExitError  port.o
    0x08003634   0x08003634   0x00000024   Code   RO         3974    i.prvTimerTask      timers.o
    0x08003658   0x08003658   0x0000006a   Code   RO         3225    i.prvUnlockQueue    queue.o
    0x080036c2   0x080036c2   0x00000002   PAD
    0x080036c4   0x080036c4   0x000000d8   Code   RO         4544    i.pvPortMalloc      heap_4.o
    0x0800379c   0x0800379c   0x00000024   Code   RO         3975    i.pvTimerGetTimerID  timers.o
    0x080037c0   0x080037c0   0x00000024   Code   RO         4594    i.pxPortInitialiseStack  port.o
    0x080037e4   0x080037e4   0x00000026   Code   RO         3180    i.uxListRemove      list.o
    0x0800380a   0x0800380a   0x00000002   PAD
    0x0800380c   0x0800380c   0x00000014   Code   RO         4184    i.vApplicationGetIdleTaskMemory  cmsis_os2.o
    0x08003820   0x08003820   0x00000018   Code   RO         4185    i.vApplicationGetTimerTaskMemory  cmsis_os2.o
    0x08003838   0x08003838   0x00000016   Code   RO         3181    i.vListInitialise   list.o
    0x0800384e   0x0800384e   0x00000006   Code   RO         3182    i.vListInitialiseItem  list.o
    0x08003854   0x08003854   0x00000030   Code   RO         3183    i.vListInsert       list.o
    0x08003884   0x08003884   0x00000018   Code   RO         3184    i.vListInsertEnd    list.o
    0x0800389c   0x0800389c   0x00000040   Code   RO         4596    i.vPortEnterCritical  port.o
    0x080038dc   0x080038dc   0x00000028   Code   RO         4597    i.vPortExitCritical  port.o
    0x08003904   0x08003904   0x0000005c   Code   RO         4545    i.vPortFree         heap_4.o
    0x08003960   0x08003960   0x00000024   Code   RO         4598    i.vPortSetupTimerInterrupt  port.o
    0x08003984   0x08003984   0x00000054   Code   RO         4599    i.vPortValidateInterruptPriority  port.o
    0x080039d8   0x080039d8   0x00000028   Code   RO         3231    i.vQueueAddToRegistry  queue.o
    0x08003a00   0x08003a00   0x00000044   Code   RO         3235    i.vQueueWaitForMessageRestricted  queue.o
    0x08003a44   0x08003a44   0x0000004c   Code   RO         3635    i.vTaskDelay        tasks.o
    0x08003a90   0x08003a90   0x00000010   Code   RO         3640    i.vTaskInternalSetTimeOutState  tasks.o
    0x08003aa0   0x08003aa0   0x0000000c   Code   RO         3641    i.vTaskMissedYield  tasks.o
    0x08003aac   0x08003aac   0x00000030   Code   RO         3643    i.vTaskPlaceOnEventList  tasks.o
    0x08003adc   0x08003adc   0x00000038   Code   RO         3644    i.vTaskPlaceOnEventListRestricted  tasks.o
    0x08003b14   0x08003b14   0x00000088   Code   RO         3652    i.vTaskStartScheduler  tasks.o
    0x08003b9c   0x08003b9c   0x00000010   Code   RO         3654    i.vTaskSuspendAll   tasks.o
    0x08003bac   0x08003bac   0x00000064   Code   RO         3655    i.vTaskSwitchContext  tasks.o
    0x08003c10   0x08003c10   0x000000a8   Code   RO         4600    i.xPortStartScheduler  port.o
    0x08003cb8   0x08003cb8   0x00000048   Code   RO         3240    i.xQueueGenericCreate  queue.o
    0x08003d00   0x08003d00   0x00000066   Code   RO         3241    i.xQueueGenericCreateStatic  queue.o
    0x08003d66   0x08003d66   0x00000002   PAD
    0x08003d68   0x08003d68   0x00000088   Code   RO         3242    i.xQueueGenericReset  queue.o
    0x08003df0   0x08003df0   0x00000160   Code   RO         3243    i.xQueueGenericSend  queue.o
    0x08003f50   0x08003f50   0x000000bc   Code   RO         3244    i.xQueueGenericSendFromISR  queue.o
    0x0800400c   0x0800400c   0x00000138   Code   RO         3253    i.xQueueReceive     queue.o
    0x08004144   0x08004144   0x0000009a   Code   RO         3254    i.xQueueReceiveFromISR  queue.o
    0x080041de   0x080041de   0x00000002   PAD
    0x080041e0   0x080041e0   0x00000074   Code   RO         3656    i.xTaskCheckForTimeOut  tasks.o
    0x08004254   0x08004254   0x0000005a   Code   RO         3657    i.xTaskCreate       tasks.o
    0x080042ae   0x080042ae   0x00000056   Code   RO         3658    i.xTaskCreateStatic  tasks.o
    0x08004304   0x08004304   0x0000001c   Code   RO         3662    i.xTaskGetSchedulerState  tasks.o
    0x08004320   0x08004320   0x0000000c   Code   RO         3663    i.xTaskGetTickCount  tasks.o
    0x0800432c   0x0800432c   0x000000c8   Code   RO         3665    i.xTaskIncrementTick  tasks.o
    0x080043f4   0x080043f4   0x00000080   Code   RO         3668    i.xTaskPriorityDisinherit  tasks.o
    0x08004474   0x08004474   0x00000070   Code   RO         3670    i.xTaskRemoveFromEventList  tasks.o
    0x080044e4   0x080044e4   0x000000c4   Code   RO         3671    i.xTaskResumeAll    tasks.o
    0x080045a8   0x080045a8   0x00000034   Code   RO         3979    i.xTimerCreate      timers.o
    0x080045dc   0x080045dc   0x0000002e   Code   RO         3980    i.xTimerCreateStatic  timers.o
    0x0800460a   0x0800460a   0x00000002   PAD
    0x0800460c   0x0800460c   0x00000060   Code   RO         3981    i.xTimerCreateTimerTask  timers.o
    0x0800466c   0x0800466c   0x00000068   Code   RO         3982    i.xTimerGenericCommand  timers.o
    0x080046d4   0x080046d4   0x000000ac   Data   RO           33    .constdata          main.o
    0x08004780   0x08004780   0x00000010   Data   RO         3016    .constdata          system_stm32f1xx.o
    0x08004790   0x08004790   0x00000008   Data   RO         3017    .constdata          system_stm32f1xx.o
    0x08004798   0x08004798   0x00000048   Data   RO           35    .conststring        main.o
    0x080047e0   0x080047e0   0x00000020   Data   RO         4697    Region$$Table       anon$$obj.o


    Execution Region RW_IRAM1 (Exec base: 0x20000000, Load base: 0x08004800, Size: 0x00004990, Max: 0x00005000, ABSOLUTE)

    Exec Addr    Load Addr    Size         Type   Attr      Idx    E Section Name        Object

    0x20000000   0x08004800   0x00000096   Data   RW           36    .data               main.o
    0x20000096   0x08004896   0x00000002   PAD
    0x20000098   0x08004898   0x0000000c   Data   RW          814    .data               stm32f1xx_hal.o
    0x200000a4   0x080048a4   0x00000004   Data   RW         3018    .data               system_stm32f1xx.o
    0x200000a8   0x080048a8   0x0000003c   Data   RW         3674    .data               tasks.o
    0x200000e4   0x080048e4   0x00000014   Data   RW         3990    .data               timers.o
    0x200000f8   0x080048f8   0x00000004   Data   RW         4187    .data               cmsis_os2.o
    0x200000fc   0x080048fc   0x00000018   Data   RW         4550    .data               heap_4.o
    0x20000114   0x08004914   0x0000000c   Data   RW         4601    .data               port.o
    0x20000120        -       0x00000148   Zero   RW           29    .bss                main.o
    0x20000268        -       0x00000044   Zero   RW           30    .bss                main.o
    0x200002ac        -       0x00000044   Zero   RW           31    .bss                main.o
    0x200002f0        -       0x00000044   Zero   RW           32    .bss                main.o
    0x20000334        -       0x00000040   Zero   RW          441    .bss                stm32f1xx_hal_timebase_tim.o
    0x20000374   0x08004920   0x00000004   PAD
    0x20000378        -       0x00000020   Zero   RW         1518    .bss                stm32f1xx_hal_flash.o
    0x20000398        -       0x00000040   Zero   RW         3257    .bss                queue.o
    0x200003d8        -       0x000004c4   Zero   RW         3673    .bss                tasks.o
    0x2000089c        -       0x00000118   Zero   RW         3989    .bss                timers.o
    0x200009b4        -       0x000006b8   Zero   RW         4186    .bss                cmsis_os2.o
    0x2000106c        -       0x00003520   Zero   RW         4549    .bss                heap_4.o
    0x2000458c   0x08004920   0x00000004   PAD
    0x20004590        -       0x00000400   Zero   RW            1    STACK               startup_stm32f103xb.o


==============================================================================

Image component sizes


      Code (inc. data)   RO Data    RW Data    ZI Data      Debug   Object Name

       904         62          0          4       1720      19339   cmsis_os2.o
         0          0          0          0          0      20104   event_groups.o
         0          0          0          0          0       2632   freertos.o
       456         22          0         24      13600       4595   heap_4.o
       138          0          0          0          0       3318   list.o
      2452        282        244        150        532     461611   main.o
       662         70          0         12          0      10665   port.o
      1738         20          0          0         64      19177   queue.o
        36          8        236          0       1024        788   startup_stm32f103xb.o
        64         14          0         12          0       4566   stm32f1xx_hal.o
      1112         54          0          0          0       8366   stm32f1xx_hal_adc.o
       158         14          0          0          0      28118   stm32f1xx_hal_cortex.o
       738         36          0          0          0       4246   stm32f1xx_hal_dma.o
       392         46          0          0         32       4630   stm32f1xx_hal_flash.o
       240         26          0          0          0       3197   stm32f1xx_hal_flash_ex.o
       490         34          0          0          0       2856   stm32f1xx_hal_gpio.o
       700         96          0          0          0       3964   stm32f1xx_hal_msp.o
      1304         98          0          0          0       5178   stm32f1xx_hal_rcc.o
       236         12          0          0          0       1356   stm32f1xx_hal_rcc_ex.o
      1028          4          0          0          0       6482   stm32f1xx_hal_spi.o
      1316         44          0          0          0      12886   stm32f1xx_hal_tim.o
        70          0          0          0          0       2301   stm32f1xx_hal_tim_ex.o
       116         18          0          0         64       1383   stm32f1xx_hal_timebase_tim.o
        72         30          0          0          0       4661   stm32f1xx_it.o
         0          0          0          0          0       8880   stream_buffer.o
        72         16         24          4          0       1147   system_stm32f1xx.o
      2064        170          0         60       1220      22924   tasks.o
      1114         82          0         20        280      29567   timers.o

    ----------------------------------------------------------------------
     17706       1258        536        288      18544     698937   Object Totals
         0          0         32          0          0          0   (incl. Generated)
        34          0          0          2          8          0   (incl. Padding)

    ----------------------------------------------------------------------

      Code (inc. data)   RO Data    RW Data    ZI Data      Debug   Library Member Name

         0          0          0          0          0          0   entry.o
         0          0          0          0          0          0   entry10a.o
         0          0          0          0          0          0   entry11a.o
         8          4          0          0          0          0   entry2.o
         4          0          0          0          0          0   entry5.o
         0          0          0          0          0          0   entry7b.o
         0          0          0          0          0          0   entry8b.o
         8          4          0          0          0          0   entry9a.o
        30          0          0          0          0          0   handlers.o
        36          8          0          0          0         68   init.o
        32          0          0          0          0         68   llushr.o
        36          0          0          0          0         68   memcpya.o
        36          0          0          0          0        108   memseta.o

    ----------------------------------------------------------------------
       190         16          0          0          0        312   Library Totals
         0          0          0          0          0          0   (incl. Padding)

    ----------------------------------------------------------------------

      Code (inc. data)   RO Data    RW Data    ZI Data      Debug   Library Name

       190         16          0          0          0        312   mc_w.l

    ----------------------------------------------------------------------
       190         16          0          0          0        312   Library Totals

    ----------------------------------------------------------------------

==============================================================================


      Code (inc. data)   RO Data    RW Data    ZI Data      Debug   

     17896       1274        536        288      18544     690145   Grand Totals
     17896       1274        536        288      18544     690145   ELF Image Totals
     17896       1274        536        288          0          0   ROM Totals

==============================================================================

    Total RO  Size (Code + RO Data)                18432 (  18.00kB)
    Total RW  Size (RW Data + ZI Data)             18832 (  18.39kB)
    Total ROM Size (Code + RO Data + RW Data)      18720 (  18.28kB)

==============================================================================

