<html>
<body>
<pre>
<h1>µVision Build Log</h1>
<h2>Tool Versions:</h2>
IDE-Version: µVision V5.27.1.0
Copyright (C) 2019 ARM Ltd and ARM Germany GmbH. All rights reserved.
License Information: Irina Mos, BMSTU, LIC=----
 
Tool Versions:
Toolchain:       MDK-Lite  Version: 5.27.1.0
Toolchain Path:  C:\Keil_v5\ARM\ARMCC\Bin
C Compiler:      Armcc.exe V5.06 update 6 (build 750)
Assembler:       Armasm.exe V5.06 update 6 (build 750)
Linker/Locator:  ArmLink.exe V5.06 update 6 (build 750)
Library Manager: ArmAr.exe V5.06 update 6 (build 750)
Hex Converter:   FromElf.exe V5.06 update 6 (build 750)
CPU DLL:         SARMCM3.DLL V5.27.1.0
Dialog DLL:      DCM.DLL V1.17.2.0
Target DLL:      STLink\ST-LINKIII-KEIL_SWO.dll V3.0.6.0
Dialog DLL:      TCM.DLL V1.36.1.0
 
<h2>Project:</h2>
C:\Users\User\Desktop\7cem\stm\12\29.12\5\MDK-ARM\spi_joystick.uvprojx
Project File Date:  12/29/2020

<h2>Output:</h2>
*** Using Compiler 'V5.06 update 6 (build 750)', folder: 'C:\Keil_v5\ARM\ARMCC\Bin'
Build target 'spi_joystick'
compiling main.c...
../Core/Src/main.c(666): warning:  #177-D: variable "t"  was declared but never referenced
    uint8_t t = 0;
../Core/Src/main.c(683): warning:  #177-D: variable "bufSize"  was declared but never referenced
  	uint8_t bufSize = 21;
../Core/Src/main.c(693): warning:  #177-D: variable "txBuf"  was declared but never referenced
  	uint8_t txBuf[5] = {0x01, 0x42, 0x00, 0xFF, 0xFF};
../Core/Src/main.c(713): warning:  #177-D: variable "rotate_time"  was declared but never referenced
  	float rotate_time = 10;
../Core/Src/main.c(889): warning:  #177-D: variable "txBuf"  was declared but never referenced
  	uint8_t txBuf[5] = {0x01, 0x42, 0x00, 0xFF, 0xFF};
../Core/Src/main.c: 5 warnings, 0 errors
linking...
Program Size: Code=17084 RO-data=488 RW-data=204 ZI-data=20268  
FromELF: creating hex file...
"spi_joystick\spi_joystick.axf" - 0 Error(s), 5 Warning(s).

<h2>Software Packages used:</h2>

Package Vendor: ARM
                http://www.keil.com/pack/ARM.CMSIS.5.7.0.pack
                ARM.CMSIS.5.7.0
                CMSIS (Cortex Microcontroller Software Interface Standard)
   * Component: CORE Version: 5.4.0

Package Vendor: Keil
                http://www.keil.com/pack/Keil.STM32F1xx_DFP.2.3.0.pack
                Keil.STM32F1xx_DFP.2.3.0
                STMicroelectronics STM32F1 Series Device Support, Drivers and Examples

<h2>Collection of Component include folders:</h2>
  .\RTE\_spi_joystick
  C:\Users\User\AppData\Local\Arm\Packs\ARM\CMSIS\5.7.0\CMSIS\Core\Include
  C:\Users\User\AppData\Local\Arm\Packs\Keil\STM32F1xx_DFP\2.3.0\Device\Include

<h2>Collection of Component Files used:</h2>

   * Component: ARM::CMSIS:CORE:5.4.0
Build Time Elapsed:  00:00:02
</pre>
</body>
</html>
